Archive member included to satisfy reference by file (symbol)

/home/efesxzc/intelFPGA_lite/19.1/nios2eds/bin/gnu/H-x86_64-pc-linux-gnu/bin/../lib/gcc/nios2-elf/8.3.1/mno-hw-mul/libgcc.a(lib2-divmod.o)
                              obj/default/./lm75.o (__udivsi3)
/home/efesxzc/intelFPGA_lite/19.1/nios2eds/bin/gnu/H-x86_64-pc-linux-gnu/bin/../lib/gcc/nios2-elf/8.3.1/mno-hw-mul/libgcc.a(lib2-mul.o)
                              obj/default/./lm75.o (__mulsi3)
/home/efesxzc/intelFPGA_lite/19.1/nios2eds/bin/gnu/H-x86_64-pc-linux-gnu/bin/../lib/gcc/nios2-elf/8.3.1/../../../../../H-x86_64-pc-linux-gnu/nios2-elf/lib/mno-hw-mul/libc.a(lib_a-memcmp.o)
                              obj/default/FreeRTOS/FreeRTOS-Plus-TCP/FreeRTOS_ARP.o (memcmp)
/home/efesxzc/intelFPGA_lite/19.1/nios2eds/bin/gnu/H-x86_64-pc-linux-gnu/bin/../lib/gcc/nios2-elf/8.3.1/../../../../../H-x86_64-pc-linux-gnu/nios2-elf/lib/mno-hw-mul/libc.a(lib_a-memcpy.o)
                              obj/default/FreeRTOS/FreeRTOS-Kernel/queue.o (memcpy)
/home/efesxzc/intelFPGA_lite/19.1/nios2eds/bin/gnu/H-x86_64-pc-linux-gnu/bin/../lib/gcc/nios2-elf/8.3.1/../../../../../H-x86_64-pc-linux-gnu/nios2-elf/lib/mno-hw-mul/libc.a(lib_a-memmove.o)
                              obj/default/FreeRTOS/FreeRTOS-Plus-TCP/FreeRTOS_IP.o (memmove)
/home/efesxzc/intelFPGA_lite/19.1/nios2eds/bin/gnu/H-x86_64-pc-linux-gnu/bin/../lib/gcc/nios2-elf/8.3.1/../../../../../H-x86_64-pc-linux-gnu/nios2-elf/lib/mno-hw-mul/libc.a(lib_a-memset.o)
                              obj/default/./telnet_server.o (memset)
/home/efesxzc/intelFPGA_lite/19.1/nios2eds/bin/gnu/H-x86_64-pc-linux-gnu/bin/../lib/gcc/nios2-elf/8.3.1/../../../../../H-x86_64-pc-linux-gnu/nios2-elf/lib/mno-hw-mul/libc.a(lib_a-printf.o)
                              obj/default/./lm75.o (printf)
/home/efesxzc/intelFPGA_lite/19.1/nios2eds/bin/gnu/H-x86_64-pc-linux-gnu/bin/../lib/gcc/nios2-elf/8.3.1/../../../../../H-x86_64-pc-linux-gnu/nios2-elf/lib/mno-hw-mul/libc.a(lib_a-puts.o)
                              obj/default/./main.o (puts)
/home/efesxzc/intelFPGA_lite/19.1/nios2eds/bin/gnu/H-x86_64-pc-linux-gnu/bin/../lib/gcc/nios2-elf/8.3.1/../../../../../H-x86_64-pc-linux-gnu/nios2-elf/lib/mno-hw-mul/libc.a(lib_a-rand.o)
                              obj/default/./main.o (rand)
/home/efesxzc/intelFPGA_lite/19.1/nios2eds/bin/gnu/H-x86_64-pc-linux-gnu/bin/../lib/gcc/nios2-elf/8.3.1/../../../../../H-x86_64-pc-linux-gnu/nios2-elf/lib/mno-hw-mul/libc.a(lib_a-snprintf.o)
                              obj/default/FreeRTOS/FreeRTOS-Plus-TCP/FreeRTOS_IP.o (snprintf)
/home/efesxzc/intelFPGA_lite/19.1/nios2eds/bin/gnu/H-x86_64-pc-linux-gnu/bin/../lib/gcc/nios2-elf/8.3.1/../../../../../H-x86_64-pc-linux-gnu/nios2-elf/lib/mno-hw-mul/libc.a(lib_a-sprintf.o)
                              obj/default/./CLI-Commands.o (sprintf)
/home/efesxzc/intelFPGA_lite/19.1/nios2eds/bin/gnu/H-x86_64-pc-linux-gnu/bin/../lib/gcc/nios2-elf/8.3.1/../../../../../H-x86_64-pc-linux-gnu/nios2-elf/lib/mno-hw-mul/libc.a(lib_a-strcpy.o)
                              obj/default/./CLI-Commands.o (strcpy)
/home/efesxzc/intelFPGA_lite/19.1/nios2eds/bin/gnu/H-x86_64-pc-linux-gnu/bin/../lib/gcc/nios2-elf/8.3.1/../../../../../H-x86_64-pc-linux-gnu/nios2-elf/lib/mno-hw-mul/libc.a(lib_a-strlen.o)
                              obj/default/./CLI-Commands.o (strlen)
/home/efesxzc/intelFPGA_lite/19.1/nios2eds/bin/gnu/H-x86_64-pc-linux-gnu/bin/../lib/gcc/nios2-elf/8.3.1/../../../../../H-x86_64-pc-linux-gnu/nios2-elf/lib/mno-hw-mul/libc.a(lib_a-strncmp.o)
                              obj/default/FreeRTOS/FreeRTOS-Plus-CLI/FreeRTOS_CLI.o (strncmp)
/home/efesxzc/intelFPGA_lite/19.1/nios2eds/bin/gnu/H-x86_64-pc-linux-gnu/bin/../lib/gcc/nios2-elf/8.3.1/../../../../../H-x86_64-pc-linux-gnu/nios2-elf/lib/mno-hw-mul/libc.a(lib_a-strncpy.o)
                              obj/default/FreeRTOS/FreeRTOS-Plus-CLI/FreeRTOS_CLI.o (strncpy)
/home/efesxzc/intelFPGA_lite/19.1/nios2eds/bin/gnu/H-x86_64-pc-linux-gnu/bin/../lib/gcc/nios2-elf/8.3.1/../../../../../H-x86_64-pc-linux-gnu/nios2-elf/lib/mno-hw-mul/libc.a(lib_a-svfprintf.o)
                              /home/efesxzc/intelFPGA_lite/19.1/nios2eds/bin/gnu/H-x86_64-pc-linux-gnu/bin/../lib/gcc/nios2-elf/8.3.1/../../../../../H-x86_64-pc-linux-gnu/nios2-elf/lib/mno-hw-mul/libc.a(lib_a-snprintf.o) (___svfprintf_internal_r)
/home/efesxzc/intelFPGA_lite/19.1/nios2eds/bin/gnu/H-x86_64-pc-linux-gnu/bin/../lib/gcc/nios2-elf/8.3.1/../../../../../H-x86_64-pc-linux-gnu/nios2-elf/lib/mno-hw-mul/libc.a(lib_a-vfprintf.o)
                              /home/efesxzc/intelFPGA_lite/19.1/nios2eds/bin/gnu/H-x86_64-pc-linux-gnu/bin/../lib/gcc/nios2-elf/8.3.1/../../../../../H-x86_64-pc-linux-gnu/nios2-elf/lib/mno-hw-mul/libc.a(lib_a-printf.o) (___vfprintf_internal_r)
/home/efesxzc/intelFPGA_lite/19.1/nios2eds/bin/gnu/H-x86_64-pc-linux-gnu/bin/../lib/gcc/nios2-elf/8.3.1/../../../../../H-x86_64-pc-linux-gnu/nios2-elf/lib/mno-hw-mul/libc.a(lib_a-wsetup.o)
[...]
Memory Configuration

Name             Origin             Length             Attributes
reset            0x0000000000800000 0x0000000000000020
RAM              0x0000000000800020 0x00000000007fffe0
*default*        0x0000000000000000 0xffffffffffffffff

Linker script and memory map

LOAD ../civ_001_bsp//obj/HAL/src/crt0.o
LOAD obj/default/./CLI-Commands.o
LOAD obj/default/./http_server.o
LOAD obj/default/./lm75.o
LOAD obj/default/./main.o
LOAD obj/default/./telnet_server.o
LOAD obj/default/FreeRTOS/FreeRTOS-Kernel/croutine.o
LOAD obj/default/FreeRTOS/FreeRTOS-Kernel/event_groups.o
LOAD obj/default/FreeRTOS/FreeRTOS-Kernel/list.o
LOAD obj/default/FreeRTOS/FreeRTOS-Kernel/portable/GCC/NiosII/port.o
LOAD obj/default/FreeRTOS/FreeRTOS-Kernel/portable/portTimer.o
LOAD obj/default/FreeRTOS/FreeRTOS-Kernel/queue.o
LOAD obj/default/FreeRTOS/FreeRTOS-Kernel/stream_buffer.o
LOAD obj/default/FreeRTOS/FreeRTOS-Kernel/tasks.o
LOAD obj/default/FreeRTOS/FreeRTOS-Kernel/timers.o
LOAD obj/default/FreeRTOS/FreeRTOS-Plus-CLI/FreeRTOS_CLI.o
LOAD obj/default/FreeRTOS/FreeRTOS-Plus-TCP/FreeRTOS_ARP.o
LOAD obj/default/FreeRTOS/FreeRTOS-Plus-TCP/FreeRTOS_DHCP.o
LOAD obj/default/FreeRTOS/FreeRTOS-Plus-TCP/FreeRTOS_DNS.o
LOAD obj/default/FreeRTOS/FreeRTOS-Plus-TCP/FreeRTOS_IP.o
LOAD obj/default/FreeRTOS/FreeRTOS-Plus-TCP/FreeRTOS_Sockets.o
LOAD obj/default/FreeRTOS/FreeRTOS-Plus-TCP/FreeRTOS_Stream_Buffer.o
LOAD obj/default/FreeRTOS/FreeRTOS-Plus-TCP/FreeRTOS_TCP_IP.o
LOAD obj/default/FreeRTOS/FreeRTOS-Plus-TCP/FreeRTOS_TCP_WIN.o
LOAD obj/default/FreeRTOS/FreeRTOS-Plus-TCP/FreeRTOS_UDP_IP.o
LOAD obj/default/FreeRTOS/FreeRTOS-Plus-TCP/portable/NetworkInterface/ENC28J60/NetworkInterface.o
LOAD obj/default/FreeRTOS/FreeRTOS-Plus-TCP/portable/NetworkInterface/ENC28J60/enc.o
LOAD obj/default/FreeRTOS/FreeRTOS-Kernel/portable/MemMang/heap_4.o
LOAD obj/default/FreeRTOS/FreeRTOS-Plus-TCP/portable/BufferManagement/BufferAllocation_1.o
LOAD obj/default/FreeRTOS/FreeRTOS-Kernel/portable/GCC/NiosII/port_asm.o
LOAD /home/efesxzc/intelFPGA_lite/19.1/nios2eds/bin/gnu/H-x86_64-pc-linux-gnu/bin/../lib/gcc/nios2-elf/8.3.1/../../../../../H-x86_64-pc-linux-gnu/nios2-elf/lib/mno-hw-mul/libstdc++.a
LOAD /home/efesxzc/intelFPGA_lite/19.1/nios2eds/bin/gnu/H-x86_64-pc-linux-gnu/bin/../lib/gcc/nios2-elf/8.3.1/../../../../../H-x86_64-pc-linux-gnu/nios2-elf/lib/mno-hw-mul/libm.a
LOAD /home/efesxzc/intelFPGA_lite/19.1/nios2eds/bin/gnu/H-x86_64-pc-linux-gnu/bin/../lib/gcc/nios2-elf/8.3.1/mno-hw-mul/libgcc.a
START GROUP
LOAD /home/efesxzc/intelFPGA_lite/19.1/nios2eds/bin/gnu/H-x86_64-pc-linux-gnu/bin/../lib/gcc/nios2-elf/8.3.1/../../../../../H-x86_64-pc-linux-gnu/nios2-elf/lib/mno-hw-mul/libc.a
LOAD /home/efesxzc/intelFPGA_lite/19.1/nios2eds/bin/gnu/H-x86_64-pc-linux-gnu/bin/../lib/gcc/nios2-elf/8.3.1/mno-hw-mul/libgcc.a
LOAD ../civ_001_bsp//libhal_bsp.a
LOAD /home/efesxzc/intelFPGA_lite/19.1/nios2eds/bin/gnu/H-x86_64-pc-linux-gnu/bin/../lib/gcc/nios2-elf/8.3.1/../../../../../H-x86_64-pc-linux-gnu/nios2-elf/lib/mno-hw-mul/libm.a
END GROUP
LOAD /home/efesxzc/intelFPGA_lite/19.1/nios2eds/bin/gnu/H-x86_64-pc-linux-gnu/bin/../lib/gcc/nios2-elf/8.3.1/mno-hw-mul/libgcc.a
                0x0000000000800000                __alt_mem_RAM = 0x800000

.entry          0x0000000000800000       0x20
 *(.entry)
 .entry         0x0000000000800000       0x20 ../civ_001_bsp//obj/HAL/src/crt0.o
                0x0000000000800000                __reset

.exceptions     0x0000000000800020      0x228
                0x0000000000800020                PROVIDE (__ram_exceptions_start = ABSOLUTE (.))
                0x0000000000800020                . = ALIGN (0x20)
 *(.irq)
 *(.exceptions.entry.label)
 *(.exceptions.entry.user)
 *(.exceptions.entry.ecc_fatal)
 *(.exceptions.entry)
 .exceptions.entry
                0x0000000000800020       0x8c obj/default/FreeRTOS/FreeRTOS-Kernel/portable/GCC/NiosII/port_asm.o
 *(.exceptions.irqtest.user)
 *(.exceptions.irqtest)
 .exceptions.irqtest
                0x00000000008000ac       0x14 obj/default/FreeRTOS/FreeRTOS-Kernel/portable/GCC/NiosII/port_asm.o
 *(.exceptions.irqhandler.user)
 *(.exceptions.irqhandler)
 .exceptions.irqhandler
                0x00000000008000c0        0x4 obj/default/FreeRTOS/FreeRTOS-Kernel/portable/GCC/NiosII/port_asm.o
 *(.exceptions.irqreturn.user)
 *(.exceptions.irqreturn)
 .exceptions.irqreturn
                0x00000000008000c4       0x8c obj/default/FreeRTOS/FreeRTOS-Kernel/portable/GCC/NiosII/port_asm.o
                0x00000000008000c4                restore_sp_from_pxCurrentTCB
 *(.exceptions.notirq.label)
 *(.exceptions.notirq.user)
 *(.exceptions.notirq)
 *(.exceptions.soft.user)
 *(.exceptions.soft)
 .exceptions.soft
                0x0000000000800150       0x2c obj/default/FreeRTOS/FreeRTOS-Kernel/portable/GCC/NiosII/port_asm.o
 *(.exceptions.unknown.user)
 *(.exceptions.unknown)
 *(.exceptions.exit.label)
 *(.exceptions.exit.user)
 *(.exceptions.exit)
 *(.exceptions)
 .exceptions    0x000000000080017c       0xcc ../civ_001_bsp//libhal_bsp.a(alt_irq_handler.o)
                0x000000000080017c                alt_irq_handler
                0x0000000000800248                PROVIDE (__ram_exceptions_end = ABSOLUTE (.))
                0x0000000000800020                PROVIDE (__flash_exceptions_start = LOADADDR (.exceptions))

.text           0x0000000000800248    0x2c5a8
                [!provide]                        PROVIDE (stext = ABSOLUTE (.))
 *(.interp)
 *(.hash)
 *(.dynsym)
 *(.dynstr)
 *(.gnu.version)
 *(.gnu.version_d)
 *(.gnu.version_r)
 *(.rel.init)
 *(.rela.init)
 *(.rel.text .rel.text.* .rel.gnu.linkonce.t.*)
 *(.rela.text .rela.text.* .rela.gnu.linkonce.t.*)
 *(.rel.fini)
 *(.rela.fini)
 *(.rel.rodata .rel.rodata.* .rel.gnu.linkonce.r.*)
 *(.rela.rodata .rela.rodata.* .rela.gnu.linkonce.r.*)
 *(.rel.data .rel.data.* .rel.gnu.linkonce.d.*)
 *(.rela.data .rela.data.* .rela.gnu.linkonce.d.*)
 *(.rel.tdata .rel.tdata.* .rel.gnu.linkonce.td.*)
 *(.rela.tdata .rela.tdata.* .rela.gnu.linkonce.td.*)
 *(.rel.tbss .rel.tbss.* .rel.gnu.linkonce.tb.*)
 *(.rela.tbss .rela.tbss.* .rela.gnu.linkonce.tb.*)
 *(.rel.ctors)
 *(.rela.ctors)
 *(.rel.dtors)
 *(.rela.dtors)
 *(.rel.got)
 *(.rela.got)
 *(.rel.sdata .rel.sdata.* .rel.gnu.linkonce.s.*)
 *(.rela.sdata .rela.sdata.* .rela.gnu.linkonce.s.*)
 *(.rel.sbss .rel.sbss.* .rel.gnu.linkonce.sb.*)
 *(.rela.sbss .rela.sbss.* .rela.gnu.linkonce.sb.*)
 *(.rel.sdata2 .rel.sdata2.* .rel.gnu.linkonce.s2.*)
 *(.rela.sdata2 .rela.sdata2.* .rela.gnu.linkonce.s2.*)
 *(.rel.sbss2 .rel.sbss2.* .rel.gnu.linkonce.sb2.*)
 *(.rela.sbss2 .rela.sbss2.* .rela.gnu.linkonce.sb2.*)
 *(.rel.bss .rel.bss.* .rel.gnu.linkonce.b.*)
 *(.rela.bss .rela.bss.* .rela.gnu.linkonce.b.*)
 *(.rel.plt)
 *(.rela.plt)
 *(.rel.dyn)
 *(.init)
 *(.plt)
 *(.text .stub .text.* .gnu.linkonce.t.*)
 .text          0x0000000000800248       0x3c ../civ_001_bsp//obj/HAL/src/crt0.o
                0x0000000000800248                _start
 .text          0x0000000000800284      0x3ac obj/default/./CLI-Commands.o
                0x00000000008005cc                vRegisterCLICommands
 .text          0x0000000000800630      0x1e0 obj/default/./http_server.o
                0x0000000000800630                vStartHTTPServer
 .text          0x0000000000800810      0x1a0 obj/default/./lm75.o
                0x0000000000800810                set_poll_period
                0x0000000000800840                get_temp
                0x0000000000800864                temp_getI2CStatus
                0x0000000000800884                prvTempTask
                0x000000000080094c                vStartTempChecking
 .text          0x00000000008009b0      0x244 obj/default/./main.o
                0x00000000008009b0                vApplicationStackOverflowHook
                0x00000000008009ec                main
                0x0000000000800a38                vApplicationIPNetworkEventHook
                0x0000000000800a94                vApplicationMallocFailedHook
                0x0000000000800adc                vLoggingPrintf
                0x0000000000800b1c                xApplicationGetRandomNumber
                0x0000000000800b48                ulApplicationGetNextSequenceNumber
                0x0000000000800b88                ulDNSHandlePacket
                0x0000000000800bac                vApplicationGetIdleTaskMemory
 .text          0x0000000000800bf4      0x334 obj/default/./telnet_server.o
                0x0000000000800bf4                vStartTelnetServer
 .text          0x0000000000800f28        0x0 obj/default/FreeRTOS/FreeRTOS-Kernel/croutine.o
 .text          0x0000000000800f28      0x77c obj/default/FreeRTOS/FreeRTOS-Kernel/event_groups.o
                0x0000000000800f28                xEventGroupCreate
                0x0000000000800f7c                xEventGroupSync
                0x0000000000801100                xEventGroupWaitBits
                0x00000000008012a8                xEventGroupClearBits
                0x0000000000801310                xEventGroupGetBitsFromISR
                0x000000000080134c                xEventGroupSetBits
                0x00000000008014cc                vEventGroupDelete
                0x0000000000801540                vEventGroupSetBitsCallback
                0x000000000080157c                vEventGroupClearBitsCallback
                0x0000000000801628                uxEventGroupGetNumber
                0x0000000000801670                vEventGroupSetNumber
 .text          0x00000000008016a4      0x290 obj/default/FreeRTOS/FreeRTOS-Kernel/list.o
                0x00000000008016a4                vListInitialise
                0x000000000080170c                vListInitialiseItem
                0x0000000000801738                vListInsertEnd
                0x00000000008017c4                vListInsert
                0x000000000080189c                uxListRemove
 .text          0x0000000000801934      0x398 obj/default/FreeRTOS/FreeRTOS-Kernel/portable/GCC/NiosII/port.o
                0x0000000000801960                pxPortInitialiseStack
                0x0000000000801a40                xPortStartScheduler
                0x0000000000801a78                vPortEndScheduler
                0x0000000000801b20                vPortSysTickHandler
                0x0000000000801b68                alt_irq_register
 .text          0x0000000000801ccc       0x9c obj/default/FreeRTOS/FreeRTOS-Kernel/portable/portTimer.o
                0x0000000000801ccc                vConfigureTimerForRunTimeStats
                0x0000000000801d10                vTaskGetTimestamp
 .text          0x0000000000801d68     0x1518 obj/default/FreeRTOS/FreeRTOS-Kernel/queue.o
                0x0000000000801d68                xQueueGenericReset
                0x0000000000801e94                xQueueGenericCreate
                0x000000000080201c                xQueueCreateMutex
                0x0000000000802078                xQueueGiveMutexRecursive
                0x0000000000802108                xQueueTakeMutexRecursive
                0x00000000008021a4                xQueueCreateCountingSemaphore
                0x00000000008021fc                xQueueGenericSend
                0x00000000008023b0                xQueueGenericSendFromISR
                0x00000000008024a4                xQueueGiveFromISR
                0x0000000000802580                xQueueReceive
                0x0000000000802728                xQueueSemaphoreTake
                0x0000000000802938                xQueuePeek
                0x0000000000802ae8                xQueueReceiveFromISR
                0x0000000000802bcc                xQueuePeekFromISR
                0x0000000000802c48                uxQueueMessagesWaiting
                0x0000000000802c88                uxQueueSpacesAvailable
                0x0000000000802cdc                uxQueueMessagesWaitingFromISR
                0x0000000000802d14                vQueueDelete
                0x0000000000802d50                uxQueueGetQueueNumber
                0x0000000000802d78                vQueueSetQueueNumber
                0x0000000000802dac                ucQueueGetQueueType
                0x0000000000803190                xQueueIsQueueEmptyFromISR
                0x0000000000803230                xQueueIsQueueFullFromISR
 .text          0x0000000000803280      0xfbc obj/default/FreeRTOS/FreeRTOS-Kernel/stream_buffer.o
                0x0000000000803280                xStreamBufferGenericCreate
                0x0000000000803340                vStreamBufferDelete
                0x00000000008033a4                xStreamBufferReset
                0x0000000000803458                xStreamBufferSetTriggerLevel
                0x00000000008034c4                xStreamBufferSpacesAvailable
                0x000000000080354c                xStreamBufferBytesAvailable
                0x000000000080358c                xStreamBufferSend
                0x0000000000803758                xStreamBufferSendFromISR
                0x0000000000803920                xStreamBufferReceive
                0x0000000000803a88                xStreamBufferNextMessageLengthBytes
                0x0000000000803b30                xStreamBufferReceiveFromISR
                0x0000000000803cd4                xStreamBufferIsEmpty
                0x0000000000803d2c                xStreamBufferIsFull
                0x0000000000803da8                xStreamBufferSendCompletedFromISR
                0x0000000000803e30                xStreamBufferReceiveCompletedFromISR
                0x00000000008041b4                uxStreamBufferGetStreamBufferNumber
                0x00000000008041dc                vStreamBufferSetStreamBufferNumber
                0x0000000000804210                ucStreamBufferGetStreamBufferType
 .text          0x000000000080423c     0x3130 obj/default/FreeRTOS/FreeRTOS-Kernel/tasks.o
                0x000000000080423c                xTaskCreate
                0x000000000080462c                vTaskDelete
                0x0000000000804714                xTaskDelayUntil
                0x0000000000804804                vTaskDelay
                0x0000000000804860                eTaskGetState
                0x0000000000804994                uxTaskPriorityGet
                0x00000000008049ec                uxTaskPriorityGetFromISR
                0x0000000000804a38                vTaskPrioritySet
                0x0000000000804bf8                vTaskSuspend
                0x0000000000804d88                vTaskResume
                0x0000000000804e60                xTaskResumeFromISR
                0x0000000000804f54                vTaskStartScheduler
                0x0000000000804fe8                vTaskEndScheduler
                0x0000000000805030                vTaskSuspendAll
                0x000000000080505c                xTaskResumeAll
                0x00000000008051b8                xTaskGetTickCount
                0x00000000008051e0                xTaskGetTickCountFromISR
                0x000000000080520c                uxTaskGetNumberOfTasks
                0x000000000080522c                pcTaskGetName
                0x000000000080526c                uxTaskGetSystemState
                0x0000000000805430                xTaskCatchUpTicks
                0x0000000000805478                xTaskIncrementTick
                0x000000000080563c                vTaskSwitchContext
                0x0000000000805758                vTaskPlaceOnEventList
                0x00000000008057a8                vTaskPlaceOnUnorderedEventList
                0x000000000080580c                xTaskRemoveFromEventList
                0x000000000080590c                vTaskRemoveFromUnorderedEventList
                0x00000000008059e0                vTaskSetTimeOutState
                0x0000000000805a2c                vTaskInternalSetTimeOutState
                0x0000000000805a68                xTaskCheckForTimeOut
                0x0000000000805b50                vTaskMissedYield
                0x0000000000805b78                uxTaskGetTaskNumber
                0x0000000000805bc0                vTaskSetTaskNumber
                0x0000000000805d5c                vTaskGetInfo
                0x0000000000806048                uxTaskGetStackHighWaterMark
                0x0000000000806134                xTaskGetCurrentTaskHandle
                0x000000000080615c                xTaskPriorityInherit
                0x00000000008062bc                xTaskPriorityDisinherit
                0x00000000008063c4                vTaskPriorityDisinheritAfterTimeout
                0x0000000000806520                vTaskEnterCritical
                0x0000000000806574                vTaskExitCritical
                0x0000000000806664                vTaskList
                0x0000000000806868                uxTaskResetEventItemValue
                0x00000000008068ac                pvTaskIncrementMutexHeldCount
                0x00000000008068e4                ulTaskGenericNotifyTake
                0x00000000008069e8                xTaskGenericNotifyWait
                0x0000000000806b4c                xTaskGenericNotify
                0x0000000000806d80                xTaskGenericNotifyFromISR
                0x0000000000806fec                vTaskGenericNotifyGiveFromISR
                0x000000000080714c                xTaskGenericNotifyStateClear
                0x00000000008071d8                ulTaskGenericNotifyValueClear
 .text          0x000000000080736c        0x0 obj/default/FreeRTOS/FreeRTOS-Kernel/timers.o
 .text          0x000000000080736c      0x508 obj/default/FreeRTOS/FreeRTOS-Plus-CLI/FreeRTOS_CLI.o
                0x000000000080736c                FreeRTOS_CLIRegisterCommand
                0x00000000008073e8                FreeRTOS_CLIProcessCommand
                0x000000000080759c                FreeRTOS_CLIGetOutputBuffer
                0x00000000008075bc                FreeRTOS_CLIGetParameter
 .text          0x0000000000807874      0xea8 obj/default/FreeRTOS/FreeRTOS-Plus-TCP/FreeRTOS_ARP.o
                0x00000000008078bc                eARPProcessPacket
                0x0000000000807b78                vARPRefreshCacheEntry
                0x0000000000807ed4                eARPGetCacheEntry
                0x0000000000808138                vARPAgeCache
                0x000000000080831c                vARPSendGratuitous
                0x0000000000808350                FreeRTOS_OutputARPRequest
                0x00000000008083ec                vARPGenerateRequestPacket
                0x0000000000808558                FreeRTOS_ClearARP
                0x0000000000808594                xCheckLoopback
                0x0000000000808680                FreeRTOS_PrintARPCache
 .text          0x000000000080871c        0x0 obj/default/FreeRTOS/FreeRTOS-Plus-TCP/FreeRTOS_DHCP.o
 .text          0x000000000080871c        0x0 obj/default/FreeRTOS/FreeRTOS-Plus-TCP/FreeRTOS_DNS.o
 .text          0x000000000080871c     0x2b44 obj/default/FreeRTOS/FreeRTOS-Plus-TCP/FreeRTOS_IP.o
                0x0000000000808b00                xIsCallingFromIPTask
                0x0000000000808e38                FreeRTOS_NetworkDown
                0x0000000000808e88                FreeRTOS_NetworkDownFromISR
                0x0000000000808ee8                FreeRTOS_GetUDPPayloadBuffer
                0x0000000000808f7c                pxDuplicateNetworkBufferWithDescriptor
                0x000000000080909c                pxUDPPayloadBuffer_to_NetworkBuffer
                0x00000000008090d0                FreeRTOS_ReleaseUDPPayloadBuffer
                0x000000000080910c                FreeRTOS_IPInit
                0x00000000008093d8                FreeRTOS_GetAddressConfiguration
                0x0000000000809468                FreeRTOS_SetAddressConfiguration
                0x00000000008094f8                xSendEventToIPTask
                0x0000000000809540                xSendEventStructToIPTask
                0x0000000000809640                eConsiderFrameForProcessing
                0x000000000080979c                vIPNetworkUpCalls
                0x0000000000809924                xIsIPv4Multicast
                0x00000000008099a8                vSetMultiCastIPv4MacAddress
                0x000000000080a2dc                usGenerateProtocolChecksum
                0x000000000080a8f8                usGenerateChecksum
                0x000000000080ac34                vReturnEthernetFrame
                0x000000000080acd0                FreeRTOS_GetIPAddress
                0x000000000080acf4                FreeRTOS_SetIPAddress
                0x000000000080ad24                FreeRTOS_GetGatewayAddress
                0x000000000080ad48                FreeRTOS_GetDNSServerAddress
                0x000000000080ad6c                FreeRTOS_GetNetmask
                0x000000000080ad90                FreeRTOS_UpdateMACAddress
                0x000000000080add0                FreeRTOS_GetMACAddress
                0x000000000080adf4                FreeRTOS_SetNetmask
                0x000000000080ae24                FreeRTOS_SetGatewayAddress
                0x000000000080ae54                xIPIsNetworkTaskReady
                0x000000000080ae74                FreeRTOS_IsNetworkUp
                0x000000000080ae94                FreeRTOS_strerror_r
 .text          0x000000000080b260     0x4198 obj/default/FreeRTOS/FreeRTOS-Plus-TCP/FreeRTOS_Sockets.o
                0x000000000080b6f8                vNetworkSocketsInit
                0x000000000080b7e8                FreeRTOS_socket
                0x000000000080b990                FreeRTOS_CreateSocketSet
                0x000000000080ba0c                FreeRTOS_DeleteSocketSet
                0x000000000080ba58                FreeRTOS_FD_SET
                0x000000000080badc                FreeRTOS_FD_CLR
                0x000000000080bb58                FreeRTOS_FD_ISSET
                0x000000000080bbb0                FreeRTOS_select
                0x000000000080bd0c                FreeRTOS_recvfrom
                0x000000000080bf3c                FreeRTOS_sendto
                0x000000000080c120                FreeRTOS_bind
                0x000000000080c270                vSocketBind
                0x000000000080c450                FreeRTOS_closesocket
                0x000000000080c4dc                vSocketClose
                0x000000000080c8e8                FreeRTOS_setsockopt
                0x000000000080cfb8                pxUDPSocketLookup
                0x000000000080d018                FreeRTOS_inet_ntoa
                0x000000000080d1f0                FreeRTOS_inet_pton
                0x000000000080d250                FreeRTOS_inet_ntop
                0x000000000080d2b4                FreeRTOS_inet_ntop4
                0x000000000080d32c                FreeRTOS_inet_pton4
                0x000000000080d540                FreeRTOS_inet_addr
                0x000000000080d580                FreeRTOS_GetLocalAddress
                0x000000000080d5f4                vSocketWakeUpUser
                0x000000000080d958                FreeRTOS_connect
                0x000000000080da68                FreeRTOS_accept
                0x000000000080dcdc                FreeRTOS_recv
                0x000000000080e08c                FreeRTOS_get_tx_head
                0x000000000080e158                FreeRTOS_send
                0x000000000080e408                FreeRTOS_listen
                0x000000000080e558                FreeRTOS_shutdown
                0x000000000080e5f8                xTCPTimerCheck
                0x000000000080e764                pxTCPSocketLookup
                0x000000000080e870                FreeRTOS_get_rx_buf
                0x000000000080ea74                lTCPAddRxdata
                0x000000000080ec14                FreeRTOS_GetRemoteAddress
                0x000000000080ecec                FreeRTOS_maywrite
                0x000000000080edc0                FreeRTOS_tx_space
                0x000000000080ee44                FreeRTOS_tx_size
                0x000000000080eec0                FreeRTOS_issocketconnected
                0x000000000080ef40                FreeRTOS_mss
                0x000000000080ef9c                FreeRTOS_connstatus
                0x000000000080eff8                FreeRTOS_rx_size
                0x000000000080f074                FreeRTOS_netstat
                0x000000000080f0b8                vSocketSelect
 .text          0x000000000080f3f8      0x5a8 obj/default/FreeRTOS/FreeRTOS-Plus-TCP/FreeRTOS_Stream_Buffer.o
                0x000000000080f650                uxStreamBufferAdd
                0x000000000080f80c                uxStreamBufferGet
 .text          0x000000000080f9a0     0x57ec obj/default/FreeRTOS/FreeRTOS-Plus-TCP/FreeRTOS_TCP_IP.o
                0x000000000080ff44                xTCPSocketCheck
                0x0000000000811cb0                vTCPStateChange
                0x0000000000814274                xProcessReceivedTCPPacket
                0x0000000000815018                FreeRTOS_GetTCPStateName
                0x000000000081507c                xTCPCheckNewClient
 .text          0x000000000081518c      0x958 obj/default/FreeRTOS/FreeRTOS-Plus-TCP/FreeRTOS_TCP_WIN.o
                0x00000000008152d0                vTCPWindowCreate
                0x0000000000815350                vTCPWindowInit
                0x00000000008154b0                lTCPWindowRxCheck
                0x0000000000815524                lTCPWindowTxAdd
                0x00000000008156b8                ulTCPWindowTxGet
                0x00000000008157bc                xTCPWindowTxDone
                0x0000000000815848                xTCPWindowTxHasData
                0x0000000000815934                ulTCPWindowTxAck
                0x0000000000815a7c                xTCPWindowRxEmpty
                0x0000000000815ac0                vTCPWindowDestroy
 .text          0x0000000000815ae4      0x704 obj/default/FreeRTOS/FreeRTOS-Plus-TCP/FreeRTOS_UDP_IP.o
                0x0000000000815b2c                vProcessGeneratedUDPPacket
                0x00000000008160bc                xProcessReceivedUDPPacket
 .text          0x00000000008161e8      0x398 obj/default/FreeRTOS/FreeRTOS-Plus-TCP/portable/NetworkInterface/ENC28J60/NetworkInterface.o
                0x00000000008161e8                process_data_packet
                0x00000000008162b8                isr_rx_packet
                0x0000000000816304                nIRQ_Initial
                0x0000000000816360                xNetworkInterfaceInitialise
                0x00000000008163b8                vNetworkInterfaceAllocateRAMToBuffers
                0x0000000000816498                xGetPhyLinkStatus
                0x00000000008164b8                vNetworkNotifyIFDown
                0x00000000008164ec                vNetworkNotifyIFUp
                0x0000000000816520                xNetworkInterfaceOutput
 .text          0x0000000000816580      0xb4c obj/default/FreeRTOS/FreeRTOS-Plus-TCP/portable/NetworkInterface/ENC28J60/enc.o
                0x0000000000816580                enc_delay
                0x00000000008165c4                eth_set_bit
                0x0000000000816640                eth_clear_bit
                0x00000000008166bc                eth_set_bank
                0x000000000081672c                eth_read_ctrl_8
                0x00000000008167f8                eth_read_ctrl_16
                0x000000000081687c                eth_write_ctrl_8
                0x0000000000816904                eth_write_ctrl_16
                0x0000000000816998                eth_write_phy
                0x0000000000816a0c                eth_read_phy
                0x0000000000816a80                eth_soft_reset
                0x0000000000816ad8                eth_get_pktcnt
                0x0000000000816b08                eth_init
                0x0000000000816cd4                eth_read_buf_16
                0x0000000000816d68                eth_read_buf_8
                0x0000000000816dcc                eth_read_buf
                0x0000000000816e38                enc_get_buf_len
                0x0000000000816e8c                eth_rx_packet
                0x0000000000816f9c                enc_tx_packet
 .text          0x00000000008170cc      0x68c obj/default/FreeRTOS/FreeRTOS-Kernel/portable/MemMang/heap_4.o
                0x00000000008170cc                pvPortMalloc
                0x00000000008172d4                vPortFree
                0x0000000000817398                xPortGetFreeHeapSize
                0x00000000008173b8                xPortGetMinimumEverFreeHeapSize
                0x00000000008173d8                vPortInitialiseBlocks
                0x000000000081764c                vPortGetHeapStats
 .text          0x0000000000817758      0x4a4 obj/default/FreeRTOS/FreeRTOS-Plus-TCP/portable/BufferManagement/BufferAllocation_1.o
                0x000000000081779c                xNetworkBuffersInitialise
                0x00000000008178d0                pxGetNetworkBufferWithDescriptor
                0x00000000008179d4                pxNetworkBufferGetFromISR
                0x0000000000817a54                vNetworkBufferReleaseFromISR
                0x0000000000817ab0                vReleaseNetworkBufferAndDescriptor
                0x0000000000817b84                uxGetMinimumFreeNetworkBuffers
                0x0000000000817ba4                uxGetNumberOfFreeNetworkBuffers
                0x0000000000817bc8                pxResizeNetworkBufferWithDescriptor
 .text          0x0000000000817bfc        0x0 obj/default/FreeRTOS/FreeRTOS-Kernel/portable/GCC/NiosII/port_asm.o
 .text          0x0000000000817bfc      0x1b8 /home/efesxzc/intelFPGA_lite/19.1/nios2eds/bin/gnu/H-x86_64-pc-linux-gnu/bin/../lib/gcc/nios2-elf/8.3.1/mno-hw-mul/libgcc.a(lib2-divmod.o)
                0x0000000000817bfc                __divsi3
                0x0000000000817c7c                __modsi3
                0x0000000000817cf4                __udivsi3
                0x0000000000817d58                __umodsi3
 .text          0x0000000000817db4       0x28 /home/efesxzc/intelFPGA_lite/19.1/nios2eds/bin/gnu/H-x86_64-pc-linux-gnu/bin/../lib/gcc/nios2-elf/8.3.1/mno-hw-mul/libgcc.a(lib2-mul.o)
                0x0000000000817db4                __mulsi3
 .text          0x0000000000817ddc        0x0 /home/efesxzc/intelFPGA_lite/19.1/nios2eds/bin/gnu/H-x86_64-pc-linux-gnu/bin/../lib/gcc/nios2-elf/8.3.1/../../../../../H-x86_64-pc-linux-gnu/nios2-elf/lib/mno-hw-mul/libc.a(lib_a-memcmp.o)
 .text.memcmp   0x0000000000817ddc       0x8c /home/efesxzc/intelFPGA_lite/19.1/nios2eds/bin/gnu/H-x86_64-pc-linux-gnu/bin/../lib/gcc/nios2-elf/8.3.1/../../../../../H-x86_64-pc-linux-gnu/nios2-elf/lib/mno-hw-mul/libc.a(lib_a-memcmp.o)
                0x0000000000817ddc                memcmp
 .text          0x0000000000817e68        0x0 /home/efesxzc/intelFPGA_lite/19.1/nios2eds/bin/gnu/H-x86_64-pc-linux-gnu/bin/../lib/gcc/nios2-elf/8.3.1/../../../../../H-x86_64-pc-linux-gnu/nios2-elf/lib/mno-hw-mul/libc.a(lib_a-memcpy.o)
 .text.memcpy   0x0000000000817e68      0x100 /home/efesxzc/intelFPGA_lite/19.1/nios2eds/bin/gnu/H-x86_64-pc-linux-gnu/bin/../lib/gcc/nios2-elf/8.3.1/../../../../../H-x86_64-pc-linux-gnu/nios2-elf/lib/mno-hw-mul/libc.a(lib_a-memcpy.o)
                0x0000000000817e68                memcpy
 .text          0x0000000000817f68        0x0 /home/efesxzc/intelFPGA_lite/19.1/nios2eds/bin/gnu/H-x86_64-pc-linux-gnu/bin/../lib/gcc/nios2-elf/8.3.1/../../../../../H-x86_64-pc-linux-gnu/nios2-elf/lib/mno-hw-mul/libc.a(lib_a-memmove.o)
 .text.memmove  0x0000000000817f68      0x12c /home/efesxzc/intelFPGA_lite/19.1/nios2eds/bin/gnu/H-x86_64-pc-linux-gnu/bin/../lib/gcc/nios2-elf/8.3.1/../../../../../H-x86_64-pc-linux-gnu/nios2-elf/lib/mno-hw-mul/libc.a(lib_a-memmove.o)
                0x0000000000817f68                memmove
 .text          0x0000000000818094        0x0 /home/efesxzc/intelFPGA_lite/19.1/nios2eds/bin/gnu/H-x86_64-pc-linux-gnu/bin/../lib/gcc/nios2-elf/8.3.1/../../../../../H-x86_64-pc-linux-gnu/nios2-elf/lib/mno-hw-mul/libc.a(lib_a-memset.o)
 .text.memset   0x0000000000818094       0xf0 /home/efesxzc/intelFPGA_lite/19.1/nios2eds/bin/gnu/H-x86_64-pc-linux-gnu/bin/../lib/gcc/nios2-elf/8.3.1/../../../../../H-x86_64-pc-linux-gnu/nios2-elf/lib/mno-hw-mul/libc.a(lib_a-memset.o)
                0x0000000000818094                memset
 .text          0x0000000000818184        0x0 /home/efesxzc/intelFPGA_lite/19.1/nios2eds/bin/gnu/H-x86_64-pc-linux-gnu/bin/../lib/gcc/nios2-elf/8.3.1/../../../../../H-x86_64-pc-linux-gnu/nios2-elf/lib/mno-hw-mul/libc.a(lib_a-printf.o)
 .text._printf_r
                0x0000000000818184       0x30 /home/efesxzc/intelFPGA_lite/19.1/nios2eds/bin/gnu/H-x86_64-pc-linux-gnu/bin/../lib/gcc/nios2-elf/8.3.1/../../../../../H-x86_64-pc-linux-gnu/nios2-elf/lib/mno-hw-mul/libc.a(lib_a-printf.o)
                0x0000000000818184                _printf_r
 .text.printf   0x00000000008181b4       0x38 /home/efesxzc/intelFPGA_lite/19.1/nios2eds/bin/gnu/H-x86_64-pc-linux-gnu/bin/../lib/gcc/nios2-elf/8.3.1/../../../../../H-x86_64-pc-linux-gnu/nios2-elf/lib/mno-hw-mul/libc.a(lib_a-printf.o)
                0x00000000008181b4                printf
 .text          0x00000000008181ec        0x0 /home/efesxzc/intelFPGA_lite/19.1/nios2eds/bin/gnu/H-x86_64-pc-linux-gnu/bin/../lib/gcc/nios2-elf/8.3.1/../../../../../H-x86_64-pc-linux-gnu/nios2-elf/lib/mno-hw-mul/libc.a(lib_a-puts.o)
 .text._puts_r  0x00000000008181ec       0xcc /home/efesxzc/intelFPGA_lite/19.1/nios2eds/bin/gnu/H-x86_64-pc-linux-gnu/bin/../lib/gcc/nios2-elf/8.3.1/../../../../../H-x86_64-pc-linux-gnu/nios2-elf/lib/mno-hw-mul/libc.a(lib_a-puts.o)
                0x00000000008181ec                _puts_r
 .text.puts     0x00000000008182b8       0x10 /home/efesxzc/intelFPGA_lite/19.1/nios2eds/bin/gnu/H-x86_64-pc-linux-gnu/bin/../lib/gcc/nios2-elf/8.3.1/../../../../../H-x86_64-pc-linux-gnu/nios2-elf/lib/mno-hw-mul/libc.a(lib_a-puts.o)
                0x00000000008182b8                puts
 .text          0x00000000008182c8        0x0 /home/efesxzc/intelFPGA_lite/19.1/nios2eds/bin/gnu/H-x86_64-pc-linux-gnu/bin/../lib/gcc/nios2-elf/8.3.1/../../../../../H-x86_64-pc-linux-gnu/nios2-elf/lib/mno-hw-mul/libc.a(lib_a-rand.o)
 .text.srand    0x00000000008182c8       0x14 /home/efesxzc/intelFPGA_lite/19.1/nios2eds/bin/gnu/H-x86_64-pc-linux-gnu/bin/../lib/gcc/nios2-elf/8.3.1/../../../../../H-x86_64-pc-linux-gnu/nios2-elf/lib/mno-hw-mul/libc.a(lib_a-rand.o)
                0x00000000008182c8                srand
 .text.rand     0x00000000008182dc       0x60 /home/efesxzc/intelFPGA_lite/19.1/nios2eds/bin/gnu/H-x86_64-pc-linux-gnu/bin/../lib/gcc/nios2-elf/8.3.1/../../../../../H-x86_64-pc-linux-gnu/nios2-elf/lib/mno-hw-mul/libc.a(lib_a-rand.o)
                0x00000000008182dc                rand
 .text          0x000000000081833c        0x0 /home/efesxzc/intelFPGA_lite/19.1/nios2eds/bin/gnu/H-x86_64-pc-linux-gnu/bin/../lib/gcc/nios2-elf/8.3.1/../../../../../H-x86_64-pc-linux-gnu/nios2-elf/lib/mno-hw-mul/libc.a(lib_a-snprintf.o)
 .text._snprintf_r
                0x000000000081833c       0xc4 /home/efesxzc/intelFPGA_lite/19.1/nios2eds/bin/gnu/H-x86_64-pc-linux-gnu/bin/../lib/gcc/nios2-elf/8.3.1/../../../../../H-x86_64-pc-linux-gnu/nios2-elf/lib/mno-hw-mul/libc.a(lib_a-snprintf.o)
                0x000000000081833c                _snprintf_r
 .text.snprintf
                0x0000000000818400       0xcc /home/efesxzc/intelFPGA_lite/19.1/nios2eds/bin/gnu/H-x86_64-pc-linux-gnu/bin/../lib/gcc/nios2-elf/8.3.1/../../../../../H-x86_64-pc-linux-gnu/nios2-elf/lib/mno-hw-mul/libc.a(lib_a-snprintf.o)
                0x0000000000818400                snprintf
 .text          0x00000000008184cc        0x0 /home/efesxzc/intelFPGA_lite/19.1/nios2eds/bin/gnu/H-x86_64-pc-linux-gnu/bin/../lib/gcc/nios2-elf/8.3.1/../../../../../H-x86_64-pc-linux-gnu/nios2-elf/lib/mno-hw-mul/libc.a(lib_a-sprintf.o)
 .text._sprintf_r
                0x00000000008184cc       0x54 /home/efesxzc/intelFPGA_lite/19.1/nios2eds/bin/gnu/H-x86_64-pc-linux-gnu/bin/../lib/gcc/nios2-elf/8.3.1/../../../../../H-x86_64-pc-linux-gnu/nios2-elf/lib/mno-hw-mul/libc.a(lib_a-sprintf.o)
                0x00000000008184cc                _sprintf_r
 .text.sprintf  0x0000000000818520       0x64 /home/efesxzc/intelFPGA_lite/19.1/nios2eds/bin/gnu/H-x86_64-pc-linux-gnu/bin/../lib/gcc/nios2-elf/8.3.1/../../../../../H-x86_64-pc-linux-gnu/nios2-elf/lib/mno-hw-mul/libc.a(lib_a-sprintf.o)
                0x0000000000818520                sprintf
 .text          0x0000000000818584        0x0 /home/efesxzc/intelFPGA_lite/19.1/nios2eds/bin/gnu/H-x86_64-pc-linux-gnu/bin/../lib/gcc/nios2-elf/8.3.1/../../../../../H-x86_64-pc-linux-gnu/nios2-elf/lib/mno-hw-mul/libc.a(lib_a-strcpy.o)
 .text.strcpy   0x0000000000818584       0x8c /home/efesxzc/intelFPGA_lite/19.1/nios2eds/bin/gnu/H-x86_64-pc-linux-gnu/bin/../lib/gcc/nios2-elf/8.3.1/../../../../../H-x86_64-pc-linux-gnu/nios2-elf/lib/mno-hw-mul/libc.a(lib_a-strcpy.o)
                0x0000000000818584                strcpy
 .text          0x0000000000818610        0x0 /home/efesxzc/intelFPGA_lite/19.1/nios2eds/bin/gnu/H-x86_64-pc-linux-gnu/bin/../lib/gcc/nios2-elf/8.3.1/../../../../../H-x86_64-pc-linux-gnu/nios2-elf/lib/mno-hw-mul/libc.a(lib_a-strlen.o)
 .text.strlen   0x0000000000818610       0x98 /home/efesxzc/intelFPGA_lite/19.1/nios2eds/bin/gnu/H-x86_64-pc-linux-gnu/bin/../lib/gcc/nios2-elf/8.3.1/../../../../../H-x86_64-pc-linux-gnu/nios2-elf/lib/mno-hw-mul/libc.a(lib_a-strlen.o)
                0x0000000000818610                strlen
 .text          0x00000000008186a8        0x0 /home/efesxzc/intelFPGA_lite/19.1/nios2eds/bin/gnu/H-x86_64-pc-linux-gnu/bin/../lib/gcc/nios2-elf/8.3.1/../../../../../H-x86_64-pc-linux-gnu/nios2-elf/lib/mno-hw-mul/libc.a(lib_a-strncmp.o)
 .text.strncmp  0x00000000008186a8       0xfc /home/efesxzc/intelFPGA_lite/19.1/nios2eds/bin/gnu/H-x86_64-pc-linux-gnu/bin/../lib/gcc/nios2-elf/8.3.1/../../../../../H-x86_64-pc-linux-gnu/nios2-elf/lib/mno-hw-mul/libc.a(lib_a-strncmp.o)
                0x00000000008186a8                strncmp
 .text          0x00000000008187a4        0x0 /home/efesxzc/intelFPGA_lite/19.1/nios2eds/bin/gnu/H-x86_64-pc-linux-gnu/bin/../lib/gcc/nios2-elf/8.3.1/../../../../../H-x86_64-pc-linux-gnu/nios2-elf/lib/mno-hw-mul/libc.a(lib_a-strncpy.o)
 .text.strncpy  0x00000000008187a4       0xe4 /home/efesxzc/intelFPGA_lite/19.1/nios2eds/bin/gnu/H-x86_64-pc-linux-gnu/bin/../lib/gcc/nios2-elf/8.3.1/../../../../../H-x86_64-pc-linux-gnu/nios2-elf/lib/mno-hw-mul/libc.a(lib_a-strncpy.o)
                0x00000000008187a4                strncpy
 .text          0x0000000000818888        0x0 /home/efesxzc/intelFPGA_lite/19.1/nios2eds/bin/gnu/H-x86_64-pc-linux-gnu/bin/../lib/gcc/nios2-elf/8.3.1/../../../../../H-x86_64-pc-linux-gnu/nios2-elf/lib/mno-hw-mul/libc.a(lib_a-svfprintf.o)
 .text.___svfprintf_internal_r
                0x0000000000818888     0x2140 /home/efesxzc/intelFPGA_lite/19.1/nios2eds/bin/gnu/H-x86_64-pc-linux-gnu/bin/../lib/gcc/nios2-elf/8.3.1/../../../../../H-x86_64-pc-linux-gnu/nios2-elf/lib/mno-hw-mul/libc.a(lib_a-svfprintf.o)
                0x0000000000818888                ___svfprintf_internal_r
 .text          0x000000000081a9c8        0x0 /home/efesxzc/intelFPGA_lite/19.1/nios2eds/bin/gnu/H-x86_64-pc-linux-gnu/bin/../lib/gcc/nios2-elf/8.3.1/../../../../../H-x86_64-pc-linux-gnu/nios2-elf/lib/mno-hw-mul/libc.a(lib_a-vfprintf.o)
 .text.___vfprintf_internal_r
                0x000000000081a9c8     0x2188 /home/efesxzc/intelFPGA_lite/19.1/nios2eds/bin/gnu/H-x86_64-pc-linux-gnu/bin/../lib/gcc/nios2-elf/8.3.1/../../../../../H-x86_64-pc-linux-gnu/nios2-elf/lib/mno-hw-mul/libc.a(lib_a-vfprintf.o)
                0x000000000081a9c8                ___vfprintf_internal_r
 .text.__vfprintf_internal
                0x000000000081cb50       0x18 /home/efesxzc/intelFPGA_lite/19.1/nios2eds/bin/gnu/H-x86_64-pc-linux-gnu/bin/../lib/gcc/nios2-elf/8.3.1/../../../../../H-x86_64-pc-linux-gnu/nios2-elf/lib/mno-hw-mul/libc.a(lib_a-vfprintf.o)
                0x000000000081cb50                __vfprintf_internal
 .text.__sbprintf
                0x000000000081cb68       0xc0 /home/efesxzc/intelFPGA_lite/19.1/nios2eds/bin/gnu/H-x86_64-pc-linux-gnu/bin/../lib/gcc/nios2-elf/8.3.1/../../../../../H-x86_64-pc-linux-gnu/nios2-elf/lib/mno-hw-mul/libc.a(lib_a-vfprintf.o)
 .text          0x000000000081cc28        0x0 /home/efesxzc/intelFPGA_lite/19.1/nios2eds/bin/gnu/H-x86_64-pc-linux-gnu/bin/../lib/gcc/nios2-elf/8.3.1/../../../../../H-x86_64-pc-linux-gnu/nios2-elf/lib/mno-hw-mul/libc.a(lib_a-wsetup.o)
 .text.__swsetup_r
                0x000000000081cc28      0x160 /home/efesxzc/intelFPGA_lite/19.1/nios2eds/bin/gnu/H-x86_64-pc-linux-gnu/bin/../lib/gcc/nios2-elf/8.3.1/../../../../../H-x86_64-pc-linux-gnu/nios2-elf/lib/mno-hw-mul/libc.a(lib_a-wsetup.o)
                0x000000000081cc28                __swsetup_r
 .text          0x000000000081cd88        0x0 /home/efesxzc/intelFPGA_lite/19.1/nios2eds/bin/gnu/H-x86_64-pc-linux-gnu/bin/../lib/gcc/nios2-elf/8.3.1/../../../../../H-x86_64-pc-linux-gnu/nios2-elf/lib/mno-hw-mul/libc.a(lib_a-dtoa.o)
 .text.quorem   0x000000000081cd88      0x234 /home/efesxzc/intelFPGA_lite/19.1/nios2eds/bin/gnu/H-x86_64-pc-linux-gnu/bin/../lib/gcc/nios2-elf/8.3.1/../../../../../H-x86_64-pc-linux-gnu/nios2-elf/lib/mno-hw-mul/libc.a(lib_a-dtoa.o)
 .text._dtoa_r  0x000000000081cfbc     0x16c8 /home/efesxzc/intelFPGA_lite/19.1/nios2eds/bin/gnu/H-x86_64-pc-linux-gnu/bin/../lib/gcc/nios2-elf/8.3.1/../../../../../H-x86_64-pc-linux-gnu/nios2-elf/lib/mno-hw-mul/libc.a(lib_a-dtoa.o)
                0x000000000081cfbc                _dtoa_r
 .text          0x000000000081e684        0x0 /home/efesxzc/intelFPGA_lite/19.1/nios2eds/bin/gnu/H-x86_64-pc-linux-gnu/bin/../lib/gcc/nios2-elf/8.3.1/../../../../../H-x86_64-pc-linux-gnu/nios2-elf/lib/mno-hw-mul/libc.a(lib_a-fflush.o)
 .text.__sflush_r
                0x000000000081e684      0x228 /home/efesxzc/intelFPGA_lite/19.1/nios2eds/bin/gnu/H-x86_64-pc-linux-gnu/bin/../lib/gcc/nios2-elf/8.3.1/../../../../../H-x86_64-pc-linux-gnu/nios2-elf/lib/mno-hw-mul/libc.a(lib_a-fflush.o)
                0x000000000081e684                __sflush_r
 .text._fflush_r
                0x000000000081e8ac       0x60 /home/efesxzc/intelFPGA_lite/19.1/nios2eds/bin/gnu/H-x86_64-pc-linux-gnu/bin/../lib/gcc/nios2-elf/8.3.1/../../../../../H-x86_64-pc-linux-gnu/nios2-elf/lib/mno-hw-mul/libc.a(lib_a-fflush.o)
                0x000000000081e8ac                _fflush_r
 .text.fflush   0x000000000081e90c       0x28 /home/efesxzc/intelFPGA_lite/19.1/nios2eds/bin/gnu/H-x86_64-pc-linux-gnu/bin/../lib/gcc/nios2-elf/8.3.1/../../../../../H-x86_64-pc-linux-gnu/nios2-elf/lib/mno-hw-mul/libc.a(lib_a-fflush.o)
                0x000000000081e90c                fflush
 .text          0x000000000081e934        0x0 /home/efesxzc/intelFPGA_lite/19.1/nios2eds/bin/gnu/H-x86_64-pc-linux-gnu/bin/../lib/gcc/nios2-elf/8.3.1/../../../../../H-x86_64-pc-linux-gnu/nios2-elf/lib/mno-hw-mul/libc.a(lib_a-findfp.o)
 .text.__fp_lock
                0x000000000081e934        0x8 /home/efesxzc/intelFPGA_lite/19.1/nios2eds/bin/gnu/H-x86_64-pc-linux-gnu/bin/../lib/gcc/nios2-elf/8.3.1/../../../../../H-x86_64-pc-linux-gnu/nios2-elf/lib/mno-hw-mul/libc.a(lib_a-findfp.o)
 .text._cleanup_r
                0x000000000081e93c        0xc /home/efesxzc/intelFPGA_lite/19.1/nios2eds/bin/gnu/H-x86_64-pc-linux-gnu/bin/../lib/gcc/nios2-elf/8.3.1/../../../../../H-x86_64-pc-linux-gnu/nios2-elf/lib/mno-hw-mul/libc.a(lib_a-findfp.o)
                0x000000000081e93c                _cleanup_r
 .text.__sinit.part.0
                0x000000000081e948      0x168 /home/efesxzc/intelFPGA_lite/19.1/nios2eds/bin/gnu/H-x86_64-pc-linux-gnu/bin/../lib/gcc/nios2-elf/8.3.1/../../../../../H-x86_64-pc-linux-gnu/nios2-elf/lib/mno-hw-mul/libc.a(lib_a-findfp.o)
 .text.__fp_unlock
                0x000000000081eab0        0x8 /home/efesxzc/intelFPGA_lite/19.1/nios2eds/bin/gnu/H-x86_64-pc-linux-gnu/bin/../lib/gcc/nios2-elf/8.3.1/../../../../../H-x86_64-pc-linux-gnu/nios2-elf/lib/mno-hw-mul/libc.a(lib_a-findfp.o)
 .text.__sfmoreglue
                0x000000000081eab8       0x78 /home/efesxzc/intelFPGA_lite/19.1/nios2eds/bin/gnu/H-x86_64-pc-linux-gnu/bin/../lib/gcc/nios2-elf/8.3.1/../../../../../H-x86_64-pc-linux-gnu/nios2-elf/lib/mno-hw-mul/libc.a(lib_a-findfp.o)
                0x000000000081eab8                __sfmoreglue
 .text.__sfp    0x000000000081eb30       0xfc /home/efesxzc/intelFPGA_lite/19.1/nios2eds/bin/gnu/H-x86_64-pc-linux-gnu/bin/../lib/gcc/nios2-elf/8.3.1/../../../../../H-x86_64-pc-linux-gnu/nios2-elf/lib/mno-hw-mul/libc.a(lib_a-findfp.o)
                0x000000000081eb30                __sfp
 .text._cleanup
                0x000000000081ec2c       0x14 /home/efesxzc/intelFPGA_lite/19.1/nios2eds/bin/gnu/H-x86_64-pc-linux-gnu/bin/../lib/gcc/nios2-elf/8.3.1/../../../../../H-x86_64-pc-linux-gnu/nios2-elf/lib/mno-hw-mul/libc.a(lib_a-findfp.o)
                0x000000000081ec2c                _cleanup
 .text.__sinit  0x000000000081ec40       0x10 /home/efesxzc/intelFPGA_lite/19.1/nios2eds/bin/gnu/H-x86_64-pc-linux-gnu/bin/../lib/gcc/nios2-elf/8.3.1/../../../../../H-x86_64-pc-linux-gnu/nios2-elf/lib/mno-hw-mul/libc.a(lib_a-findfp.o)
                0x000000000081ec40                __sinit
 .text.__sfp_lock_acquire
                0x000000000081ec50        0x4 /home/efesxzc/intelFPGA_lite/19.1/nios2eds/bin/gnu/H-x86_64-pc-linux-gnu/bin/../lib/gcc/nios2-elf/8.3.1/../../../../../H-x86_64-pc-linux-gnu/nios2-elf/lib/mno-hw-mul/libc.a(lib_a-findfp.o)
                0x000000000081ec50                __sfp_lock_acquire
 .text.__sfp_lock_release
                0x000000000081ec54        0x4 /home/efesxzc/intelFPGA_lite/19.1/nios2eds/bin/gnu/H-x86_64-pc-linux-gnu/bin/../lib/gcc/nios2-elf/8.3.1/../../../../../H-x86_64-pc-linux-gnu/nios2-elf/lib/mno-hw-mul/libc.a(lib_a-findfp.o)
                0x000000000081ec54                __sfp_lock_release
 .text.__sinit_lock_acquire
                0x000000000081ec58        0x4 /home/efesxzc/intelFPGA_lite/19.1/nios2eds/bin/gnu/H-x86_64-pc-linux-gnu/bin/../lib/gcc/nios2-elf/8.3.1/../../../../../H-x86_64-pc-linux-gnu/nios2-elf/lib/mno-hw-mul/libc.a(lib_a-findfp.o)
                0x000000000081ec58                __sinit_lock_acquire
 .text.__sinit_lock_release
                0x000000000081ec5c        0x4 /home/efesxzc/intelFPGA_lite/19.1/nios2eds/bin/gnu/H-x86_64-pc-linux-gnu/bin/../lib/gcc/nios2-elf/8.3.1/../../../../../H-x86_64-pc-linux-gnu/nios2-elf/lib/mno-hw-mul/libc.a(lib_a-findfp.o)
                0x000000000081ec5c                __sinit_lock_release
 .text.__fp_lock_all
                0x000000000081ec60       0x14 /home/efesxzc/intelFPGA_lite/19.1/nios2eds/bin/gnu/H-x86_64-pc-linux-gnu/bin/../lib/gcc/nios2-elf/8.3.1/../../../../../H-x86_64-pc-linux-gnu/nios2-elf/lib/mno-hw-mul/libc.a(lib_a-findfp.o)
                0x000000000081ec60                __fp_lock_all
 .text.__fp_unlock_all
                0x000000000081ec74       0x14 /home/efesxzc/intelFPGA_lite/19.1/nios2eds/bin/gnu/H-x86_64-pc-linux-gnu/bin/../lib/gcc/nios2-elf/8.3.1/../../../../../H-x86_64-pc-linux-gnu/nios2-elf/lib/mno-hw-mul/libc.a(lib_a-findfp.o)
                0x000000000081ec74                __fp_unlock_all
 .text          0x000000000081ec88        0x0 /home/efesxzc/intelFPGA_lite/19.1/nios2eds/bin/gnu/H-x86_64-pc-linux-gnu/bin/../lib/gcc/nios2-elf/8.3.1/../../../../../H-x86_64-pc-linux-gnu/nios2-elf/lib/mno-hw-mul/libc.a(lib_a-freer.o)
 .text._malloc_trim_r
                0x000000000081ec88      0x11c /home/efesxzc/intelFPGA_lite/19.1/nios2eds/bin/gnu/H-x86_64-pc-linux-gnu/bin/../lib/gcc/nios2-elf/8.3.1/../../../../../H-x86_64-pc-linux-gnu/nios2-elf/lib/mno-hw-mul/libc.a(lib_a-freer.o)
                0x000000000081ec88                _malloc_trim_r
 .text._free_r  0x000000000081eda4      0x2fc /home/efesxzc/intelFPGA_lite/19.1/nios2eds/bin/gnu/H-x86_64-pc-linux-gnu/bin/../lib/gcc/nios2-elf/8.3.1/../../../../../H-x86_64-pc-linux-gnu/nios2-elf/lib/mno-hw-mul/libc.a(lib_a-freer.o)
                0x000000000081eda4                _free_r
 .text          0x000000000081f0a0        0x0 /home/efesxzc/intelFPGA_lite/19.1/nios2eds/bin/gnu/H-x86_64-pc-linux-gnu/bin/../lib/gcc/nios2-elf/8.3.1/../../../../../H-x86_64-pc-linux-gnu/nios2-elf/lib/mno-hw-mul/libc.a(lib_a-fvwrite.o)
 .text.__sfvwrite_r
                0x000000000081f0a0      0x4d4 /home/efesxzc/intelFPGA_lite/19.1/nios2eds/bin/gnu/H-x86_64-pc-linux-gnu/bin/../lib/gcc/nios2-elf/8.3.1/../../../../../H-x86_64-pc-linux-gnu/nios2-elf/lib/mno-hw-mul/libc.a(lib_a-fvwrite.o)
                0x000000000081f0a0                __sfvwrite_r
 .text          0x000000000081f574        0x0 /home/efesxzc/intelFPGA_lite/19.1/nios2eds/bin/gnu/H-x86_64-pc-linux-gnu/bin/../lib/gcc/nios2-elf/8.3.1/../../../../../H-x86_64-pc-linux-gnu/nios2-elf/lib/mno-hw-mul/libc.a(lib_a-fwalk.o)
 .text._fwalk   0x000000000081f574       0xa4 /home/efesxzc/intelFPGA_lite/19.1/nios2eds/bin/gnu/H-x86_64-pc-linux-gnu/bin/../lib/gcc/nios2-elf/8.3.1/../../../../../H-x86_64-pc-linux-gnu/nios2-elf/lib/mno-hw-mul/libc.a(lib_a-fwalk.o)
                0x000000000081f574                _fwalk
 .text._fwalk_reent
                0x000000000081f618       0xb4 /home/efesxzc/intelFPGA_lite/19.1/nios2eds/bin/gnu/H-x86_64-pc-linux-gnu/bin/../lib/gcc/nios2-elf/8.3.1/../../../../../H-x86_64-pc-linux-gnu/nios2-elf/lib/mno-hw-mul/libc.a(lib_a-fwalk.o)
                0x000000000081f618                _fwalk_reent
 .text          0x000000000081f6cc        0x0 /home/efesxzc/intelFPGA_lite/19.1/nios2eds/bin/gnu/H-x86_64-pc-linux-gnu/bin/../lib/gcc/nios2-elf/8.3.1/../../../../../H-x86_64-pc-linux-gnu/nios2-elf/lib/mno-hw-mul/libc.a(lib_a-impure.o)
 .text          0x000000000081f6cc        0x0 /home/efesxzc/intelFPGA_lite/19.1/nios2eds/bin/gnu/H-x86_64-pc-linux-gnu/bin/../lib/gcc/nios2-elf/8.3.1/../../../../../H-x86_64-pc-linux-gnu/nios2-elf/lib/mno-hw-mul/libc.a(lib_a-localeconv.o)
 .text.__localeconv_l
                0x000000000081f6cc        0x8 /home/efesxzc/intelFPGA_lite/19.1/nios2eds/bin/gnu/H-x86_64-pc-linux-gnu/bin/../lib/gcc/nios2-elf/8.3.1/../../../../../H-x86_64-pc-linux-gnu/nios2-elf/lib/mno-hw-mul/libc.a(lib_a-localeconv.o)
                0x000000000081f6cc                __localeconv_l
 .text._localeconv_r
                0x000000000081f6d4        0xc /home/efesxzc/intelFPGA_lite/19.1/nios2eds/bin/gnu/H-x86_64-pc-linux-gnu/bin/../lib/gcc/nios2-elf/8.3.1/../../../../../H-x86_64-pc-linux-gnu/nios2-elf/lib/mno-hw-mul/libc.a(lib_a-localeconv.o)
                0x000000000081f6d4                _localeconv_r
 .text.localeconv
                0x000000000081f6e0        0xc /home/efesxzc/intelFPGA_lite/19.1/nios2eds/bin/gnu/H-x86_64-pc-linux-gnu/bin/../lib/gcc/nios2-elf/8.3.1/../../../../../H-x86_64-pc-linux-gnu/nios2-elf/lib/mno-hw-mul/libc.a(lib_a-localeconv.o)
                0x000000000081f6e0                localeconv
 .text          0x000000000081f6ec        0x0 /home/efesxzc/intelFPGA_lite/19.1/nios2eds/bin/gnu/H-x86_64-pc-linux-gnu/bin/../lib/gcc/nios2-elf/8.3.1/../../../../../H-x86_64-pc-linux-gnu/nios2-elf/lib/mno-hw-mul/libc.a(lib_a-makebuf.o)
 .text.__swhatbuf_r
                0x000000000081f6ec       0x98 /home/efesxzc/intelFPGA_lite/19.1/nios2eds/bin/gnu/H-x86_64-pc-linux-gnu/bin/../lib/gcc/nios2-elf/8.3.1/../../../../../H-x86_64-pc-linux-gnu/nios2-elf/lib/mno-hw-mul/libc.a(lib_a-makebuf.o)
                0x000000000081f6ec                __swhatbuf_r
 .text.__smakebuf_r
                0x000000000081f784      0x13c /home/efesxzc/intelFPGA_lite/19.1/nios2eds/bin/gnu/H-x86_64-pc-linux-gnu/bin/../lib/gcc/nios2-elf/8.3.1/../../../../../H-x86_64-pc-linux-gnu/nios2-elf/lib/mno-hw-mul/libc.a(lib_a-makebuf.o)
                0x000000000081f784                __smakebuf_r
 .text          0x000000000081f8c0        0x0 /home/efesxzc/intelFPGA_lite/19.1/nios2eds/bin/gnu/H-x86_64-pc-linux-gnu/bin/../lib/gcc/nios2-elf/8.3.1/../../../../../H-x86_64-pc-linux-gnu/nios2-elf/lib/mno-hw-mul/libc.a(lib_a-mallocr.o)
 .text._malloc_r
                0x000000000081f8c0      0x7f4 /home/efesxzc/intelFPGA_lite/19.1/nios2eds/bin/gnu/H-x86_64-pc-linux-gnu/bin/../lib/gcc/nios2-elf/8.3.1/../../../../../H-x86_64-pc-linux-gnu/nios2-elf/lib/mno-hw-mul/libc.a(lib_a-mallocr.o)
                0x000000000081f8c0                _malloc_r
 .text          0x00000000008200b4        0x0 /home/efesxzc/intelFPGA_lite/19.1/nios2eds/bin/gnu/H-x86_64-pc-linux-gnu/bin/../lib/gcc/nios2-elf/8.3.1/../../../../../H-x86_64-pc-linux-gnu/nios2-elf/lib/mno-hw-mul/libc.a(lib_a-memchr.o)
 .text.memchr   0x00000000008200b4       0xe8 /home/efesxzc/intelFPGA_lite/19.1/nios2eds/bin/gnu/H-x86_64-pc-linux-gnu/bin/../lib/gcc/nios2-elf/8.3.1/../../../../../H-x86_64-pc-linux-gnu/nios2-elf/lib/mno-hw-mul/libc.a(lib_a-memchr.o)
                0x00000000008200b4                memchr
 .text          0x000000000082019c        0x0 /home/efesxzc/intelFPGA_lite/19.1/nios2eds/bin/gnu/H-x86_64-pc-linux-gnu/bin/../lib/gcc/nios2-elf/8.3.1/../../../../../H-x86_64-pc-linux-gnu/nios2-elf/lib/mno-hw-mul/libc.a(lib_a-mprec.o)
 .text._Balloc  0x000000000082019c       0xa4 /home/efesxzc/intelFPGA_lite/19.1/nios2eds/bin/gnu/H-x86_64-pc-linux-gnu/bin/../lib/gcc/nios2-elf/8.3.1/../../../../../H-x86_64-pc-linux-gnu/nios2-elf/lib/mno-hw-mul/libc.a(lib_a-mprec.o)
                0x000000000082019c                _Balloc
 .text._Bfree   0x0000000000820240       0x24 /home/efesxzc/intelFPGA_lite/19.1/nios2eds/bin/gnu/H-x86_64-pc-linux-gnu/bin/../lib/gcc/nios2-elf/8.3.1/../../../../../H-x86_64-pc-linux-gnu/nios2-elf/lib/mno-hw-mul/libc.a(lib_a-mprec.o)
                0x0000000000820240                _Bfree
 .text.__multadd
                0x0000000000820264      0x13c /home/efesxzc/intelFPGA_lite/19.1/nios2eds/bin/gnu/H-x86_64-pc-linux-gnu/bin/../lib/gcc/nios2-elf/8.3.1/../../../../../H-x86_64-pc-linux-gnu/nios2-elf/lib/mno-hw-mul/libc.a(lib_a-mprec.o)
                0x0000000000820264                __multadd
 .text.__s2b    0x00000000008203a0      0x110 /home/efesxzc/intelFPGA_lite/19.1/nios2eds/bin/gnu/H-x86_64-pc-linux-gnu/bin/../lib/gcc/nios2-elf/8.3.1/../../../../../H-x86_64-pc-linux-gnu/nios2-elf/lib/mno-hw-mul/libc.a(lib_a-mprec.o)
                0x00000000008203a0                __s2b
 .text.__hi0bits
                0x00000000008204b0       0x64 /home/efesxzc/intelFPGA_lite/19.1/nios2eds/bin/gnu/H-x86_64-pc-linux-gnu/bin/../lib/gcc/nios2-elf/8.3.1/../../../../../H-x86_64-pc-linux-gnu/nios2-elf/lib/mno-hw-mul/libc.a(lib_a-mprec.o)
                0x00000000008204b0                __hi0bits
 .text.__lo0bits
                0x0000000000820514       0xb0 /home/efesxzc/intelFPGA_lite/19.1/nios2eds/bin/gnu/H-x86_64-pc-linux-gnu/bin/../lib/gcc/nios2-elf/8.3.1/../../../../../H-x86_64-pc-linux-gnu/nios2-elf/lib/mno-hw-mul/libc.a(lib_a-mprec.o)
                0x0000000000820514                __lo0bits
 .text.__i2b    0x00000000008205c4       0x34 /home/efesxzc/intelFPGA_lite/19.1/nios2eds/bin/gnu/H-x86_64-pc-linux-gnu/bin/../lib/gcc/nios2-elf/8.3.1/../../../../../H-x86_64-pc-linux-gnu/nios2-elf/lib/mno-hw-mul/libc.a(lib_a-mprec.o)
                0x00000000008205c4                __i2b
 .text.__multiply
                0x00000000008205f8      0x240 /home/efesxzc/intelFPGA_lite/19.1/nios2eds/bin/gnu/H-x86_64-pc-linux-gnu/bin/../lib/gcc/nios2-elf/8.3.1/../../../../../H-x86_64-pc-linux-gnu/nios2-elf/lib/mno-hw-mul/libc.a(lib_a-mprec.o)
                0x00000000008205f8                __multiply
 .text.__pow5mult
                0x0000000000820838      0x128 /home/efesxzc/intelFPGA_lite/19.1/nios2eds/bin/gnu/H-x86_64-pc-linux-gnu/bin/../lib/gcc/nios2-elf/8.3.1/../../../../../H-x86_64-pc-linux-gnu/nios2-elf/lib/mno-hw-mul/libc.a(lib_a-mprec.o)
                0x0000000000820838                __pow5mult
 .text.__lshift
                0x0000000000820960      0x13c /home/efesxzc/intelFPGA_lite/19.1/nios2eds/bin/gnu/H-x86_64-pc-linux-gnu/bin/../lib/gcc/nios2-elf/8.3.1/../../../../../H-x86_64-pc-linux-gnu/nios2-elf/lib/mno-hw-mul/libc.a(lib_a-mprec.o)
                0x0000000000820960                __lshift
 .text.__mcmp   0x0000000000820a9c       0x58 /home/efesxzc/intelFPGA_lite/19.1/nios2eds/bin/gnu/H-x86_64-pc-linux-gnu/bin/../lib/gcc/nios2-elf/8.3.1/../../../../../H-x86_64-pc-linux-gnu/nios2-elf/lib/mno-hw-mul/libc.a(lib_a-mprec.o)
                0x0000000000820a9c                __mcmp
 .text.__mdiff  0x0000000000820af4      0x1bc /home/efesxzc/intelFPGA_lite/19.1/nios2eds/bin/gnu/H-x86_64-pc-linux-gnu/bin/../lib/gcc/nios2-elf/8.3.1/../../../../../H-x86_64-pc-linux-gnu/nios2-elf/lib/mno-hw-mul/libc.a(lib_a-mprec.o)
                0x0000000000820af4                __mdiff
 .text.__ulp    0x0000000000820cb0       0x5c /home/efesxzc/intelFPGA_lite/19.1/nios2eds/bin/gnu/H-x86_64-pc-linux-gnu/bin/../lib/gcc/nios2-elf/8.3.1/../../../../../H-x86_64-pc-linux-gnu/nios2-elf/lib/mno-hw-mul/libc.a(lib_a-mprec.o)
                0x0000000000820cb0                __ulp
 .text.__b2d    0x0000000000820d0c      0x104 /home/efesxzc/intelFPGA_lite/19.1/nios2eds/bin/gnu/H-x86_64-pc-linux-gnu/bin/../lib/gcc/nios2-elf/8.3.1/../../../../../H-x86_64-pc-linux-gnu/nios2-elf/lib/mno-hw-mul/libc.a(lib_a-mprec.o)
                0x0000000000820d0c                __b2d
 .text.__d2b    0x0000000000820e10      0x148 /home/efesxzc/intelFPGA_lite/19.1/nios2eds/bin/gnu/H-x86_64-pc-linux-gnu/bin/../lib/gcc/nios2-elf/8.3.1/../../../../../H-x86_64-pc-linux-gnu/nios2-elf/lib/mno-hw-mul/libc.a(lib_a-mprec.o)
                0x0000000000820e10                __d2b
 .text.__ratio  0x0000000000820f58       0xa4 /home/efesxzc/intelFPGA_lite/19.1/nios2eds/bin/gnu/H-x86_64-pc-linux-gnu/bin/../lib/gcc/nios2-elf/8.3.1/../../../../../H-x86_64-pc-linux-gnu/nios2-elf/lib/mno-hw-mul/libc.a(lib_a-mprec.o)
                0x0000000000820f58                __ratio
 .text._mprec_log10
                0x0000000000820ffc       0x74 /home/efesxzc/intelFPGA_lite/19.1/nios2eds/bin/gnu/H-x86_64-pc-linux-gnu/bin/../lib/gcc/nios2-elf/8.3.1/../../../../../H-x86_64-pc-linux-gnu/nios2-elf/lib/mno-hw-mul/libc.a(lib_a-mprec.o)
                0x0000000000820ffc                _mprec_log10
 .text.__copybits
                0x0000000000821070       0x6c /home/efesxzc/intelFPGA_lite/19.1/nios2eds/bin/gnu/H-x86_64-pc-linux-gnu/bin/../lib/gcc/nios2-elf/8.3.1/../../../../../H-x86_64-pc-linux-gnu/nios2-elf/lib/mno-hw-mul/libc.a(lib_a-mprec.o)
                0x0000000000821070                __copybits
 .text.__any_on
                0x00000000008210dc       0x74 /home/efesxzc/intelFPGA_lite/19.1/nios2eds/bin/gnu/H-x86_64-pc-linux-gnu/bin/../lib/gcc/nios2-elf/8.3.1/../../../../../H-x86_64-pc-linux-gnu/nios2-elf/lib/mno-hw-mul/libc.a(lib_a-mprec.o)
                0x00000000008210dc                __any_on
 .text          0x0000000000821150        0x0 /home/efesxzc/intelFPGA_lite/19.1/nios2eds/bin/gnu/H-x86_64-pc-linux-gnu/bin/../lib/gcc/nios2-elf/8.3.1/../../../../../H-x86_64-pc-linux-gnu/nios2-elf/lib/mno-hw-mul/libc.a(lib_a-reallocr.o)
 .text._realloc_r
                0x0000000000821150      0x62c /home/efesxzc/intelFPGA_lite/19.1/nios2eds/bin/gnu/H-x86_64-pc-linux-gnu/bin/../lib/gcc/nios2-elf/8.3.1/../../../../../H-x86_64-pc-linux-gnu/nios2-elf/lib/mno-hw-mul/libc.a(lib_a-reallocr.o)
                0x0000000000821150                _realloc_r
 .text          0x000000000082177c        0x0 /home/efesxzc/intelFPGA_lite/19.1/nios2eds/bin/gnu/H-x86_64-pc-linux-gnu/bin/../lib/gcc/nios2-elf/8.3.1/../../../../../H-x86_64-pc-linux-gnu/nios2-elf/lib/mno-hw-mul/libc.a(lib_a-sbrkr.o)
 .text._sbrk_r  0x000000000082177c       0x58 /home/efesxzc/intelFPGA_lite/19.1/nios2eds/bin/gnu/H-x86_64-pc-linux-gnu/bin/../lib/gcc/nios2-elf/8.3.1/../../../../../H-x86_64-pc-linux-gnu/nios2-elf/lib/mno-hw-mul/libc.a(lib_a-sbrkr.o)
                0x000000000082177c                _sbrk_r
 .text          0x00000000008217d4        0x0 /home/efesxzc/intelFPGA_lite/19.1/nios2eds/bin/gnu/H-x86_64-pc-linux-gnu/bin/../lib/gcc/nios2-elf/8.3.1/../../../../../H-x86_64-pc-linux-gnu/nios2-elf/lib/mno-hw-mul/libc.a(lib_a-stdio.o)
 .text.__sread  0x00000000008217d4       0x54 /home/efesxzc/intelFPGA_lite/19.1/nios2eds/bin/gnu/H-x86_64-pc-linux-gnu/bin/../lib/gcc/nios2-elf/8.3.1/../../../../../H-x86_64-pc-linux-gnu/nios2-elf/lib/mno-hw-mul/libc.a(lib_a-stdio.o)
                0x00000000008217d4                __sread
 .text.__seofread
                0x0000000000821828        0x8 /home/efesxzc/intelFPGA_lite/19.1/nios2eds/bin/gnu/H-x86_64-pc-linux-gnu/bin/../lib/gcc/nios2-elf/8.3.1/../../../../../H-x86_64-pc-linux-gnu/nios2-elf/lib/mno-hw-mul/libc.a(lib_a-stdio.o)
                0x0000000000821828                __seofread
 .text.__swrite
                0x0000000000821830       0x80 /home/efesxzc/intelFPGA_lite/19.1/nios2eds/bin/gnu/H-x86_64-pc-linux-gnu/bin/../lib/gcc/nios2-elf/8.3.1/../../../../../H-x86_64-pc-linux-gnu/nios2-elf/lib/mno-hw-mul/libc.a(lib_a-stdio.o)
                0x0000000000821830                __swrite
 .text.__sseek  0x00000000008218b0       0x5c /home/efesxzc/intelFPGA_lite/19.1/nios2eds/bin/gnu/H-x86_64-pc-linux-gnu/bin/../lib/gcc/nios2-elf/8.3.1/../../../../../H-x86_64-pc-linux-gnu/nios2-elf/lib/mno-hw-mul/libc.a(lib_a-stdio.o)
                0x00000000008218b0                __sseek
 .text.__sclose
                0x000000000082190c        0x8 /home/efesxzc/intelFPGA_lite/19.1/nios2eds/bin/gnu/H-x86_64-pc-linux-gnu/bin/../lib/gcc/nios2-elf/8.3.1/../../../../../H-x86_64-pc-linux-gnu/nios2-elf/lib/mno-hw-mul/libc.a(lib_a-stdio.o)
                0x000000000082190c                __sclose
 .text          0x0000000000821914        0x0 /home/efesxzc/intelFPGA_lite/19.1/nios2eds/bin/gnu/H-x86_64-pc-linux-gnu/bin/../lib/gcc/nios2-elf/8.3.1/../../../../../H-x86_64-pc-linux-gnu/nios2-elf/lib/mno-hw-mul/libc.a(lib_a-svfiprintf.o)
 .text.__ssprint_r
                0x0000000000821914      0x1c4 /home/efesxzc/intelFPGA_lite/19.1/nios2eds/bin/gnu/H-x86_64-pc-linux-gnu/bin/../lib/gcc/nios2-elf/8.3.1/../../../../../H-x86_64-pc-linux-gnu/nios2-elf/lib/mno-hw-mul/libc.a(lib_a-svfiprintf.o)
                0x0000000000821914                __ssprint_r
 .text.___svfiprintf_internal_r
                0x0000000000821ad8     0x1138 /home/efesxzc/intelFPGA_lite/19.1/nios2eds/bin/gnu/H-x86_64-pc-linux-gnu/bin/../lib/gcc/nios2-elf/8.3.1/../../../../../H-x86_64-pc-linux-gnu/nios2-elf/lib/mno-hw-mul/libc.a(lib_a-svfiprintf.o)
                0x0000000000821ad8                ___svfiprintf_internal_r
 .text          0x0000000000822c10        0x0 /home/efesxzc/intelFPGA_lite/19.1/nios2eds/bin/gnu/H-x86_64-pc-linux-gnu/bin/../lib/gcc/nios2-elf/8.3.1/../../../../../H-x86_64-pc-linux-gnu/nios2-elf/lib/mno-hw-mul/libc.a(lib_a-vfiprintf.o)
 .text.__sprint_r.part.0
                0x0000000000822c10       0xf4 /home/efesxzc/intelFPGA_lite/19.1/nios2eds/bin/gnu/H-x86_64-pc-linux-gnu/bin/../lib/gcc/nios2-elf/8.3.1/../../../../../H-x86_64-pc-linux-gnu/nios2-elf/lib/mno-hw-mul/libc.a(lib_a-vfiprintf.o)
 .text.__sprint_r
                0x0000000000822d04       0x18 /home/efesxzc/intelFPGA_lite/19.1/nios2eds/bin/gnu/H-x86_64-pc-linux-gnu/bin/../lib/gcc/nios2-elf/8.3.1/../../../../../H-x86_64-pc-linux-gnu/nios2-elf/lib/mno-hw-mul/libc.a(lib_a-vfiprintf.o)
                0x0000000000822d04                __sprint_r
 .text.___vfiprintf_internal_r
                0x0000000000822d1c     0x133c /home/efesxzc/intelFPGA_lite/19.1/nios2eds/bin/gnu/H-x86_64-pc-linux-gnu/bin/../lib/gcc/nios2-elf/8.3.1/../../../../../H-x86_64-pc-linux-gnu/nios2-elf/lib/mno-hw-mul/libc.a(lib_a-vfiprintf.o)
                0x0000000000822d1c                ___vfiprintf_internal_r
 .text.__vfiprintf_internal
                0x0000000000824058       0x18 /home/efesxzc/intelFPGA_lite/19.1/nios2eds/bin/gnu/H-x86_64-pc-linux-gnu/bin/../lib/gcc/nios2-elf/8.3.1/../../../../../H-x86_64-pc-linux-gnu/nios2-elf/lib/mno-hw-mul/libc.a(lib_a-vfiprintf.o)
                0x0000000000824058                __vfiprintf_internal
 .text.__sbprintf
                0x0000000000824070       0xc0 /home/efesxzc/intelFPGA_lite/19.1/nios2eds/bin/gnu/H-x86_64-pc-linux-gnu/bin/../lib/gcc/nios2-elf/8.3.1/../../../../../H-x86_64-pc-linux-gnu/nios2-elf/lib/mno-hw-mul/libc.a(lib_a-vfiprintf.o)
 .text          0x0000000000824130        0x0 /home/efesxzc/intelFPGA_lite/19.1/nios2eds/bin/gnu/H-x86_64-pc-linux-gnu/bin/../lib/gcc/nios2-elf/8.3.1/../../../../../H-x86_64-pc-linux-gnu/nios2-elf/lib/mno-hw-mul/libc.a(lib_a-writer.o)
 .text._write_r
                0x0000000000824130       0x64 /home/efesxzc/intelFPGA_lite/19.1/nios2eds/bin/gnu/H-x86_64-pc-linux-gnu/bin/../lib/gcc/nios2-elf/8.3.1/../../../../../H-x86_64-pc-linux-gnu/nios2-elf/lib/mno-hw-mul/libc.a(lib_a-writer.o)
                0x0000000000824130                _write_r
 .text          0x0000000000824194        0x0 /home/efesxzc/intelFPGA_lite/19.1/nios2eds/bin/gnu/H-x86_64-pc-linux-gnu/bin/../lib/gcc/nios2-elf/8.3.1/../../../../../H-x86_64-pc-linux-gnu/nios2-elf/lib/mno-hw-mul/libc.a(closer.o)
 .text._close_r
                0x0000000000824194       0x58 /home/efesxzc/intelFPGA_lite/19.1/nios2eds/bin/gnu/H-x86_64-pc-linux-gnu/bin/../lib/gcc/nios2-elf/8.3.1/../../../../../H-x86_64-pc-linux-gnu/nios2-elf/lib/mno-hw-mul/libc.a(closer.o)
                0x0000000000824194                _close_r
 .text          0x00000000008241ec        0x0 /home/efesxzc/intelFPGA_lite/19.1/nios2eds/bin/gnu/H-x86_64-pc-linux-gnu/bin/../lib/gcc/nios2-elf/8.3.1/../../../../../H-x86_64-pc-linux-gnu/nios2-elf/lib/mno-hw-mul/libc.a(lib_a-callocr.o)
 .text._calloc_r
                0x00000000008241ec       0xcc /home/efesxzc/intelFPGA_lite/19.1/nios2eds/bin/gnu/H-x86_64-pc-linux-gnu/bin/../lib/gcc/nios2-elf/8.3.1/../../../../../H-x86_64-pc-linux-gnu/nios2-elf/lib/mno-hw-mul/libc.a(lib_a-callocr.o)
                0x00000000008241ec                _calloc_r
 .text          0x00000000008242b8        0x0 /home/efesxzc/intelFPGA_lite/19.1/nios2eds/bin/gnu/H-x86_64-pc-linux-gnu/bin/../lib/gcc/nios2-elf/8.3.1/../../../../../H-x86_64-pc-linux-gnu/nios2-elf/lib/mno-hw-mul/libc.a(lib_a-fclose.o)
 .text._fclose_r
                0x00000000008242b8       0xf8 /home/efesxzc/intelFPGA_lite/19.1/nios2eds/bin/gnu/H-x86_64-pc-linux-gnu/bin/../lib/gcc/nios2-elf/8.3.1/../../../../../H-x86_64-pc-linux-gnu/nios2-elf/lib/mno-hw-mul/libc.a(lib_a-fclose.o)
                0x00000000008242b8                _fclose_r
 .text.fclose   0x00000000008243b0       0x10 /home/efesxzc/intelFPGA_lite/19.1/nios2eds/bin/gnu/H-x86_64-pc-linux-gnu/bin/../lib/gcc/nios2-elf/8.3.1/../../../../../H-x86_64-pc-linux-gnu/nios2-elf/lib/mno-hw-mul/libc.a(lib_a-fclose.o)
                0x00000000008243b0                fclose
 .text          0x00000000008243c0        0x0 /home/efesxzc/intelFPGA_lite/19.1/nios2eds/bin/gnu/H-x86_64-pc-linux-gnu/bin/../lib/gcc/nios2-elf/8.3.1/../../../../../H-x86_64-pc-linux-gnu/nios2-elf/lib/mno-hw-mul/libc.a(lib_a-fputwc.o)
 .text.__fputwc
                0x00000000008243c0      0x150 /home/efesxzc/intelFPGA_lite/19.1/nios2eds/bin/gnu/H-x86_64-pc-linux-gnu/bin/../lib/gcc/nios2-elf/8.3.1/../../../../../H-x86_64-pc-linux-gnu/nios2-elf/lib/mno-hw-mul/libc.a(lib_a-fputwc.o)
                0x00000000008243c0                __fputwc
 .text._fputwc_r
                0x0000000000824510       0x24 /home/efesxzc/intelFPGA_lite/19.1/nios2eds/bin/gnu/H-x86_64-pc-linux-gnu/bin/../lib/gcc/nios2-elf/8.3.1/../../../../../H-x86_64-pc-linux-gnu/nios2-elf/lib/mno-hw-mul/libc.a(lib_a-fputwc.o)
                0x0000000000824510                _fputwc_r
 .text.fputwc   0x0000000000824534       0x7c /home/efesxzc/intelFPGA_lite/19.1/nios2eds/bin/gnu/H-x86_64-pc-linux-gnu/bin/../lib/gcc/nios2-elf/8.3.1/../../../../../H-x86_64-pc-linux-gnu/nios2-elf/lib/mno-hw-mul/libc.a(lib_a-fputwc.o)
                0x0000000000824534                fputwc
 .text          0x00000000008245b0        0x0 /home/efesxzc/intelFPGA_lite/19.1/nios2eds/bin/gnu/H-x86_64-pc-linux-gnu/bin/../lib/gcc/nios2-elf/8.3.1/../../../../../H-x86_64-pc-linux-gnu/nios2-elf/lib/mno-hw-mul/libc.a(lib_a-fstatr.o)
 .text._fstat_r
                0x00000000008245b0       0x60 /home/efesxzc/intelFPGA_lite/19.1/nios2eds/bin/gnu/H-x86_64-pc-linux-gnu/bin/../lib/gcc/nios2-elf/8.3.1/../../../../../H-x86_64-pc-linux-gnu/nios2-elf/lib/mno-hw-mul/libc.a(lib_a-fstatr.o)
                0x00000000008245b0                _fstat_r
 .text          0x0000000000824610        0x0 /home/efesxzc/intelFPGA_lite/19.1/nios2eds/bin/gnu/H-x86_64-pc-linux-gnu/bin/../lib/gcc/nios2-elf/8.3.1/../../../../../H-x86_64-pc-linux-gnu/nios2-elf/lib/mno-hw-mul/libc.a(lib_a-int_errno.o)
 .text          0x0000000000824610        0x0 /home/efesxzc/intelFPGA_lite/19.1/nios2eds/bin/gnu/H-x86_64-pc-linux-gnu/bin/../lib/gcc/nios2-elf/8.3.1/../../../../../H-x86_64-pc-linux-gnu/nios2-elf/lib/mno-hw-mul/libc.a(lib_a-isattyr.o)
 .text._isatty_r
                0x0000000000824610       0x58 /home/efesxzc/intelFPGA_lite/19.1/nios2eds/bin/gnu/H-x86_64-pc-linux-gnu/bin/../lib/gcc/nios2-elf/8.3.1/../../../../../H-x86_64-pc-linux-gnu/nios2-elf/lib/mno-hw-mul/libc.a(lib_a-isattyr.o)
                0x0000000000824610                _isatty_r
 .text          0x0000000000824668        0x0 /home/efesxzc/intelFPGA_lite/19.1/nios2eds/bin/gnu/H-x86_64-pc-linux-gnu/bin/../lib/gcc/nios2-elf/8.3.1/../../../../../H-x86_64-pc-linux-gnu/nios2-elf/lib/mno-hw-mul/libc.a(lib_a-locale.o)
 .text._setlocale_r
                0x0000000000824668       0x70 /home/efesxzc/intelFPGA_lite/19.1/nios2eds/bin/gnu/H-x86_64-pc-linux-gnu/bin/../lib/gcc/nios2-elf/8.3.1/../../../../../H-x86_64-pc-linux-gnu/nios2-elf/lib/mno-hw-mul/libc.a(lib_a-locale.o)
                0x0000000000824668                _setlocale_r
 .text.__locale_mb_cur_max
                0x00000000008246d8        0xc /home/efesxzc/intelFPGA_lite/19.1/nios2eds/bin/gnu/H-x86_64-pc-linux-gnu/bin/../lib/gcc/nios2-elf/8.3.1/../../../../../H-x86_64-pc-linux-gnu/nios2-elf/lib/mno-hw-mul/libc.a(lib_a-locale.o)
                0x00000000008246d8                __locale_mb_cur_max
 .text.setlocale
                0x00000000008246e4       0x14 /home/efesxzc/intelFPGA_lite/19.1/nios2eds/bin/gnu/H-x86_64-pc-linux-gnu/bin/../lib/gcc/nios2-elf/8.3.1/../../../../../H-x86_64-pc-linux-gnu/nios2-elf/lib/mno-hw-mul/libc.a(lib_a-locale.o)
                0x00000000008246e4                setlocale
 .text          0x00000000008246f8        0x0 /home/efesxzc/intelFPGA_lite/19.1/nios2eds/bin/gnu/H-x86_64-pc-linux-gnu/bin/../lib/gcc/nios2-elf/8.3.1/../../../../../H-x86_64-pc-linux-gnu/nios2-elf/lib/mno-hw-mul/libc.a(lib_a-lseekr.o)
 .text._lseek_r
                0x00000000008246f8       0x64 /home/efesxzc/intelFPGA_lite/19.1/nios2eds/bin/gnu/H-x86_64-pc-linux-gnu/bin/../lib/gcc/nios2-elf/8.3.1/../../../../../H-x86_64-pc-linux-gnu/nios2-elf/lib/mno-hw-mul/libc.a(lib_a-lseekr.o)
                0x00000000008246f8                _lseek_r
 .text          0x000000000082475c        0x0 /home/efesxzc/intelFPGA_lite/19.1/nios2eds/bin/gnu/H-x86_64-pc-linux-gnu/bin/../lib/gcc/nios2-elf/8.3.1/../../../../../H-x86_64-pc-linux-gnu/nios2-elf/lib/mno-hw-mul/libc.a(lib_a-mbtowc_r.o)
 .text._mbtowc_r
                0x000000000082475c        0xc /home/efesxzc/intelFPGA_lite/19.1/nios2eds/bin/gnu/H-x86_64-pc-linux-gnu/bin/../lib/gcc/nios2-elf/8.3.1/../../../../../H-x86_64-pc-linux-gnu/nios2-elf/lib/mno-hw-mul/libc.a(lib_a-mbtowc_r.o)
                0x000000000082475c                _mbtowc_r
 .text.__ascii_mbtowc
                0x0000000000824768       0x44 /home/efesxzc/intelFPGA_lite/19.1/nios2eds/bin/gnu/H-x86_64-pc-linux-gnu/bin/../lib/gcc/nios2-elf/8.3.1/../../../../../H-x86_64-pc-linux-gnu/nios2-elf/lib/mno-hw-mul/libc.a(lib_a-mbtowc_r.o)
                0x0000000000824768                __ascii_mbtowc
 .text          0x00000000008247ac        0x0 /home/efesxzc/intelFPGA_lite/19.1/nios2eds/bin/gnu/H-x86_64-pc-linux-gnu/bin/../lib/gcc/nios2-elf/8.3.1/../../../../../H-x86_64-pc-linux-gnu/nios2-elf/lib/mno-hw-mul/libc.a(lib_a-readr.o)
 .text._read_r  0x00000000008247ac       0x64 /home/efesxzc/intelFPGA_lite/19.1/nios2eds/bin/gnu/H-x86_64-pc-linux-gnu/bin/../lib/gcc/nios2-elf/8.3.1/../../../../../H-x86_64-pc-linux-gnu/nios2-elf/lib/mno-hw-mul/libc.a(lib_a-readr.o)
                0x00000000008247ac                _read_r
 .text          0x0000000000824810        0x0 /home/efesxzc/intelFPGA_lite/19.1/nios2eds/bin/gnu/H-x86_64-pc-linux-gnu/bin/../lib/gcc/nios2-elf/8.3.1/../../../../../H-x86_64-pc-linux-gnu/nios2-elf/lib/mno-hw-mul/libc.a(lib_a-strcmp.o)
 .text.strcmp   0x0000000000824810       0xd8 /home/efesxzc/intelFPGA_lite/19.1/nios2eds/bin/gnu/H-x86_64-pc-linux-gnu/bin/../lib/gcc/nios2-elf/8.3.1/../../../../../H-x86_64-pc-linux-gnu/nios2-elf/lib/mno-hw-mul/libc.a(lib_a-strcmp.o)
                0x0000000000824810                strcmp
 .text          0x00000000008248e8        0x0 /home/efesxzc/intelFPGA_lite/19.1/nios2eds/bin/gnu/H-x86_64-pc-linux-gnu/bin/../lib/gcc/nios2-elf/8.3.1/../../../../../H-x86_64-pc-linux-gnu/nios2-elf/lib/mno-hw-mul/libc.a(lib_a-wbuf.o)
 .text.__swbuf_r
                0x00000000008248e8      0x148 /home/efesxzc/intelFPGA_lite/19.1/nios2eds/bin/gnu/H-x86_64-pc-linux-gnu/bin/../lib/gcc/nios2-elf/8.3.1/../../../../../H-x86_64-pc-linux-gnu/nios2-elf/lib/mno-hw-mul/libc.a(lib_a-wbuf.o)
                0x00000000008248e8                __swbuf_r
 .text.__swbuf  0x0000000000824a30       0x14 /home/efesxzc/intelFPGA_lite/19.1/nios2eds/bin/gnu/H-x86_64-pc-linux-gnu/bin/../lib/gcc/nios2-elf/8.3.1/../../../../../H-x86_64-pc-linux-gnu/nios2-elf/lib/mno-hw-mul/libc.a(lib_a-wbuf.o)
                0x0000000000824a30                __swbuf
 .text          0x0000000000824a44        0x0 /home/efesxzc/intelFPGA_lite/19.1/nios2eds/bin/gnu/H-x86_64-pc-linux-gnu/bin/../lib/gcc/nios2-elf/8.3.1/../../../../../H-x86_64-pc-linux-gnu/nios2-elf/lib/mno-hw-mul/libc.a(lib_a-wcrtomb.o)
 .text._wcrtomb_r
                0x0000000000824a44       0x6c /home/efesxzc/intelFPGA_lite/19.1/nios2eds/bin/gnu/H-x86_64-pc-linux-gnu/bin/../lib/gcc/nios2-elf/8.3.1/../../../../../H-x86_64-pc-linux-gnu/nios2-elf/lib/mno-hw-mul/libc.a(lib_a-wcrtomb.o)
                0x0000000000824a44                _wcrtomb_r
 .text.wcrtomb  0x0000000000824ab0       0x84 /home/efesxzc/intelFPGA_lite/19.1/nios2eds/bin/gnu/H-x86_64-pc-linux-gnu/bin/../lib/gcc/nios2-elf/8.3.1/../../../../../H-x86_64-pc-linux-gnu/nios2-elf/lib/mno-hw-mul/libc.a(lib_a-wcrtomb.o)
                0x0000000000824ab0                wcrtomb
 .text          0x0000000000824b34        0x0 /home/efesxzc/intelFPGA_lite/19.1/nios2eds/bin/gnu/H-x86_64-pc-linux-gnu/bin/../lib/gcc/nios2-elf/8.3.1/../../../../../H-x86_64-pc-linux-gnu/nios2-elf/lib/mno-hw-mul/libc.a(lib_a-wctomb_r.o)
 .text._wctomb_r
                0x0000000000824b34        0xc /home/efesxzc/intelFPGA_lite/19.1/nios2eds/bin/gnu/H-x86_64-pc-linux-gnu/bin/../lib/gcc/nios2-elf/8.3.1/../../../../../H-x86_64-pc-linux-gnu/nios2-elf/lib/mno-hw-mul/libc.a(lib_a-wctomb_r.o)
                0x0000000000824b34                _wctomb_r
 .text.__ascii_wctomb
                0x0000000000824b40       0x30 /home/efesxzc/intelFPGA_lite/19.1/nios2eds/bin/gnu/H-x86_64-pc-linux-gnu/bin/../lib/gcc/nios2-elf/8.3.1/../../../../../H-x86_64-pc-linux-gnu/nios2-elf/lib/mno-hw-mul/libc.a(lib_a-wctomb_r.o)
                0x0000000000824b40                __ascii_wctomb
 .text          0x0000000000824b70        0x0 /home/efesxzc/intelFPGA_lite/19.1/nios2eds/bin/gnu/H-x86_64-pc-linux-gnu/bin/../lib/gcc/nios2-elf/8.3.1/../../../../../H-x86_64-pc-linux-gnu/nios2-elf/lib/mno-hw-mul/libc.a(lib_a-ctype_.o)
 .text          0x0000000000824b70      0x108 /home/efesxzc/intelFPGA_lite/19.1/nios2eds/bin/gnu/H-x86_64-pc-linux-gnu/bin/../lib/gcc/nios2-elf/8.3.1/mno-hw-mul/libgcc.a(_muldi3.o)
                0x0000000000824b70                __muldi3
 .text          0x0000000000824c78      0x61c /home/efesxzc/intelFPGA_lite/19.1/nios2eds/bin/gnu/H-x86_64-pc-linux-gnu/bin/../lib/gcc/nios2-elf/8.3.1/mno-hw-mul/libgcc.a(_udivdi3.o)
                0x0000000000824c78                __udivdi3
 .text          0x0000000000825294      0x5c8 /home/efesxzc/intelFPGA_lite/19.1/nios2eds/bin/gnu/H-x86_64-pc-linux-gnu/bin/../lib/gcc/nios2-elf/8.3.1/mno-hw-mul/libgcc.a(_umoddi3.o)
                0x0000000000825294                __umoddi3
 .text          0x000000000082585c      0x9a0 /home/efesxzc/intelFPGA_lite/19.1/nios2eds/bin/gnu/H-x86_64-pc-linux-gnu/bin/../lib/gcc/nios2-elf/8.3.1/mno-hw-mul/libgcc.a(adddf3.o)
                0x000000000082585c                __adddf3
 .text          0x00000000008261fc      0x964 /home/efesxzc/intelFPGA_lite/19.1/nios2eds/bin/gnu/H-x86_64-pc-linux-gnu/bin/../lib/gcc/nios2-elf/8.3.1/mno-hw-mul/libgcc.a(divdf3.o)
                0x00000000008261fc                __divdf3
 .text          0x0000000000826b60       0x80 /home/efesxzc/intelFPGA_lite/19.1/nios2eds/bin/gnu/H-x86_64-pc-linux-gnu/bin/../lib/gcc/nios2-elf/8.3.1/mno-hw-mul/libgcc.a(eqdf2.o)
                0x0000000000826b60                __eqdf2
                0x0000000000826b60                __nedf2
 .text          0x0000000000826be0       0xf0 /home/efesxzc/intelFPGA_lite/19.1/nios2eds/bin/gnu/H-x86_64-pc-linux-gnu/bin/../lib/gcc/nios2-elf/8.3.1/mno-hw-mul/libgcc.a(gedf2.o)
                0x0000000000826be0                __gtdf2
                0x0000000000826be0                __gedf2
 .text          0x0000000000826cd0       0xf0 /home/efesxzc/intelFPGA_lite/19.1/nios2eds/bin/gnu/H-x86_64-pc-linux-gnu/bin/../lib/gcc/nios2-elf/8.3.1/mno-hw-mul/libgcc.a(ledf2.o)
                0x0000000000826cd0                __ltdf2
                0x0000000000826cd0                __ledf2
 .text          0x0000000000826dc0      0x7e0 /home/efesxzc/intelFPGA_lite/19.1/nios2eds/bin/gnu/H-x86_64-pc-linux-gnu/bin/../lib/gcc/nios2-elf/8.3.1/mno-hw-mul/libgcc.a(muldf3.o)
                0x0000000000826dc0                __muldf3
 .text          0x00000000008275a0      0x96c /home/efesxzc/intelFPGA_lite/19.1/nios2eds/bin/gnu/H-x86_64-pc-linux-gnu/bin/../lib/gcc/nios2-elf/8.3.1/mno-hw-mul/libgcc.a(subdf3.o)
                0x00000000008275a0                __subdf3
 .text          0x0000000000827f0c       0x54 /home/efesxzc/intelFPGA_lite/19.1/nios2eds/bin/gnu/H-x86_64-pc-linux-gnu/bin/../lib/gcc/nios2-elf/8.3.1/mno-hw-mul/libgcc.a(unorddf2.o)
                0x0000000000827f0c                __unorddf2
 .text          0x0000000000827f60       0x80 /home/efesxzc/intelFPGA_lite/19.1/nios2eds/bin/gnu/H-x86_64-pc-linux-gnu/bin/../lib/gcc/nios2-elf/8.3.1/mno-hw-mul/libgcc.a(fixdfsi.o)
                0x0000000000827f60                __fixdfsi
 .text          0x0000000000827fe0       0xc8 /home/efesxzc/intelFPGA_lite/19.1/nios2eds/bin/gnu/H-x86_64-pc-linux-gnu/bin/../lib/gcc/nios2-elf/8.3.1/mno-hw-mul/libgcc.a(floatsidf.o)
                0x0000000000827fe0                __floatsidf
 .text          0x00000000008280a8       0x9c /home/efesxzc/intelFPGA_lite/19.1/nios2eds/bin/gnu/H-x86_64-pc-linux-gnu/bin/../lib/gcc/nios2-elf/8.3.1/mno-hw-mul/libgcc.a(floatunsidf.o)
                0x00000000008280a8                __floatunsidf
 .text          0x0000000000828144        0x0 /home/efesxzc/intelFPGA_lite/19.1/nios2eds/bin/gnu/H-x86_64-pc-linux-gnu/bin/../lib/gcc/nios2-elf/8.3.1/mno-hw-mul/libgcc.a(_clz.o)
 .text          0x0000000000828144       0x54 /home/efesxzc/intelFPGA_lite/19.1/nios2eds/bin/gnu/H-x86_64-pc-linux-gnu/bin/../lib/gcc/nios2-elf/8.3.1/mno-hw-mul/libgcc.a(_clzsi2.o)
                0x0000000000828144                __clzsi2
 .text          0x0000000000828198      0x118 ../civ_001_bsp//libhal_bsp.a(alt_close.o)
                0x00000000008281d4                close
 .text          0x00000000008282b0       0x2c ../civ_001_bsp//libhal_bsp.a(alt_dev.o)
 .text          0x00000000008282dc        0x0 ../civ_001_bsp//libhal_bsp.a(alt_errno.o)
 .text          0x00000000008282dc       0xf8 ../civ_001_bsp//libhal_bsp.a(alt_fstat.o)
                0x0000000000828318                fstat
 .text          0x00000000008283d4        0x0 ../civ_001_bsp//libhal_bsp.a(alt_irq_handler.o)
 .text          0x00000000008283d4        0x0 ../civ_001_bsp//libhal_bsp.a(alt_irq_vars.o)
 .text          0x00000000008283d4       0xec ../civ_001_bsp//libhal_bsp.a(alt_isatty.o)
                0x0000000000828410                isatty
 .text          0x00000000008284c0       0xec ../civ_001_bsp//libhal_bsp.a(alt_load.o)
                0x0000000000828528                alt_load
 .text          0x00000000008285ac      0x11c ../civ_001_bsp//libhal_bsp.a(alt_lseek.o)
                0x00000000008285e8                lseek
 .text          0x00000000008286c8       0x7c ../civ_001_bsp//libhal_bsp.a(alt_main.o)
                0x00000000008286c8                alt_main
 .text          0x0000000000828744       0x48 ../civ_001_bsp//libhal_bsp.a(alt_malloc_lock.o)
                0x0000000000828744                __malloc_lock
                0x0000000000828768                __malloc_unlock
 .text          0x000000000082878c      0x144 ../civ_001_bsp//libhal_bsp.a(alt_read.o)
                0x00000000008287c8                read
 .text          0x00000000008288d0       0x70 ../civ_001_bsp//libhal_bsp.a(alt_release_fd.o)
                0x00000000008288d0                alt_release_fd
 .text          0x0000000000828940       0xb0 ../civ_001_bsp//libhal_bsp.a(alt_sbrk.o)
                0x0000000000828940                sbrk
 .text          0x00000000008289f0      0x140 ../civ_001_bsp//libhal_bsp.a(alt_write.o)
                0x0000000000828a2c                write
 .text          0x0000000000828b30       0xec ../civ_001_bsp//libhal_bsp.a(alt_sys_init.o)
                0x0000000000828b64                alt_irq_init
                0x0000000000828b9c                alt_sys_init
 .text          0x0000000000828c1c     0x1bfc ../civ_001_bsp//libhal_bsp.a(altera_avalon_i2c.o)
                0x0000000000828d2c                alt_avalon_i2c_register_optional_irq_handler
                0x0000000000828e18                alt_avalon_i2c_register_callback
                0x0000000000828e6c                alt_avalon_i2c_init
                0x0000000000828f2c                alt_avalon_i2c_open
                0x0000000000828f6c                alt_avalon_i2c_enable
                0x0000000000829004                alt_avalon_i2c_disable
                0x0000000000829050                alt_avalon_i2c_master_config_get
                0x0000000000829100                alt_avalon_i2c_master_config_set
                0x00000000008291cc                alt_avalon_i2c_master_config_speed_get
                0x0000000000829260                alt_avalon_i2c_master_config_speed_set
                0x000000000082935c                alt_avalon_i2c_is_busy
                0x00000000008293a0                alt_avalon_i2c_rx_read_available
                0x000000000082944c                alt_avalon_i2c_rx_read
                0x00000000008294f4                alt_avalon_i2c_cmd_write
                0x00000000008295e0                alt_avalon_i2c_send_address
                0x00000000008296d0                alt_avalon_i2c_master_target_get
                0x0000000000829708                alt_avalon_i2c_master_target_set
                0x000000000082973c                alt_avalon_i2c_check_nack
                0x0000000000829788                alt_avalon_i2c_check_arblost
                0x00000000008297d4                alt_avalon_i2c_interrupt_transaction_status
                0x0000000000829910                alt_avalon_i2c_master_tx
                0x00000000008299f8                alt_avalon_i2c_master_rx
                0x0000000000829b34                alt_avalon_i2c_master_tx_rx
                0x0000000000829cfc                alt_avalon_i2c_master_transmit
                0x0000000000829ebc                alt_avalon_i2c_master_transmit_using_interrupts
                0x000000000082a0c8                alt_avalon_i2c_master_receive
                0x000000000082a2d8                alt_avalon_i2c_master_receive_using_interrupts
                0x000000000082a4c8                alt_avalon_i2c_int_status_get
                0x000000000082a520                alt_avalon_i2c_int_raw_status_get
                0x000000000082a564                alt_avalon_i2c_int_clear
                0x000000000082a5a0                alt_avalon_i2c_int_disable
                0x000000000082a60c                alt_avalon_i2c_int_enable
                0x000000000082a674                alt_avalon_i2c_enabled_ints_get
                0x000000000082a6b8                alt_avalon_i2c_rx_fifo_threshold_get
                0x000000000082a704                alt_avalon_i2c_rx_fifo_threshold_set
                0x000000000082a768                alt_avalon_i2c_tfr_cmd_fifo_threshold_get
                0x000000000082a7b4                alt_avalon_i2c_tfr_cmd_fifo_threshold_set
 .text          0x000000000082a818      0x164 ../civ_001_bsp//libhal_bsp.a(altera_avalon_jtag_uart_fd.o)
                0x000000000082a818                altera_avalon_jtag_uart_read_fd
                0x000000000082a878                altera_avalon_jtag_uart_write_fd
                0x000000000082a8d8                altera_avalon_jtag_uart_close_fd
                0x000000000082a928                altera_avalon_jtag_uart_ioctl_fd
 .text          0x000000000082a97c      0x3c4 ../civ_001_bsp//libhal_bsp.a(altera_avalon_jtag_uart_init.o)
                0x000000000082a97c                altera_avalon_jtag_uart_init
                0x000000000082acd8                altera_avalon_jtag_uart_close
 .text          0x000000000082ad40       0xf4 ../civ_001_bsp//libhal_bsp.a(altera_avalon_jtag_uart_ioctl.o)
                0x000000000082ad40                altera_avalon_jtag_uart_ioctl
 .text          0x000000000082ae34      0x21c ../civ_001_bsp//libhal_bsp.a(altera_avalon_jtag_uart_read.o)
                0x000000000082ae34                altera_avalon_jtag_uart_read
 .text          0x000000000082b050      0x224 ../civ_001_bsp//libhal_bsp.a(altera_avalon_jtag_uart_write.o)
                0x000000000082b050                altera_avalon_jtag_uart_write
 .text          0x000000000082b274      0x1fc ../civ_001_bsp//libhal_bsp.a(altera_avalon_spi.o)
                0x000000000082b274                alt_avalon_spi_command
 .text          0x000000000082b470       0xf0 ../civ_001_bsp//libhal_bsp.a(altera_avalon_timer_sc.o)
                0x000000000082b4ec                alt_avalon_timer_sc_init
 .text          0x000000000082b560      0x12c ../civ_001_bsp//libhal_bsp.a(alt_alarm_start.o)
                0x000000000082b560                alt_alarm_start
 .text          0x000000000082b68c      0x158 ../civ_001_bsp//libhal_bsp.a(alt_busy_sleep.o)
                0x000000000082b68c                alt_busy_sleep
 .text          0x000000000082b7e4       0x20 ../civ_001_bsp//libhal_bsp.a(alt_dcache_flush_all.o)
                0x000000000082b7e4                alt_dcache_flush_all
 .text          0x000000000082b804       0xe0 ../civ_001_bsp//libhal_bsp.a(alt_dev_llist_insert.o)
                0x000000000082b840                alt_dev_llist_insert
 .text          0x000000000082b8e4       0x60 ../civ_001_bsp//libhal_bsp.a(alt_do_ctors.o)
                0x000000000082b8e4                _do_ctors
 .text          0x000000000082b944       0x60 ../civ_001_bsp//libhal_bsp.a(alt_do_dtors.o)
                0x000000000082b944                _do_dtors
 .text          0x000000000082b9a4       0x90 ../civ_001_bsp//libhal_bsp.a(alt_find_dev.o)
                0x000000000082b9a4                alt_find_dev
 .text          0x000000000082ba34       0x20 ../civ_001_bsp//libhal_bsp.a(alt_icache_flush_all.o)
                0x000000000082ba34                alt_icache_flush_all
 .text          0x000000000082ba54      0x150 ../civ_001_bsp//libhal_bsp.a(alt_io_redirect.o)
                0x000000000082bb28                alt_io_redirect
 .text          0x000000000082bba4      0x278 ../civ_001_bsp//libhal_bsp.a(alt_open.o)
                0x000000000082bcbc                open
 .text          0x000000000082be1c      0x22c ../civ_001_bsp//libhal_bsp.a(alt_printf.o)
                0x000000000082be1c                alt_printf
 .text          0x000000000082c048       0x30 ../civ_001_bsp//libhal_bsp.a(alt_putchar.o)
                0x000000000082c048                alt_putchar
 .text          0x000000000082c078      0x1a4 ../civ_001_bsp//libhal_bsp.a(alt_tick.o)
                0x000000000082c078                alt_alarm_stop
                0x000000000082c114                alt_tick
 .text          0x000000000082c21c       0x24 ../civ_001_bsp//libhal_bsp.a(altera_nios2_gen2_irq.o)
                0x000000000082c21c                altera_nios2_gen2_irq_init
 .text          0x000000000082c240      0x108 ../civ_001_bsp//libhal_bsp.a(alt_find_file.o)
                0x000000000082c240                alt_find_file
 .text          0x000000000082c348       0xb8 ../civ_001_bsp//libhal_bsp.a(alt_get_fd.o)
                0x000000000082c348                alt_get_fd
 .text          0x000000000082c400        0x0 /home/efesxzc/intelFPGA_lite/19.1/nios2eds/bin/gnu/H-x86_64-pc-linux-gnu/bin/../lib/gcc/nios2-elf/8.3.1/../../../../../H-x86_64-pc-linux-gnu/nios2-elf/lib/mno-hw-mul/libc.a(lib_a-atexit.o)
 .text.atexit   0x000000000082c400       0x14 /home/efesxzc/intelFPGA_lite/19.1/nios2eds/bin/gnu/H-x86_64-pc-linux-gnu/bin/../lib/gcc/nios2-elf/8.3.1/../../../../../H-x86_64-pc-linux-gnu/nios2-elf/lib/mno-hw-mul/libc.a(lib_a-atexit.o)
                0x000000000082c400                atexit
 .text          0x000000000082c414        0x0 /home/efesxzc/intelFPGA_lite/19.1/nios2eds/bin/gnu/H-x86_64-pc-linux-gnu/bin/../lib/gcc/nios2-elf/8.3.1/../../../../../H-x86_64-pc-linux-gnu/nios2-elf/lib/mno-hw-mul/libc.a(lib_a-exit.o)
 .text.exit     0x000000000082c414       0x34 /home/efesxzc/intelFPGA_lite/19.1/nios2eds/bin/gnu/H-x86_64-pc-linux-gnu/bin/../lib/gcc/nios2-elf/8.3.1/../../../../../H-x86_64-pc-linux-gnu/nios2-elf/lib/mno-hw-mul/libc.a(lib_a-exit.o)
                0x000000000082c414                exit
 .text          0x000000000082c448        0x0 /home/efesxzc/intelFPGA_lite/19.1/nios2eds/bin/gnu/H-x86_64-pc-linux-gnu/bin/../lib/gcc/nios2-elf/8.3.1/../../../../../H-x86_64-pc-linux-gnu/nios2-elf/lib/mno-hw-mul/libc.a(lib_a-putchar.o)
 .text._putchar_r
                0x000000000082c448        0x8 /home/efesxzc/intelFPGA_lite/19.1/nios2eds/bin/gnu/H-x86_64-pc-linux-gnu/bin/../lib/gcc/nios2-elf/8.3.1/../../../../../H-x86_64-pc-linux-gnu/nios2-elf/lib/mno-hw-mul/libc.a(lib_a-putchar.o)
                0x000000000082c448                _putchar_r
 .text.putchar  0x000000000082c450       0x18 /home/efesxzc/intelFPGA_lite/19.1/nios2eds/bin/gnu/H-x86_64-pc-linux-gnu/bin/../lib/gcc/nios2-elf/8.3.1/../../../../../H-x86_64-pc-linux-gnu/nios2-elf/lib/mno-hw-mul/libc.a(lib_a-putchar.o)
                0x000000000082c450                putchar
 .text          0x000000000082c468        0x0 /home/efesxzc/intelFPGA_lite/19.1/nios2eds/bin/gnu/H-x86_64-pc-linux-gnu/bin/../lib/gcc/nios2-elf/8.3.1/../../../../../H-x86_64-pc-linux-gnu/nios2-elf/lib/mno-hw-mul/libc.a(lib_a-__atexit.o)
 .text.__register_exitproc
                0x000000000082c468       0x90 /home/efesxzc/intelFPGA_lite/19.1/nios2eds/bin/gnu/H-x86_64-pc-linux-gnu/bin/../lib/gcc/nios2-elf/8.3.1/../../../../../H-x86_64-pc-linux-gnu/nios2-elf/lib/mno-hw-mul/libc.a(lib_a-__atexit.o)
                0x000000000082c468                __register_exitproc
 .text          0x000000000082c4f8        0x0 /home/efesxzc/intelFPGA_lite/19.1/nios2eds/bin/gnu/H-x86_64-pc-linux-gnu/bin/../lib/gcc/nios2-elf/8.3.1/../../../../../H-x86_64-pc-linux-gnu/nios2-elf/lib/mno-hw-mul/libc.a(lib_a-__call_atexit.o)
 .text.__call_exitprocs
                0x000000000082c4f8      0x118 /home/efesxzc/intelFPGA_lite/19.1/nios2eds/bin/gnu/H-x86_64-pc-linux-gnu/bin/../lib/gcc/nios2-elf/8.3.1/../../../../../H-x86_64-pc-linux-gnu/nios2-elf/lib/mno-hw-mul/libc.a(lib_a-__call_atexit.o)
                0x000000000082c4f8                __call_exitprocs
 .text          0x000000000082c610        0x0 /home/efesxzc/intelFPGA_lite/19.1/nios2eds/bin/gnu/H-x86_64-pc-linux-gnu/bin/../lib/gcc/nios2-elf/8.3.1/../../../../../H-x86_64-pc-linux-gnu/nios2-elf/lib/mno-hw-mul/libc.a(lib_a-putc.o)
 .text._putc_r  0x000000000082c610       0xcc /home/efesxzc/intelFPGA_lite/19.1/nios2eds/bin/gnu/H-x86_64-pc-linux-gnu/bin/../lib/gcc/nios2-elf/8.3.1/../../../../../H-x86_64-pc-linux-gnu/nios2-elf/lib/mno-hw-mul/libc.a(lib_a-putc.o)
                0x000000000082c610                _putc_r
 .text.putc     0x000000000082c6dc       0xe0 /home/efesxzc/intelFPGA_lite/19.1/nios2eds/bin/gnu/H-x86_64-pc-linux-gnu/bin/../lib/gcc/nios2-elf/8.3.1/../../../../../H-x86_64-pc-linux-gnu/nios2-elf/lib/mno-hw-mul/libc.a(lib_a-putc.o)
                0x000000000082c6dc                putc
 .text          0x000000000082c7bc       0x34 ../civ_001_bsp//libhal_bsp.a(alt_exit.o)
                0x000000000082c7bc                _exit
 *(.gnu.warning.*)
 *(.fini)
                [!provide]                        PROVIDE (__etext = ABSOLUTE (.))
                [!provide]                        PROVIDE (_etext = ABSOLUTE (.))
                [!provide]                        PROVIDE (etext = ABSOLUTE (.))
 *(.eh_frame_hdr)
                0x000000000082c7f0                . = ALIGN (0x4)
                [!provide]                        PROVIDE (__preinit_array_start = ABSOLUTE (.))
 *(.preinit_array)
                [!provide]                        PROVIDE (__preinit_array_end = ABSOLUTE (.))
                [!provide]                        PROVIDE (__init_array_start = ABSOLUTE (.))
 *(.init_array)
                [!provide]                        PROVIDE (__init_array_end = ABSOLUTE (.))
                [!provide]                        PROVIDE (__fini_array_start = ABSOLUTE (.))
 *(.fini_array)
                [!provide]                        PROVIDE (__fini_array_end = ABSOLUTE (.))
 *(.eh_frame)
 *(.gcc_except_table .gcc_except_table.*)
 *(.dynamic)
                0x000000000082c7f0                PROVIDE (__CTOR_LIST__ = ABSOLUTE (.))
 *(.ctors)
 *(SORT_BY_NAME(.ctors.*))
                0x000000000082c7f0                PROVIDE (__CTOR_END__ = ABSOLUTE (.))