Archive member included to satisfy reference by file (symbol)

/home/efesxzc/intelFPGA_lite/19.1/nios2eds/bin/gnu/H-x86_64-pc-linux-gnu/bin/../lib/gcc/nios2-elf/8.3.1/mno-hw-mul/libgcc.a(lib2-divmod.o)
                              obj/default/./lm75.o (__udivsi3)
/home/efesxzc/intelFPGA_lite/19.1/nios2eds/bin/gnu/H-x86_64-pc-linux-gnu/bin/../lib/gcc/nios2-elf/8.3.1/mno-hw-mul/libgcc.a(lib2-mul.o)
                              obj/default/./lm75.o (__mulsi3)
/home/efesxzc/intelFPGA_lite/19.1/nios2eds/bin/gnu/H-x86_64-pc-linux-gnu/bin/../lib/gcc/nios2-elf/8.3.1/../../../../../H-x86_64-pc-linux-gnu/nios2-elf/lib/mno-hw-mul/libc.a(lib_a-memcmp.o)
                              obj/default/FreeRTOS/FreeRTOS-Plus-TCP/FreeRTOS_ARP.o (memcmp)
/home/efesxzc/intelFPGA_lite/19.1/nios2eds/bin/gnu/H-x86_64-pc-linux-gnu/bin/../lib/gcc/nios2-elf/8.3.1/../../../../../H-x86_64-pc-linux-gnu/nios2-elf/lib/mno-hw-mul/libc.a(lib_a-memcpy.o)
                              obj/default/FreeRTOS/FreeRTOS-Kernel/queue.o (memcpy)
/home/efesxzc/intelFPGA_lite/19.1/nios2eds/bin/gnu/H-x86_64-pc-linux-gnu/bin/../lib/gcc/nios2-elf/8.3.1/../../../../../H-x86_64-pc-linux-gnu/nios2-elf/lib/mno-hw-mul/libc.a(lib_a-memmove.o)
                              obj/default/FreeRTOS/FreeRTOS-Plus-TCP/FreeRTOS_IP.o (memmove)
/home/efesxzc/intelFPGA_lite/19.1/nios2eds/bin/gnu/H-x86_64-pc-linux-gnu/bin/../lib/gcc/nios2-elf/8.3.1/../../../../../H-x86_64-pc-linux-gnu/nios2-elf/lib/mno-hw-mul/libc.a(lib_a-memset.o)
                              obj/default/./telnet_server.o (memset)
/home/efesxzc/intelFPGA_lite/19.1/nios2eds/bin/gnu/H-x86_64-pc-linux-gnu/bin/../lib/gcc/nios2-elf/8.3.1/../../../../../H-x86_64-pc-linux-gnu/nios2-elf/lib/mno-hw-mul/libc.a(lib_a-printf.o)
                              obj/default/./at24c08.o (printf)
/home/efesxzc/intelFPGA_lite/19.1/nios2eds/bin/gnu/H-x86_64-pc-linux-gnu/bin/../lib/gcc/nios2-elf/8.3.1/../../../../../H-x86_64-pc-linux-gnu/nios2-elf/lib/mno-hw-mul/libc.a(lib_a-puts.o)
                              obj/default/./main.o (puts)
/home/efesxzc/intelFPGA_lite/19.1/nios2eds/bin/gnu/H-x86_64-pc-linux-gnu/bin/../lib/gcc/nios2-elf/8.3.1/../../../../../H-x86_64-pc-linux-gnu/nios2-elf/lib/mno-hw-mul/libc.a(lib_a-rand.o)
                              obj/default/./main.o (rand)
/home/efesxzc/intelFPGA_lite/19.1/nios2eds/bin/gnu/H-x86_64-pc-linux-gnu/bin/../lib/gcc/nios2-elf/8.3.1/../../../../../H-x86_64-pc-linux-gnu/nios2-elf/lib/mno-hw-mul/libc.a(lib_a-snprintf.o)
                              obj/default/FreeRTOS/FreeRTOS-Plus-TCP/FreeRTOS_IP.o (snprintf)
/home/efesxzc/intelFPGA_lite/19.1/nios2eds/bin/gnu/H-x86_64-pc-linux-gnu/bin/../lib/gcc/nios2-elf/8.3.1/../../../../../H-x86_64-pc-linux-gnu/nios2-elf/lib/mno-hw-mul/libc.a(lib_a-sprintf.o)
                              obj/default/./CLI-Commands.o (sprintf)
/home/efesxzc/intelFPGA_lite/19.1/nios2eds/bin/gnu/H-x86_64-pc-linux-gnu/bin/../lib/gcc/nios2-elf/8.3.1/../../../../../H-x86_64-pc-linux-gnu/nios2-elf/lib/mno-hw-mul/libc.a(lib_a-strcpy.o)
                              obj/default/./CLI-Commands.o (strcpy)
/home/efesxzc/intelFPGA_lite/19.1/nios2eds/bin/gnu/H-x86_64-pc-linux-gnu/bin/../lib/gcc/nios2-elf/8.3.1/../../../../../H-x86_64-pc-linux-gnu/nios2-elf/lib/mno-hw-mul/libc.a(lib_a-strlen.o)
                              obj/default/./CLI-Commands.o (strlen)
/home/efesxzc/intelFPGA_lite/19.1/nios2eds/bin/gnu/H-x86_64-pc-linux-gnu/bin/../lib/gcc/nios2-elf/8.3.1/../../../../../H-x86_64-pc-linux-gnu/nios2-elf/lib/mno-hw-mul/libc.a(lib_a-strncmp.o)
                              obj/default/FreeRTOS/FreeRTOS-Plus-CLI/FreeRTOS_CLI.o (strncmp)
/home/efesxzc/intelFPGA_lite/19.1/nios2eds/bin/gnu/H-x86_64-pc-linux-gnu/bin/../lib/gcc/nios2-elf/8.3.1/../../../../../H-x86_64-pc-linux-gnu/nios2-elf/lib/mno-hw-mul/libc.a(lib_a-strncpy.o)
                              obj/default/FreeRTOS/FreeRTOS-Plus-CLI/FreeRTOS_CLI.o (strncpy)
/home/efesxzc/intelFPGA_lite/19.1/nios2eds/bin/gnu/H-x86_64-pc-linux-gnu/bin/../lib/gcc/nios2-elf/8.3.1/../../../../../H-x86_64-pc-linux-gnu/nios2-elf/lib/mno-hw-mul/libc.a(lib_a-svfprintf.o)
                              /home/efesxzc/intelFPGA_lite/19.1/nios2eds/bin/gnu/H-x86_64-pc-linux-gnu/bin/../lib/gcc/nios2-elf/8.3.1/../../../../../H-x86_64-pc-linux-gnu/nios2-elf/lib/mno-hw-mul/libc.a(lib_a-snprintf.o) (___svfprintf_internal_r)
/home/efesxzc/intelFPGA_lite/19.1/nios2eds/bin/gnu/H-x86_64-pc-linux-gnu/bin/../lib/gcc/nios2-elf/8.3.1/../../../../../H-x86_64-pc-linux-gnu/nios2-elf/lib/mno-hw-mul/libc.a(lib_a-vfprintf.o)
                              /home/efesxzc/intelFPGA_lite/19.1/nios2eds/bin/gnu/H-x86_64-pc-linux-gnu/bin/../lib/gcc/nios2-elf/8.3.1/../../../../../H-x86_64-pc-linux-gnu/nios2-elf/lib/mno-hw-mul/libc.a(lib_a-printf.o) (___vfprintf_internal_r)
/home/efesxzc/intelFPGA_lite/19.1/nios2eds/bin/gnu/H-x86_64-pc-linux-gnu/bin/../lib/gcc/nios2-elf/8.3.1/../../../../../H-x86_64-pc-linux-gnu/nios2-elf/lib/mno-hw-mul/libc.a(lib_a-wsetup.o)
[...]
Memory Configuration

Name             Origin             Length             Attributes
reset            0x0000000000800000 0x0000000000000020
RAM              0x0000000000800020 0x00000000007fffe0
*default*        0x0000000000000000 0xffffffffffffffff

Linker script and memory map

LOAD ../civ_001_bsp//obj/HAL/src/crt0.o
LOAD obj/default/./CLI-Commands.o
LOAD obj/default/./at24c08.o
LOAD obj/default/./http_server.o
LOAD obj/default/./lm75.o
LOAD obj/default/./main.o
LOAD obj/default/./telnet_server.o
LOAD obj/default/FreeRTOS/FreeRTOS-Kernel/croutine.o
LOAD obj/default/FreeRTOS/FreeRTOS-Kernel/event_groups.o
LOAD obj/default/FreeRTOS/FreeRTOS-Kernel/list.o
LOAD obj/default/FreeRTOS/FreeRTOS-Kernel/portable/GCC/NiosII/port.o
LOAD obj/default/FreeRTOS/FreeRTOS-Kernel/portable/portTimer.o
LOAD obj/default/FreeRTOS/FreeRTOS-Kernel/queue.o
LOAD obj/default/FreeRTOS/FreeRTOS-Kernel/stream_buffer.o
LOAD obj/default/FreeRTOS/FreeRTOS-Kernel/tasks.o
LOAD obj/default/FreeRTOS/FreeRTOS-Kernel/timers.o
LOAD obj/default/FreeRTOS/FreeRTOS-Plus-CLI/FreeRTOS_CLI.o
LOAD obj/default/FreeRTOS/FreeRTOS-Plus-TCP/FreeRTOS_ARP.o
LOAD obj/default/FreeRTOS/FreeRTOS-Plus-TCP/FreeRTOS_DHCP.o
LOAD obj/default/FreeRTOS/FreeRTOS-Plus-TCP/FreeRTOS_DNS.o
LOAD obj/default/FreeRTOS/FreeRTOS-Plus-TCP/FreeRTOS_IP.o
LOAD obj/default/FreeRTOS/FreeRTOS-Plus-TCP/FreeRTOS_Sockets.o
LOAD obj/default/FreeRTOS/FreeRTOS-Plus-TCP/FreeRTOS_Stream_Buffer.o
LOAD obj/default/FreeRTOS/FreeRTOS-Plus-TCP/FreeRTOS_TCP_IP.o
LOAD obj/default/FreeRTOS/FreeRTOS-Plus-TCP/FreeRTOS_TCP_WIN.o
LOAD obj/default/FreeRTOS/FreeRTOS-Plus-TCP/FreeRTOS_UDP_IP.o
LOAD obj/default/FreeRTOS/FreeRTOS-Plus-TCP/portable/NetworkInterface/ENC28J60/NetworkInterface.o
LOAD obj/default/FreeRTOS/FreeRTOS-Plus-TCP/portable/NetworkInterface/ENC28J60/enc.o
LOAD obj/default/FreeRTOS/FreeRTOS-Kernel/portable/MemMang/heap_4.o
LOAD obj/default/FreeRTOS/FreeRTOS-Plus-TCP/portable/BufferManagement/BufferAllocation_1.o
LOAD obj/default/FreeRTOS/FreeRTOS-Kernel/portable/GCC/NiosII/port_asm.o
LOAD /home/efesxzc/intelFPGA_lite/19.1/nios2eds/bin/gnu/H-x86_64-pc-linux-gnu/bin/../lib/gcc/nios2-elf/8.3.1/../../../../../H-x86_64-pc-linux-gnu/nios2-elf/lib/mno-hw-mul/libstdc++.a
LOAD /home/efesxzc/intelFPGA_lite/19.1/nios2eds/bin/gnu/H-x86_64-pc-linux-gnu/bin/../lib/gcc/nios2-elf/8.3.1/../../../../../H-x86_64-pc-linux-gnu/nios2-elf/lib/mno-hw-mul/libm.a
LOAD /home/efesxzc/intelFPGA_lite/19.1/nios2eds/bin/gnu/H-x86_64-pc-linux-gnu/bin/../lib/gcc/nios2-elf/8.3.1/mno-hw-mul/libgcc.a
START GROUP
LOAD /home/efesxzc/intelFPGA_lite/19.1/nios2eds/bin/gnu/H-x86_64-pc-linux-gnu/bin/../lib/gcc/nios2-elf/8.3.1/../../../../../H-x86_64-pc-linux-gnu/nios2-elf/lib/mno-hw-mul/libc.a
LOAD /home/efesxzc/intelFPGA_lite/19.1/nios2eds/bin/gnu/H-x86_64-pc-linux-gnu/bin/../lib/gcc/nios2-elf/8.3.1/mno-hw-mul/libgcc.a
LOAD ../civ_001_bsp//libhal_bsp.a
LOAD /home/efesxzc/intelFPGA_lite/19.1/nios2eds/bin/gnu/H-x86_64-pc-linux-gnu/bin/../lib/gcc/nios2-elf/8.3.1/../../../../../H-x86_64-pc-linux-gnu/nios2-elf/lib/mno-hw-mul/libm.a
END GROUP
LOAD /home/efesxzc/intelFPGA_lite/19.1/nios2eds/bin/gnu/H-x86_64-pc-linux-gnu/bin/../lib/gcc/nios2-elf/8.3.1/mno-hw-mul/libgcc.a
                0x0000000000800000                __alt_mem_RAM = 0x800000

.entry          0x0000000000800000       0x20
 *(.entry)
 .entry         0x0000000000800000       0x20 ../civ_001_bsp//obj/HAL/src/crt0.o
                0x0000000000800000                __reset

.exceptions     0x0000000000800020      0x228
                0x0000000000800020                PROVIDE (__ram_exceptions_start = ABSOLUTE (.))
                0x0000000000800020                . = ALIGN (0x20)
 *(.irq)
 *(.exceptions.entry.label)
 *(.exceptions.entry.user)
 *(.exceptions.entry.ecc_fatal)
 *(.exceptions.entry)
 .exceptions.entry
                0x0000000000800020       0x8c obj/default/FreeRTOS/FreeRTOS-Kernel/portable/GCC/NiosII/port_asm.o
 *(.exceptions.irqtest.user)
 *(.exceptions.irqtest)
 .exceptions.irqtest
                0x00000000008000ac       0x14 obj/default/FreeRTOS/FreeRTOS-Kernel/portable/GCC/NiosII/port_asm.o
 *(.exceptions.irqhandler.user)
 *(.exceptions.irqhandler)
 .exceptions.irqhandler
                0x00000000008000c0        0x4 obj/default/FreeRTOS/FreeRTOS-Kernel/portable/GCC/NiosII/port_asm.o
 *(.exceptions.irqreturn.user)
 *(.exceptions.irqreturn)
 .exceptions.irqreturn
                0x00000000008000c4       0x8c obj/default/FreeRTOS/FreeRTOS-Kernel/portable/GCC/NiosII/port_asm.o
                0x00000000008000c4                restore_sp_from_pxCurrentTCB
 *(.exceptions.notirq.label)
 *(.exceptions.notirq.user)
 *(.exceptions.notirq)
 *(.exceptions.soft.user)
 *(.exceptions.soft)
 .exceptions.soft
                0x0000000000800150       0x2c obj/default/FreeRTOS/FreeRTOS-Kernel/portable/GCC/NiosII/port_asm.o
 *(.exceptions.unknown.user)
 *(.exceptions.unknown)
 *(.exceptions.exit.label)
 *(.exceptions.exit.user)
 *(.exceptions.exit)
 *(.exceptions)
 .exceptions    0x000000000080017c       0xcc ../civ_001_bsp//libhal_bsp.a(alt_irq_handler.o)
                0x000000000080017c                alt_irq_handler
                0x0000000000800248                PROVIDE (__ram_exceptions_end = ABSOLUTE (.))
                0x0000000000800020                PROVIDE (__flash_exceptions_start = LOADADDR (.exceptions))

.text           0x0000000000800248    0x2c9cc
                [!provide]                        PROVIDE (stext = ABSOLUTE (.))
 *(.interp)
 *(.hash)
 *(.dynsym)
 *(.dynstr)
 *(.gnu.version)
 *(.gnu.version_d)
 *(.gnu.version_r)
 *(.rel.init)
 *(.rela.init)
 *(.rel.text .rel.text.* .rel.gnu.linkonce.t.*)
 *(.rela.text .rela.text.* .rela.gnu.linkonce.t.*)
 *(.rel.fini)
 *(.rela.fini)
 *(.rel.rodata .rel.rodata.* .rel.gnu.linkonce.r.*)
 *(.rela.rodata .rela.rodata.* .rela.gnu.linkonce.r.*)
 *(.rel.data .rel.data.* .rel.gnu.linkonce.d.*)
 *(.rela.data .rela.data.* .rela.gnu.linkonce.d.*)
 *(.rel.tdata .rel.tdata.* .rel.gnu.linkonce.td.*)
 *(.rela.tdata .rela.tdata.* .rela.gnu.linkonce.td.*)
 *(.rel.tbss .rel.tbss.* .rel.gnu.linkonce.tb.*)
 *(.rela.tbss .rela.tbss.* .rela.gnu.linkonce.tb.*)
 *(.rel.ctors)
 *(.rela.ctors)
 *(.rel.dtors)
 *(.rela.dtors)
 *(.rel.got)
 *(.rela.got)
 *(.rel.sdata .rel.sdata.* .rel.gnu.linkonce.s.*)
 *(.rela.sdata .rela.sdata.* .rela.gnu.linkonce.s.*)
 *(.rel.sbss .rel.sbss.* .rel.gnu.linkonce.sb.*)
 *(.rela.sbss .rela.sbss.* .rela.gnu.linkonce.sb.*)
 *(.rel.sdata2 .rel.sdata2.* .rel.gnu.linkonce.s2.*)
 *(.rela.sdata2 .rela.sdata2.* .rela.gnu.linkonce.s2.*)
 *(.rel.sbss2 .rel.sbss2.* .rel.gnu.linkonce.sb2.*)
 *(.rela.sbss2 .rela.sbss2.* .rela.gnu.linkonce.sb2.*)
 *(.rel.bss .rel.bss.* .rel.gnu.linkonce.b.*)
 *(.rela.bss .rela.bss.* .rela.gnu.linkonce.b.*)
 *(.rel.plt)
 *(.rela.plt)
 *(.rel.dyn)
 *(.init)
 *(.plt)
 *(.text .stub .text.* .gnu.linkonce.t.*)
 .text          0x0000000000800248       0x3c ../civ_001_bsp//obj/HAL/src/crt0.o
                0x0000000000800248                _start
 .text          0x0000000000800284      0x3ac obj/default/./CLI-Commands.o
                0x00000000008005cc                vRegisterCLICommands
 .text          0x0000000000800630      0x3d4 obj/default/./at24c08.o
                0x0000000000800630                eeprom_init
                0x000000000080069c                eeprom_write
                0x0000000000800784                eeprom_write_8
                0x0000000000800818                eeprom_write_16
                0x00000000008008b8                eeprom_write_32
                0x0000000000800968                eeprom_read
 .text          0x0000000000800a04      0x1e0 obj/default/./http_server.o
                0x0000000000800a04                vStartHTTPServer
 .text          0x0000000000800be4      0x1a0 obj/default/./lm75.o
                0x0000000000800be4                set_poll_period
                0x0000000000800c14                get_temp
                0x0000000000800c38                temp_getI2CStatus
                0x0000000000800c58                prvTempTask
                0x0000000000800d20                vStartTempChecking
 .text          0x0000000000800d84      0x294 obj/default/./main.o
                0x0000000000800d84                vApplicationStackOverflowHook
                0x0000000000800dc0                main
                0x0000000000800e5c                vApplicationIPNetworkEventHook
                0x0000000000800eb8                vApplicationMallocFailedHook
                0x0000000000800f00                vLoggingPrintf
                0x0000000000800f40                xApplicationGetRandomNumber
                0x0000000000800f6c                ulApplicationGetNextSequenceNumber
                0x0000000000800fac                ulDNSHandlePacket
                0x0000000000800fd0                vApplicationGetIdleTaskMemory
 .text          0x0000000000801018      0x334 obj/default/./telnet_server.o
                0x0000000000801018                vStartTelnetServer
 .text          0x000000000080134c        0x0 obj/default/FreeRTOS/FreeRTOS-Kernel/croutine.o
 .text          0x000000000080134c      0x77c obj/default/FreeRTOS/FreeRTOS-Kernel/event_groups.o
                0x000000000080134c                xEventGroupCreate
                0x00000000008013a0                xEventGroupSync
                0x0000000000801524                xEventGroupWaitBits
                0x00000000008016cc                xEventGroupClearBits
                0x0000000000801734                xEventGroupGetBitsFromISR
                0x0000000000801770                xEventGroupSetBits
                0x00000000008018f0                vEventGroupDelete
                0x0000000000801964                vEventGroupSetBitsCallback
                0x00000000008019a0                vEventGroupClearBitsCallback
                0x0000000000801a4c                uxEventGroupGetNumber
                0x0000000000801a94                vEventGroupSetNumber
 .text          0x0000000000801ac8      0x290 obj/default/FreeRTOS/FreeRTOS-Kernel/list.o
                0x0000000000801ac8                vListInitialise
                0x0000000000801b30                vListInitialiseItem
                0x0000000000801b5c                vListInsertEnd
                0x0000000000801be8                vListInsert
                0x0000000000801cc0                uxListRemove
 .text          0x0000000000801d58      0x398 obj/default/FreeRTOS/FreeRTOS-Kernel/portable/GCC/NiosII/port.o
                0x0000000000801d84                pxPortInitialiseStack
                0x0000000000801e64                xPortStartScheduler
                0x0000000000801e9c                vPortEndScheduler
                0x0000000000801f44                vPortSysTickHandler
                0x0000000000801f8c                alt_irq_register
 .text          0x00000000008020f0       0x9c obj/default/FreeRTOS/FreeRTOS-Kernel/portable/portTimer.o
                0x00000000008020f0                vConfigureTimerForRunTimeStats
                0x0000000000802134                vTaskGetTimestamp
 .text          0x000000000080218c     0x1518 obj/default/FreeRTOS/FreeRTOS-Kernel/queue.o
                0x000000000080218c                xQueueGenericReset
                0x00000000008022b8                xQueueGenericCreate
                0x0000000000802440                xQueueCreateMutex
                0x000000000080249c                xQueueGiveMutexRecursive
                0x000000000080252c                xQueueTakeMutexRecursive
                0x00000000008025c8                xQueueCreateCountingSemaphore
                0x0000000000802620                xQueueGenericSend
                0x00000000008027d4                xQueueGenericSendFromISR
                0x00000000008028c8                xQueueGiveFromISR
                0x00000000008029a4                xQueueReceive
                0x0000000000802b4c                xQueueSemaphoreTake
                0x0000000000802d5c                xQueuePeek
                0x0000000000802f0c                xQueueReceiveFromISR
                0x0000000000802ff0                xQueuePeekFromISR
                0x000000000080306c                uxQueueMessagesWaiting
                0x00000000008030ac                uxQueueSpacesAvailable
                0x0000000000803100                uxQueueMessagesWaitingFromISR
                0x0000000000803138                vQueueDelete
                0x0000000000803174                uxQueueGetQueueNumber
                0x000000000080319c                vQueueSetQueueNumber
                0x00000000008031d0                ucQueueGetQueueType
                0x00000000008035b4                xQueueIsQueueEmptyFromISR
                0x0000000000803654                xQueueIsQueueFullFromISR
 .text          0x00000000008036a4      0xfbc obj/default/FreeRTOS/FreeRTOS-Kernel/stream_buffer.o
                0x00000000008036a4                xStreamBufferGenericCreate
                0x0000000000803764                vStreamBufferDelete
                0x00000000008037c8                xStreamBufferReset
                0x000000000080387c                xStreamBufferSetTriggerLevel
                0x00000000008038e8                xStreamBufferSpacesAvailable
                0x0000000000803970                xStreamBufferBytesAvailable
                0x00000000008039b0                xStreamBufferSend
                0x0000000000803b7c                xStreamBufferSendFromISR
                0x0000000000803d44                xStreamBufferReceive
                0x0000000000803eac                xStreamBufferNextMessageLengthBytes
                0x0000000000803f54                xStreamBufferReceiveFromISR
                0x00000000008040f8                xStreamBufferIsEmpty
                0x0000000000804150                xStreamBufferIsFull
                0x00000000008041cc                xStreamBufferSendCompletedFromISR
                0x0000000000804254                xStreamBufferReceiveCompletedFromISR
                0x00000000008045d8                uxStreamBufferGetStreamBufferNumber
                0x0000000000804600                vStreamBufferSetStreamBufferNumber
                0x0000000000804634                ucStreamBufferGetStreamBufferType
 .text          0x0000000000804660     0x3130 obj/default/FreeRTOS/FreeRTOS-Kernel/tasks.o
                0x0000000000804660                xTaskCreate
                0x0000000000804a50                vTaskDelete
                0x0000000000804b38                xTaskDelayUntil
                0x0000000000804c28                vTaskDelay
                0x0000000000804c84                eTaskGetState
                0x0000000000804db8                uxTaskPriorityGet
                0x0000000000804e10                uxTaskPriorityGetFromISR
                0x0000000000804e5c                vTaskPrioritySet
                0x000000000080501c                vTaskSuspend
                0x00000000008051ac                vTaskResume
                0x0000000000805284                xTaskResumeFromISR
                0x0000000000805378                vTaskStartScheduler
                0x000000000080540c                vTaskEndScheduler
                0x0000000000805454                vTaskSuspendAll
                0x0000000000805480                xTaskResumeAll
                0x00000000008055dc                xTaskGetTickCount
                0x0000000000805604                xTaskGetTickCountFromISR
                0x0000000000805630                uxTaskGetNumberOfTasks
                0x0000000000805650                pcTaskGetName
                0x0000000000805690                uxTaskGetSystemState
                0x0000000000805854                xTaskCatchUpTicks
                0x000000000080589c                xTaskIncrementTick
                0x0000000000805a60                vTaskSwitchContext
                0x0000000000805b7c                vTaskPlaceOnEventList
                0x0000000000805bcc                vTaskPlaceOnUnorderedEventList
                0x0000000000805c30                xTaskRemoveFromEventList
                0x0000000000805d30                vTaskRemoveFromUnorderedEventList
                0x0000000000805e04                vTaskSetTimeOutState
                0x0000000000805e50                vTaskInternalSetTimeOutState
                0x0000000000805e8c                xTaskCheckForTimeOut
                0x0000000000805f74                vTaskMissedYield
                0x0000000000805f9c                uxTaskGetTaskNumber
                0x0000000000805fe4                vTaskSetTaskNumber
                0x0000000000806180                vTaskGetInfo
                0x000000000080646c                uxTaskGetStackHighWaterMark
                0x0000000000806558                xTaskGetCurrentTaskHandle
                0x0000000000806580                xTaskPriorityInherit
                0x00000000008066e0                xTaskPriorityDisinherit
                0x00000000008067e8                vTaskPriorityDisinheritAfterTimeout
                0x0000000000806944                vTaskEnterCritical
                0x0000000000806998                vTaskExitCritical
                0x0000000000806a88                vTaskList
                0x0000000000806c8c                uxTaskResetEventItemValue
                0x0000000000806cd0                pvTaskIncrementMutexHeldCount
                0x0000000000806d08                ulTaskGenericNotifyTake
                0x0000000000806e0c                xTaskGenericNotifyWait
                0x0000000000806f70                xTaskGenericNotify
                0x00000000008071a4                xTaskGenericNotifyFromISR
                0x0000000000807410                vTaskGenericNotifyGiveFromISR
                0x0000000000807570                xTaskGenericNotifyStateClear
                0x00000000008075fc                ulTaskGenericNotifyValueClear
 .text          0x0000000000807790        0x0 obj/default/FreeRTOS/FreeRTOS-Kernel/timers.o
 .text          0x0000000000807790      0x508 obj/default/FreeRTOS/FreeRTOS-Plus-CLI/FreeRTOS_CLI.o
                0x0000000000807790                FreeRTOS_CLIRegisterCommand
                0x000000000080780c                FreeRTOS_CLIProcessCommand
                0x00000000008079c0                FreeRTOS_CLIGetOutputBuffer
                0x00000000008079e0                FreeRTOS_CLIGetParameter
 .text          0x0000000000807c98      0xea8 obj/default/FreeRTOS/FreeRTOS-Plus-TCP/FreeRTOS_ARP.o
                0x0000000000807ce0                eARPProcessPacket
                0x0000000000807f9c                vARPRefreshCacheEntry
                0x00000000008082f8                eARPGetCacheEntry
                0x000000000080855c                vARPAgeCache
                0x0000000000808740                vARPSendGratuitous
                0x0000000000808774                FreeRTOS_OutputARPRequest
                0x0000000000808810                vARPGenerateRequestPacket
                0x000000000080897c                FreeRTOS_ClearARP
                0x00000000008089b8                xCheckLoopback
                0x0000000000808aa4                FreeRTOS_PrintARPCache
 .text          0x0000000000808b40        0x0 obj/default/FreeRTOS/FreeRTOS-Plus-TCP/FreeRTOS_DHCP.o
 .text          0x0000000000808b40        0x0 obj/default/FreeRTOS/FreeRTOS-Plus-TCP/FreeRTOS_DNS.o
 .text          0x0000000000808b40     0x2b44 obj/default/FreeRTOS/FreeRTOS-Plus-TCP/FreeRTOS_IP.o
                0x0000000000808f24                xIsCallingFromIPTask
                0x000000000080925c                FreeRTOS_NetworkDown
                0x00000000008092ac                FreeRTOS_NetworkDownFromISR
                0x000000000080930c                FreeRTOS_GetUDPPayloadBuffer
                0x00000000008093a0                pxDuplicateNetworkBufferWithDescriptor
                0x00000000008094c0                pxUDPPayloadBuffer_to_NetworkBuffer
                0x00000000008094f4                FreeRTOS_ReleaseUDPPayloadBuffer
                0x0000000000809530                FreeRTOS_IPInit
                0x00000000008097fc                FreeRTOS_GetAddressConfiguration
                0x000000000080988c                FreeRTOS_SetAddressConfiguration
                0x000000000080991c                xSendEventToIPTask
                0x0000000000809964                xSendEventStructToIPTask
                0x0000000000809a64                eConsiderFrameForProcessing
                0x0000000000809bc0                vIPNetworkUpCalls
                0x0000000000809d48                xIsIPv4Multicast
                0x0000000000809dcc                vSetMultiCastIPv4MacAddress
                0x000000000080a700                usGenerateProtocolChecksum
                0x000000000080ad1c                usGenerateChecksum
                0x000000000080b058                vReturnEthernetFrame
                0x000000000080b0f4                FreeRTOS_GetIPAddress
                0x000000000080b118                FreeRTOS_SetIPAddress
                0x000000000080b148                FreeRTOS_GetGatewayAddress
                0x000000000080b16c                FreeRTOS_GetDNSServerAddress
                0x000000000080b190                FreeRTOS_GetNetmask
                0x000000000080b1b4                FreeRTOS_UpdateMACAddress
                0x000000000080b1f4                FreeRTOS_GetMACAddress
                0x000000000080b218                FreeRTOS_SetNetmask
                0x000000000080b248                FreeRTOS_SetGatewayAddress
                0x000000000080b278                xIPIsNetworkTaskReady
                0x000000000080b298                FreeRTOS_IsNetworkUp
                0x000000000080b2b8                FreeRTOS_strerror_r
 .text          0x000000000080b684     0x4198 obj/default/FreeRTOS/FreeRTOS-Plus-TCP/FreeRTOS_Sockets.o
                0x000000000080bb1c                vNetworkSocketsInit
                0x000000000080bc0c                FreeRTOS_socket
                0x000000000080bdb4                FreeRTOS_CreateSocketSet
                0x000000000080be30                FreeRTOS_DeleteSocketSet
                0x000000000080be7c                FreeRTOS_FD_SET
                0x000000000080bf00                FreeRTOS_FD_CLR
                0x000000000080bf7c                FreeRTOS_FD_ISSET
                0x000000000080bfd4                FreeRTOS_select
                0x000000000080c130                FreeRTOS_recvfrom
                0x000000000080c360                FreeRTOS_sendto
                0x000000000080c544                FreeRTOS_bind
                0x000000000080c694                vSocketBind
                0x000000000080c874                FreeRTOS_closesocket
                0x000000000080c900                vSocketClose
                0x000000000080cd0c                FreeRTOS_setsockopt
                0x000000000080d3dc                pxUDPSocketLookup
                0x000000000080d43c                FreeRTOS_inet_ntoa
                0x000000000080d614                FreeRTOS_inet_pton
                0x000000000080d674                FreeRTOS_inet_ntop
                0x000000000080d6d8                FreeRTOS_inet_ntop4
                0x000000000080d750                FreeRTOS_inet_pton4
                0x000000000080d964                FreeRTOS_inet_addr
                0x000000000080d9a4                FreeRTOS_GetLocalAddress
                0x000000000080da18                vSocketWakeUpUser
                0x000000000080dd7c                FreeRTOS_connect
                0x000000000080de8c                FreeRTOS_accept
                0x000000000080e100                FreeRTOS_recv
                0x000000000080e4b0                FreeRTOS_get_tx_head
                0x000000000080e57c                FreeRTOS_send
                0x000000000080e82c                FreeRTOS_listen
                0x000000000080e97c                FreeRTOS_shutdown
                0x000000000080ea1c                xTCPTimerCheck
                0x000000000080eb88                pxTCPSocketLookup
                0x000000000080ec94                FreeRTOS_get_rx_buf
                0x000000000080ee98                lTCPAddRxdata
                0x000000000080f038                FreeRTOS_GetRemoteAddress
                0x000000000080f110                FreeRTOS_maywrite
                0x000000000080f1e4                FreeRTOS_tx_space
                0x000000000080f268                FreeRTOS_tx_size
                0x000000000080f2e4                FreeRTOS_issocketconnected
                0x000000000080f364                FreeRTOS_mss
                0x000000000080f3c0                FreeRTOS_connstatus
                0x000000000080f41c                FreeRTOS_rx_size
                0x000000000080f498                FreeRTOS_netstat
                0x000000000080f4dc                vSocketSelect
 .text          0x000000000080f81c      0x5a8 obj/default/FreeRTOS/FreeRTOS-Plus-TCP/FreeRTOS_Stream_Buffer.o
                0x000000000080fa74                uxStreamBufferAdd
                0x000000000080fc30                uxStreamBufferGet
 .text          0x000000000080fdc4     0x57ec obj/default/FreeRTOS/FreeRTOS-Plus-TCP/FreeRTOS_TCP_IP.o
                0x0000000000810368                xTCPSocketCheck
                0x00000000008120d4                vTCPStateChange
                0x0000000000814698                xProcessReceivedTCPPacket
                0x000000000081543c                FreeRTOS_GetTCPStateName
                0x00000000008154a0                xTCPCheckNewClient
 .text          0x00000000008155b0      0x958 obj/default/FreeRTOS/FreeRTOS-Plus-TCP/FreeRTOS_TCP_WIN.o
                0x00000000008156f4                vTCPWindowCreate
                0x0000000000815774                vTCPWindowInit
                0x00000000008158d4                lTCPWindowRxCheck
                0x0000000000815948                lTCPWindowTxAdd
                0x0000000000815adc                ulTCPWindowTxGet
                0x0000000000815be0                xTCPWindowTxDone
                0x0000000000815c6c                xTCPWindowTxHasData
                0x0000000000815d58                ulTCPWindowTxAck
                0x0000000000815ea0                xTCPWindowRxEmpty
                0x0000000000815ee4                vTCPWindowDestroy
 .text          0x0000000000815f08      0x704 obj/default/FreeRTOS/FreeRTOS-Plus-TCP/FreeRTOS_UDP_IP.o
                0x0000000000815f50                vProcessGeneratedUDPPacket
                0x00000000008164e0                xProcessReceivedUDPPacket
 .text          0x000000000081660c      0x398 obj/default/FreeRTOS/FreeRTOS-Plus-TCP/portable/NetworkInterface/ENC28J60/NetworkInterface.o
                0x000000000081660c                process_data_packet
                0x00000000008166dc                isr_rx_packet
                0x0000000000816728                nIRQ_Initial
                0x0000000000816784                xNetworkInterfaceInitialise
                0x00000000008167dc                vNetworkInterfaceAllocateRAMToBuffers
                0x00000000008168bc                xGetPhyLinkStatus
                0x00000000008168dc                vNetworkNotifyIFDown
                0x0000000000816910                vNetworkNotifyIFUp
                0x0000000000816944                xNetworkInterfaceOutput
 .text          0x00000000008169a4      0xb4c obj/default/FreeRTOS/FreeRTOS-Plus-TCP/portable/NetworkInterface/ENC28J60/enc.o
                0x00000000008169a4                enc_delay
                0x00000000008169e8                eth_set_bit
                0x0000000000816a64                eth_clear_bit
                0x0000000000816ae0                eth_set_bank
                0x0000000000816b50                eth_read_ctrl_8
                0x0000000000816c1c                eth_read_ctrl_16
                0x0000000000816ca0                eth_write_ctrl_8
                0x0000000000816d28                eth_write_ctrl_16
                0x0000000000816dbc                eth_write_phy
                0x0000000000816e30                eth_read_phy
                0x0000000000816ea4                eth_soft_reset
                0x0000000000816efc                eth_get_pktcnt
                0x0000000000816f2c                eth_init
                0x00000000008170f8                eth_read_buf_16
                0x000000000081718c                eth_read_buf_8
                0x00000000008171f0                eth_read_buf
                0x000000000081725c                enc_get_buf_len
                0x00000000008172b0                eth_rx_packet
                0x00000000008173c0                enc_tx_packet
 .text          0x00000000008174f0      0x68c obj/default/FreeRTOS/FreeRTOS-Kernel/portable/MemMang/heap_4.o
                0x00000000008174f0                pvPortMalloc
                0x00000000008176f8                vPortFree
                0x00000000008177bc                xPortGetFreeHeapSize
                0x00000000008177dc                xPortGetMinimumEverFreeHeapSize
                0x00000000008177fc                vPortInitialiseBlocks
                0x0000000000817a70                vPortGetHeapStats
 .text          0x0000000000817b7c      0x4a4 obj/default/FreeRTOS/FreeRTOS-Plus-TCP/portable/BufferManagement/BufferAllocation_1.o
                0x0000000000817bc0                xNetworkBuffersInitialise
                0x0000000000817cf4                pxGetNetworkBufferWithDescriptor
                0x0000000000817df8                pxNetworkBufferGetFromISR
                0x0000000000817e78                vNetworkBufferReleaseFromISR
                0x0000000000817ed4                vReleaseNetworkBufferAndDescriptor
                0x0000000000817fa8                uxGetMinimumFreeNetworkBuffers
                0x0000000000817fc8                uxGetNumberOfFreeNetworkBuffers
                0x0000000000817fec                pxResizeNetworkBufferWithDescriptor
 .text          0x0000000000818020        0x0 obj/default/FreeRTOS/FreeRTOS-Kernel/portable/GCC/NiosII/port_asm.o
 .text          0x0000000000818020      0x1b8 /home/efesxzc/intelFPGA_lite/19.1/nios2eds/bin/gnu/H-x86_64-pc-linux-gnu/bin/../lib/gcc/nios2-elf/8.3.1/mno-hw-mul/libgcc.a(lib2-divmod.o)
                0x0000000000818020                __divsi3
                0x00000000008180a0                __modsi3
                0x0000000000818118                __udivsi3
                0x000000000081817c                __umodsi3
 .text          0x00000000008181d8       0x28 /home/efesxzc/intelFPGA_lite/19.1/nios2eds/bin/gnu/H-x86_64-pc-linux-gnu/bin/../lib/gcc/nios2-elf/8.3.1/mno-hw-mul/libgcc.a(lib2-mul.o)
                0x00000000008181d8                __mulsi3
 .text          0x0000000000818200        0x0 /home/efesxzc/intelFPGA_lite/19.1/nios2eds/bin/gnu/H-x86_64-pc-linux-gnu/bin/../lib/gcc/nios2-elf/8.3.1/../../../../../H-x86_64-pc-linux-gnu/nios2-elf/lib/mno-hw-mul/libc.a(lib_a-memcmp.o)
 .text.memcmp   0x0000000000818200       0x8c /home/efesxzc/intelFPGA_lite/19.1/nios2eds/bin/gnu/H-x86_64-pc-linux-gnu/bin/../lib/gcc/nios2-elf/8.3.1/../../../../../H-x86_64-pc-linux-gnu/nios2-elf/lib/mno-hw-mul/libc.a(lib_a-memcmp.o)
                0x0000000000818200                memcmp
 .text          0x000000000081828c        0x0 /home/efesxzc/intelFPGA_lite/19.1/nios2eds/bin/gnu/H-x86_64-pc-linux-gnu/bin/../lib/gcc/nios2-elf/8.3.1/../../../../../H-x86_64-pc-linux-gnu/nios2-elf/lib/mno-hw-mul/libc.a(lib_a-memcpy.o)
 .text.memcpy   0x000000000081828c      0x100 /home/efesxzc/intelFPGA_lite/19.1/nios2eds/bin/gnu/H-x86_64-pc-linux-gnu/bin/../lib/gcc/nios2-elf/8.3.1/../../../../../H-x86_64-pc-linux-gnu/nios2-elf/lib/mno-hw-mul/libc.a(lib_a-memcpy.o)
                0x000000000081828c                memcpy
 .text          0x000000000081838c        0x0 /home/efesxzc/intelFPGA_lite/19.1/nios2eds/bin/gnu/H-x86_64-pc-linux-gnu/bin/../lib/gcc/nios2-elf/8.3.1/../../../../../H-x86_64-pc-linux-gnu/nios2-elf/lib/mno-hw-mul/libc.a(lib_a-memmove.o)
 .text.memmove  0x000000000081838c      0x12c /home/efesxzc/intelFPGA_lite/19.1/nios2eds/bin/gnu/H-x86_64-pc-linux-gnu/bin/../lib/gcc/nios2-elf/8.3.1/../../../../../H-x86_64-pc-linux-gnu/nios2-elf/lib/mno-hw-mul/libc.a(lib_a-memmove.o)
                0x000000000081838c                memmove
 .text          0x00000000008184b8        0x0 /home/efesxzc/intelFPGA_lite/19.1/nios2eds/bin/gnu/H-x86_64-pc-linux-gnu/bin/../lib/gcc/nios2-elf/8.3.1/../../../../../H-x86_64-pc-linux-gnu/nios2-elf/lib/mno-hw-mul/libc.a(lib_a-memset.o)
 .text.memset   0x00000000008184b8       0xf0 /home/efesxzc/intelFPGA_lite/19.1/nios2eds/bin/gnu/H-x86_64-pc-linux-gnu/bin/../lib/gcc/nios2-elf/8.3.1/../../../../../H-x86_64-pc-linux-gnu/nios2-elf/lib/mno-hw-mul/libc.a(lib_a-memset.o)
                0x00000000008184b8                memset
 .text          0x00000000008185a8        0x0 /home/efesxzc/intelFPGA_lite/19.1/nios2eds/bin/gnu/H-x86_64-pc-linux-gnu/bin/../lib/gcc/nios2-elf/8.3.1/../../../../../H-x86_64-pc-linux-gnu/nios2-elf/lib/mno-hw-mul/libc.a(lib_a-printf.o)
 .text._printf_r
                0x00000000008185a8       0x30 /home/efesxzc/intelFPGA_lite/19.1/nios2eds/bin/gnu/H-x86_64-pc-linux-gnu/bin/../lib/gcc/nios2-elf/8.3.1/../../../../../H-x86_64-pc-linux-gnu/nios2-elf/lib/mno-hw-mul/libc.a(lib_a-printf.o)
                0x00000000008185a8                _printf_r
 .text.printf   0x00000000008185d8       0x38 /home/efesxzc/intelFPGA_lite/19.1/nios2eds/bin/gnu/H-x86_64-pc-linux-gnu/bin/../lib/gcc/nios2-elf/8.3.1/../../../../../H-x86_64-pc-linux-gnu/nios2-elf/lib/mno-hw-mul/libc.a(lib_a-printf.o)
                0x00000000008185d8                printf
 .text          0x0000000000818610        0x0 /home/efesxzc/intelFPGA_lite/19.1/nios2eds/bin/gnu/H-x86_64-pc-linux-gnu/bin/../lib/gcc/nios2-elf/8.3.1/../../../../../H-x86_64-pc-linux-gnu/nios2-elf/lib/mno-hw-mul/libc.a(lib_a-puts.o)
 .text._puts_r  0x0000000000818610       0xcc /home/efesxzc/intelFPGA_lite/19.1/nios2eds/bin/gnu/H-x86_64-pc-linux-gnu/bin/../lib/gcc/nios2-elf/8.3.1/../../../../../H-x86_64-pc-linux-gnu/nios2-elf/lib/mno-hw-mul/libc.a(lib_a-puts.o)
                0x0000000000818610                _puts_r
 .text.puts     0x00000000008186dc       0x10 /home/efesxzc/intelFPGA_lite/19.1/nios2eds/bin/gnu/H-x86_64-pc-linux-gnu/bin/../lib/gcc/nios2-elf/8.3.1/../../../../../H-x86_64-pc-linux-gnu/nios2-elf/lib/mno-hw-mul/libc.a(lib_a-puts.o)
                0x00000000008186dc                puts
 .text          0x00000000008186ec        0x0 /home/efesxzc/intelFPGA_lite/19.1/nios2eds/bin/gnu/H-x86_64-pc-linux-gnu/bin/../lib/gcc/nios2-elf/8.3.1/../../../../../H-x86_64-pc-linux-gnu/nios2-elf/lib/mno-hw-mul/libc.a(lib_a-rand.o)
 .text.srand    0x00000000008186ec       0x14 /home/efesxzc/intelFPGA_lite/19.1/nios2eds/bin/gnu/H-x86_64-pc-linux-gnu/bin/../lib/gcc/nios2-elf/8.3.1/../../../../../H-x86_64-pc-linux-gnu/nios2-elf/lib/mno-hw-mul/libc.a(lib_a-rand.o)
                0x00000000008186ec                srand
 .text.rand     0x0000000000818700       0x60 /home/efesxzc/intelFPGA_lite/19.1/nios2eds/bin/gnu/H-x86_64-pc-linux-gnu/bin/../lib/gcc/nios2-elf/8.3.1/../../../../../H-x86_64-pc-linux-gnu/nios2-elf/lib/mno-hw-mul/libc.a(lib_a-rand.o)
                0x0000000000818700                rand
 .text          0x0000000000818760        0x0 /home/efesxzc/intelFPGA_lite/19.1/nios2eds/bin/gnu/H-x86_64-pc-linux-gnu/bin/../lib/gcc/nios2-elf/8.3.1/../../../../../H-x86_64-pc-linux-gnu/nios2-elf/lib/mno-hw-mul/libc.a(lib_a-snprintf.o)
 .text._snprintf_r
                0x0000000000818760       0xc4 /home/efesxzc/intelFPGA_lite/19.1/nios2eds/bin/gnu/H-x86_64-pc-linux-gnu/bin/../lib/gcc/nios2-elf/8.3.1/../../../../../H-x86_64-pc-linux-gnu/nios2-elf/lib/mno-hw-mul/libc.a(lib_a-snprintf.o)
                0x0000000000818760                _snprintf_r
 .text.snprintf
                0x0000000000818824       0xcc /home/efesxzc/intelFPGA_lite/19.1/nios2eds/bin/gnu/H-x86_64-pc-linux-gnu/bin/../lib/gcc/nios2-elf/8.3.1/../../../../../H-x86_64-pc-linux-gnu/nios2-elf/lib/mno-hw-mul/libc.a(lib_a-snprintf.o)
                0x0000000000818824                snprintf
 .text          0x00000000008188f0        0x0 /home/efesxzc/intelFPGA_lite/19.1/nios2eds/bin/gnu/H-x86_64-pc-linux-gnu/bin/../lib/gcc/nios2-elf/8.3.1/../../../../../H-x86_64-pc-linux-gnu/nios2-elf/lib/mno-hw-mul/libc.a(lib_a-sprintf.o)
 .text._sprintf_r
                0x00000000008188f0       0x54 /home/efesxzc/intelFPGA_lite/19.1/nios2eds/bin/gnu/H-x86_64-pc-linux-gnu/bin/../lib/gcc/nios2-elf/8.3.1/../../../../../H-x86_64-pc-linux-gnu/nios2-elf/lib/mno-hw-mul/libc.a(lib_a-sprintf.o)
                0x00000000008188f0                _sprintf_r
 .text.sprintf  0x0000000000818944       0x64 /home/efesxzc/intelFPGA_lite/19.1/nios2eds/bin/gnu/H-x86_64-pc-linux-gnu/bin/../lib/gcc/nios2-elf/8.3.1/../../../../../H-x86_64-pc-linux-gnu/nios2-elf/lib/mno-hw-mul/libc.a(lib_a-sprintf.o)
                0x0000000000818944                sprintf
 .text          0x00000000008189a8        0x0 /home/efesxzc/intelFPGA_lite/19.1/nios2eds/bin/gnu/H-x86_64-pc-linux-gnu/bin/../lib/gcc/nios2-elf/8.3.1/../../../../../H-x86_64-pc-linux-gnu/nios2-elf/lib/mno-hw-mul/libc.a(lib_a-strcpy.o)
 .text.strcpy   0x00000000008189a8       0x8c /home/efesxzc/intelFPGA_lite/19.1/nios2eds/bin/gnu/H-x86_64-pc-linux-gnu/bin/../lib/gcc/nios2-elf/8.3.1/../../../../../H-x86_64-pc-linux-gnu/nios2-elf/lib/mno-hw-mul/libc.a(lib_a-strcpy.o)
                0x00000000008189a8                strcpy
 .text          0x0000000000818a34        0x0 /home/efesxzc/intelFPGA_lite/19.1/nios2eds/bin/gnu/H-x86_64-pc-linux-gnu/bin/../lib/gcc/nios2-elf/8.3.1/../../../../../H-x86_64-pc-linux-gnu/nios2-elf/lib/mno-hw-mul/libc.a(lib_a-strlen.o)
 .text.strlen   0x0000000000818a34       0x98 /home/efesxzc/intelFPGA_lite/19.1/nios2eds/bin/gnu/H-x86_64-pc-linux-gnu/bin/../lib/gcc/nios2-elf/8.3.1/../../../../../H-x86_64-pc-linux-gnu/nios2-elf/lib/mno-hw-mul/libc.a(lib_a-strlen.o)
                0x0000000000818a34                strlen
 .text          0x0000000000818acc        0x0 /home/efesxzc/intelFPGA_lite/19.1/nios2eds/bin/gnu/H-x86_64-pc-linux-gnu/bin/../lib/gcc/nios2-elf/8.3.1/../../../../../H-x86_64-pc-linux-gnu/nios2-elf/lib/mno-hw-mul/libc.a(lib_a-strncmp.o)
 .text.strncmp  0x0000000000818acc       0xfc /home/efesxzc/intelFPGA_lite/19.1/nios2eds/bin/gnu/H-x86_64-pc-linux-gnu/bin/../lib/gcc/nios2-elf/8.3.1/../../../../../H-x86_64-pc-linux-gnu/nios2-elf/lib/mno-hw-mul/libc.a(lib_a-strncmp.o)
                0x0000000000818acc                strncmp
 .text          0x0000000000818bc8        0x0 /home/efesxzc/intelFPGA_lite/19.1/nios2eds/bin/gnu/H-x86_64-pc-linux-gnu/bin/../lib/gcc/nios2-elf/8.3.1/../../../../../H-x86_64-pc-linux-gnu/nios2-elf/lib/mno-hw-mul/libc.a(lib_a-strncpy.o)
 .text.strncpy  0x0000000000818bc8       0xe4 /home/efesxzc/intelFPGA_lite/19.1/nios2eds/bin/gnu/H-x86_64-pc-linux-gnu/bin/../lib/gcc/nios2-elf/8.3.1/../../../../../H-x86_64-pc-linux-gnu/nios2-elf/lib/mno-hw-mul/libc.a(lib_a-strncpy.o)
                0x0000000000818bc8                strncpy
 .text          0x0000000000818cac        0x0 /home/efesxzc/intelFPGA_lite/19.1/nios2eds/bin/gnu/H-x86_64-pc-linux-gnu/bin/../lib/gcc/nios2-elf/8.3.1/../../../../../H-x86_64-pc-linux-gnu/nios2-elf/lib/mno-hw-mul/libc.a(lib_a-svfprintf.o)
 .text.___svfprintf_internal_r
                0x0000000000818cac     0x2140 /home/efesxzc/intelFPGA_lite/19.1/nios2eds/bin/gnu/H-x86_64-pc-linux-gnu/bin/../lib/gcc/nios2-elf/8.3.1/../../../../../H-x86_64-pc-linux-gnu/nios2-elf/lib/mno-hw-mul/libc.a(lib_a-svfprintf.o)
                0x0000000000818cac                ___svfprintf_internal_r
 .text          0x000000000081adec        0x0 /home/efesxzc/intelFPGA_lite/19.1/nios2eds/bin/gnu/H-x86_64-pc-linux-gnu/bin/../lib/gcc/nios2-elf/8.3.1/../../../../../H-x86_64-pc-linux-gnu/nios2-elf/lib/mno-hw-mul/libc.a(lib_a-vfprintf.o)
 .text.___vfprintf_internal_r
                0x000000000081adec     0x2188 /home/efesxzc/intelFPGA_lite/19.1/nios2eds/bin/gnu/H-x86_64-pc-linux-gnu/bin/../lib/gcc/nios2-elf/8.3.1/../../../../../H-x86_64-pc-linux-gnu/nios2-elf/lib/mno-hw-mul/libc.a(lib_a-vfprintf.o)
                0x000000000081adec                ___vfprintf_internal_r
 .text.__vfprintf_internal
                0x000000000081cf74       0x18 /home/efesxzc/intelFPGA_lite/19.1/nios2eds/bin/gnu/H-x86_64-pc-linux-gnu/bin/../lib/gcc/nios2-elf/8.3.1/../../../../../H-x86_64-pc-linux-gnu/nios2-elf/lib/mno-hw-mul/libc.a(lib_a-vfprintf.o)
                0x000000000081cf74                __vfprintf_internal
 .text.__sbprintf
                0x000000000081cf8c       0xc0 /home/efesxzc/intelFPGA_lite/19.1/nios2eds/bin/gnu/H-x86_64-pc-linux-gnu/bin/../lib/gcc/nios2-elf/8.3.1/../../../../../H-x86_64-pc-linux-gnu/nios2-elf/lib/mno-hw-mul/libc.a(lib_a-vfprintf.o)
 .text          0x000000000081d04c        0x0 /home/efesxzc/intelFPGA_lite/19.1/nios2eds/bin/gnu/H-x86_64-pc-linux-gnu/bin/../lib/gcc/nios2-elf/8.3.1/../../../../../H-x86_64-pc-linux-gnu/nios2-elf/lib/mno-hw-mul/libc.a(lib_a-wsetup.o)
 .text.__swsetup_r
                0x000000000081d04c      0x160 /home/efesxzc/intelFPGA_lite/19.1/nios2eds/bin/gnu/H-x86_64-pc-linux-gnu/bin/../lib/gcc/nios2-elf/8.3.1/../../../../../H-x86_64-pc-linux-gnu/nios2-elf/lib/mno-hw-mul/libc.a(lib_a-wsetup.o)
                0x000000000081d04c                __swsetup_r
 .text          0x000000000081d1ac        0x0 /home/efesxzc/intelFPGA_lite/19.1/nios2eds/bin/gnu/H-x86_64-pc-linux-gnu/bin/../lib/gcc/nios2-elf/8.3.1/../../../../../H-x86_64-pc-linux-gnu/nios2-elf/lib/mno-hw-mul/libc.a(lib_a-dtoa.o)
 .text.quorem   0x000000000081d1ac      0x234 /home/efesxzc/intelFPGA_lite/19.1/nios2eds/bin/gnu/H-x86_64-pc-linux-gnu/bin/../lib/gcc/nios2-elf/8.3.1/../../../../../H-x86_64-pc-linux-gnu/nios2-elf/lib/mno-hw-mul/libc.a(lib_a-dtoa.o)
 .text._dtoa_r  0x000000000081d3e0     0x16c8 /home/efesxzc/intelFPGA_lite/19.1/nios2eds/bin/gnu/H-x86_64-pc-linux-gnu/bin/../lib/gcc/nios2-elf/8.3.1/../../../../../H-x86_64-pc-linux-gnu/nios2-elf/lib/mno-hw-mul/libc.a(lib_a-dtoa.o)
                0x000000000081d3e0                _dtoa_r
 .text          0x000000000081eaa8        0x0 /home/efesxzc/intelFPGA_lite/19.1/nios2eds/bin/gnu/H-x86_64-pc-linux-gnu/bin/../lib/gcc/nios2-elf/8.3.1/../../../../../H-x86_64-pc-linux-gnu/nios2-elf/lib/mno-hw-mul/libc.a(lib_a-fflush.o)
 .text.__sflush_r
                0x000000000081eaa8      0x228 /home/efesxzc/intelFPGA_lite/19.1/nios2eds/bin/gnu/H-x86_64-pc-linux-gnu/bin/../lib/gcc/nios2-elf/8.3.1/../../../../../H-x86_64-pc-linux-gnu/nios2-elf/lib/mno-hw-mul/libc.a(lib_a-fflush.o)
                0x000000000081eaa8                __sflush_r
 .text._fflush_r
                0x000000000081ecd0       0x60 /home/efesxzc/intelFPGA_lite/19.1/nios2eds/bin/gnu/H-x86_64-pc-linux-gnu/bin/../lib/gcc/nios2-elf/8.3.1/../../../../../H-x86_64-pc-linux-gnu/nios2-elf/lib/mno-hw-mul/libc.a(lib_a-fflush.o)
                0x000000000081ecd0                _fflush_r
 .text.fflush   0x000000000081ed30       0x28 /home/efesxzc/intelFPGA_lite/19.1/nios2eds/bin/gnu/H-x86_64-pc-linux-gnu/bin/../lib/gcc/nios2-elf/8.3.1/../../../../../H-x86_64-pc-linux-gnu/nios2-elf/lib/mno-hw-mul/libc.a(lib_a-fflush.o)
                0x000000000081ed30                fflush
 .text          0x000000000081ed58        0x0 /home/efesxzc/intelFPGA_lite/19.1/nios2eds/bin/gnu/H-x86_64-pc-linux-gnu/bin/../lib/gcc/nios2-elf/8.3.1/../../../../../H-x86_64-pc-linux-gnu/nios2-elf/lib/mno-hw-mul/libc.a(lib_a-findfp.o)
 .text.__fp_lock
                0x000000000081ed58        0x8 /home/efesxzc/intelFPGA_lite/19.1/nios2eds/bin/gnu/H-x86_64-pc-linux-gnu/bin/../lib/gcc/nios2-elf/8.3.1/../../../../../H-x86_64-pc-linux-gnu/nios2-elf/lib/mno-hw-mul/libc.a(lib_a-findfp.o)
 .text._cleanup_r
                0x000000000081ed60        0xc /home/efesxzc/intelFPGA_lite/19.1/nios2eds/bin/gnu/H-x86_64-pc-linux-gnu/bin/../lib/gcc/nios2-elf/8.3.1/../../../../../H-x86_64-pc-linux-gnu/nios2-elf/lib/mno-hw-mul/libc.a(lib_a-findfp.o)
                0x000000000081ed60                _cleanup_r
 .text.__sinit.part.0
                0x000000000081ed6c      0x168 /home/efesxzc/intelFPGA_lite/19.1/nios2eds/bin/gnu/H-x86_64-pc-linux-gnu/bin/../lib/gcc/nios2-elf/8.3.1/../../../../../H-x86_64-pc-linux-gnu/nios2-elf/lib/mno-hw-mul/libc.a(lib_a-findfp.o)
 .text.__fp_unlock
                0x000000000081eed4        0x8 /home/efesxzc/intelFPGA_lite/19.1/nios2eds/bin/gnu/H-x86_64-pc-linux-gnu/bin/../lib/gcc/nios2-elf/8.3.1/../../../../../H-x86_64-pc-linux-gnu/nios2-elf/lib/mno-hw-mul/libc.a(lib_a-findfp.o)
 .text.__sfmoreglue
                0x000000000081eedc       0x78 /home/efesxzc/intelFPGA_lite/19.1/nios2eds/bin/gnu/H-x86_64-pc-linux-gnu/bin/../lib/gcc/nios2-elf/8.3.1/../../../../../H-x86_64-pc-linux-gnu/nios2-elf/lib/mno-hw-mul/libc.a(lib_a-findfp.o)
                0x000000000081eedc                __sfmoreglue
 .text.__sfp    0x000000000081ef54       0xfc /home/efesxzc/intelFPGA_lite/19.1/nios2eds/bin/gnu/H-x86_64-pc-linux-gnu/bin/../lib/gcc/nios2-elf/8.3.1/../../../../../H-x86_64-pc-linux-gnu/nios2-elf/lib/mno-hw-mul/libc.a(lib_a-findfp.o)
                0x000000000081ef54                __sfp
 .text._cleanup
                0x000000000081f050       0x14 /home/efesxzc/intelFPGA_lite/19.1/nios2eds/bin/gnu/H-x86_64-pc-linux-gnu/bin/../lib/gcc/nios2-elf/8.3.1/../../../../../H-x86_64-pc-linux-gnu/nios2-elf/lib/mno-hw-mul/libc.a(lib_a-findfp.o)
                0x000000000081f050                _cleanup
 .text.__sinit  0x000000000081f064       0x10 /home/efesxzc/intelFPGA_lite/19.1/nios2eds/bin/gnu/H-x86_64-pc-linux-gnu/bin/../lib/gcc/nios2-elf/8.3.1/../../../../../H-x86_64-pc-linux-gnu/nios2-elf/lib/mno-hw-mul/libc.a(lib_a-findfp.o)
                0x000000000081f064                __sinit
 .text.__sfp_lock_acquire
                0x000000000081f074        0x4 /home/efesxzc/intelFPGA_lite/19.1/nios2eds/bin/gnu/H-x86_64-pc-linux-gnu/bin/../lib/gcc/nios2-elf/8.3.1/../../../../../H-x86_64-pc-linux-gnu/nios2-elf/lib/mno-hw-mul/libc.a(lib_a-findfp.o)
                0x000000000081f074                __sfp_lock_acquire
 .text.__sfp_lock_release
                0x000000000081f078        0x4 /home/efesxzc/intelFPGA_lite/19.1/nios2eds/bin/gnu/H-x86_64-pc-linux-gnu/bin/../lib/gcc/nios2-elf/8.3.1/../../../../../H-x86_64-pc-linux-gnu/nios2-elf/lib/mno-hw-mul/libc.a(lib_a-findfp.o)
                0x000000000081f078                __sfp_lock_release
 .text.__sinit_lock_acquire
                0x000000000081f07c        0x4 /home/efesxzc/intelFPGA_lite/19.1/nios2eds/bin/gnu/H-x86_64-pc-linux-gnu/bin/../lib/gcc/nios2-elf/8.3.1/../../../../../H-x86_64-pc-linux-gnu/nios2-elf/lib/mno-hw-mul/libc.a(lib_a-findfp.o)
                0x000000000081f07c                __sinit_lock_acquire
 .text.__sinit_lock_release
                0x000000000081f080        0x4 /home/efesxzc/intelFPGA_lite/19.1/nios2eds/bin/gnu/H-x86_64-pc-linux-gnu/bin/../lib/gcc/nios2-elf/8.3.1/../../../../../H-x86_64-pc-linux-gnu/nios2-elf/lib/mno-hw-mul/libc.a(lib_a-findfp.o)
                0x000000000081f080                __sinit_lock_release
 .text.__fp_lock_all
                0x000000000081f084       0x14 /home/efesxzc/intelFPGA_lite/19.1/nios2eds/bin/gnu/H-x86_64-pc-linux-gnu/bin/../lib/gcc/nios2-elf/8.3.1/../../../../../H-x86_64-pc-linux-gnu/nios2-elf/lib/mno-hw-mul/libc.a(lib_a-findfp.o)
                0x000000000081f084                __fp_lock_all
 .text.__fp_unlock_all
                0x000000000081f098       0x14 /home/efesxzc/intelFPGA_lite/19.1/nios2eds/bin/gnu/H-x86_64-pc-linux-gnu/bin/../lib/gcc/nios2-elf/8.3.1/../../../../../H-x86_64-pc-linux-gnu/nios2-elf/lib/mno-hw-mul/libc.a(lib_a-findfp.o)
                0x000000000081f098                __fp_unlock_all
 .text          0x000000000081f0ac        0x0 /home/efesxzc/intelFPGA_lite/19.1/nios2eds/bin/gnu/H-x86_64-pc-linux-gnu/bin/../lib/gcc/nios2-elf/8.3.1/../../../../../H-x86_64-pc-linux-gnu/nios2-elf/lib/mno-hw-mul/libc.a(lib_a-freer.o)
 .text._malloc_trim_r
                0x000000000081f0ac      0x11c /home/efesxzc/intelFPGA_lite/19.1/nios2eds/bin/gnu/H-x86_64-pc-linux-gnu/bin/../lib/gcc/nios2-elf/8.3.1/../../../../../H-x86_64-pc-linux-gnu/nios2-elf/lib/mno-hw-mul/libc.a(lib_a-freer.o)
                0x000000000081f0ac                _malloc_trim_r
 .text._free_r  0x000000000081f1c8      0x2fc /home/efesxzc/intelFPGA_lite/19.1/nios2eds/bin/gnu/H-x86_64-pc-linux-gnu/bin/../lib/gcc/nios2-elf/8.3.1/../../../../../H-x86_64-pc-linux-gnu/nios2-elf/lib/mno-hw-mul/libc.a(lib_a-freer.o)
                0x000000000081f1c8                _free_r
 .text          0x000000000081f4c4        0x0 /home/efesxzc/intelFPGA_lite/19.1/nios2eds/bin/gnu/H-x86_64-pc-linux-gnu/bin/../lib/gcc/nios2-elf/8.3.1/../../../../../H-x86_64-pc-linux-gnu/nios2-elf/lib/mno-hw-mul/libc.a(lib_a-fvwrite.o)
 .text.__sfvwrite_r
                0x000000000081f4c4      0x4d4 /home/efesxzc/intelFPGA_lite/19.1/nios2eds/bin/gnu/H-x86_64-pc-linux-gnu/bin/../lib/gcc/nios2-elf/8.3.1/../../../../../H-x86_64-pc-linux-gnu/nios2-elf/lib/mno-hw-mul/libc.a(lib_a-fvwrite.o)
                0x000000000081f4c4                __sfvwrite_r
 .text          0x000000000081f998        0x0 /home/efesxzc/intelFPGA_lite/19.1/nios2eds/bin/gnu/H-x86_64-pc-linux-gnu/bin/../lib/gcc/nios2-elf/8.3.1/../../../../../H-x86_64-pc-linux-gnu/nios2-elf/lib/mno-hw-mul/libc.a(lib_a-fwalk.o)
 .text._fwalk   0x000000000081f998       0xa4 /home/efesxzc/intelFPGA_lite/19.1/nios2eds/bin/gnu/H-x86_64-pc-linux-gnu/bin/../lib/gcc/nios2-elf/8.3.1/../../../../../H-x86_64-pc-linux-gnu/nios2-elf/lib/mno-hw-mul/libc.a(lib_a-fwalk.o)
                0x000000000081f998                _fwalk
 .text._fwalk_reent
                0x000000000081fa3c       0xb4 /home/efesxzc/intelFPGA_lite/19.1/nios2eds/bin/gnu/H-x86_64-pc-linux-gnu/bin/../lib/gcc/nios2-elf/8.3.1/../../../../../H-x86_64-pc-linux-gnu/nios2-elf/lib/mno-hw-mul/libc.a(lib_a-fwalk.o)
                0x000000000081fa3c                _fwalk_reent
 .text          0x000000000081faf0        0x0 /home/efesxzc/intelFPGA_lite/19.1/nios2eds/bin/gnu/H-x86_64-pc-linux-gnu/bin/../lib/gcc/nios2-elf/8.3.1/../../../../../H-x86_64-pc-linux-gnu/nios2-elf/lib/mno-hw-mul/libc.a(lib_a-impure.o)
 .text          0x000000000081faf0        0x0 /home/efesxzc/intelFPGA_lite/19.1/nios2eds/bin/gnu/H-x86_64-pc-linux-gnu/bin/../lib/gcc/nios2-elf/8.3.1/../../../../../H-x86_64-pc-linux-gnu/nios2-elf/lib/mno-hw-mul/libc.a(lib_a-localeconv.o)
 .text.__localeconv_l
                0x000000000081faf0        0x8 /home/efesxzc/intelFPGA_lite/19.1/nios2eds/bin/gnu/H-x86_64-pc-linux-gnu/bin/../lib/gcc/nios2-elf/8.3.1/../../../../../H-x86_64-pc-linux-gnu/nios2-elf/lib/mno-hw-mul/libc.a(lib_a-localeconv.o)
                0x000000000081faf0                __localeconv_l
 .text._localeconv_r
                0x000000000081faf8        0xc /home/efesxzc/intelFPGA_lite/19.1/nios2eds/bin/gnu/H-x86_64-pc-linux-gnu/bin/../lib/gcc/nios2-elf/8.3.1/../../../../../H-x86_64-pc-linux-gnu/nios2-elf/lib/mno-hw-mul/libc.a(lib_a-localeconv.o)
                0x000000000081faf8                _localeconv_r
 .text.localeconv
                0x000000000081fb04        0xc /home/efesxzc/intelFPGA_lite/19.1/nios2eds/bin/gnu/H-x86_64-pc-linux-gnu/bin/../lib/gcc/nios2-elf/8.3.1/../../../../../H-x86_64-pc-linux-gnu/nios2-elf/lib/mno-hw-mul/libc.a(lib_a-localeconv.o)
                0x000000000081fb04                localeconv
 .text          0x000000000081fb10        0x0 /home/efesxzc/intelFPGA_lite/19.1/nios2eds/bin/gnu/H-x86_64-pc-linux-gnu/bin/../lib/gcc/nios2-elf/8.3.1/../../../../../H-x86_64-pc-linux-gnu/nios2-elf/lib/mno-hw-mul/libc.a(lib_a-makebuf.o)
 .text.__swhatbuf_r
                0x000000000081fb10       0x98 /home/efesxzc/intelFPGA_lite/19.1/nios2eds/bin/gnu/H-x86_64-pc-linux-gnu/bin/../lib/gcc/nios2-elf/8.3.1/../../../../../H-x86_64-pc-linux-gnu/nios2-elf/lib/mno-hw-mul/libc.a(lib_a-makebuf.o)
                0x000000000081fb10                __swhatbuf_r
 .text.__smakebuf_r
                0x000000000081fba8      0x13c /home/efesxzc/intelFPGA_lite/19.1/nios2eds/bin/gnu/H-x86_64-pc-linux-gnu/bin/../lib/gcc/nios2-elf/8.3.1/../../../../../H-x86_64-pc-linux-gnu/nios2-elf/lib/mno-hw-mul/libc.a(lib_a-makebuf.o)
                0x000000000081fba8                __smakebuf_r
 .text          0x000000000081fce4        0x0 /home/efesxzc/intelFPGA_lite/19.1/nios2eds/bin/gnu/H-x86_64-pc-linux-gnu/bin/../lib/gcc/nios2-elf/8.3.1/../../../../../H-x86_64-pc-linux-gnu/nios2-elf/lib/mno-hw-mul/libc.a(lib_a-mallocr.o)
 .text._malloc_r
                0x000000000081fce4      0x7f4 /home/efesxzc/intelFPGA_lite/19.1/nios2eds/bin/gnu/H-x86_64-pc-linux-gnu/bin/../lib/gcc/nios2-elf/8.3.1/../../../../../H-x86_64-pc-linux-gnu/nios2-elf/lib/mno-hw-mul/libc.a(lib_a-mallocr.o)
                0x000000000081fce4                _malloc_r
 .text          0x00000000008204d8        0x0 /home/efesxzc/intelFPGA_lite/19.1/nios2eds/bin/gnu/H-x86_64-pc-linux-gnu/bin/../lib/gcc/nios2-elf/8.3.1/../../../../../H-x86_64-pc-linux-gnu/nios2-elf/lib/mno-hw-mul/libc.a(lib_a-memchr.o)
 .text.memchr   0x00000000008204d8       0xe8 /home/efesxzc/intelFPGA_lite/19.1/nios2eds/bin/gnu/H-x86_64-pc-linux-gnu/bin/../lib/gcc/nios2-elf/8.3.1/../../../../../H-x86_64-pc-linux-gnu/nios2-elf/lib/mno-hw-mul/libc.a(lib_a-memchr.o)
                0x00000000008204d8                memchr
 .text          0x00000000008205c0        0x0 /home/efesxzc/intelFPGA_lite/19.1/nios2eds/bin/gnu/H-x86_64-pc-linux-gnu/bin/../lib/gcc/nios2-elf/8.3.1/../../../../../H-x86_64-pc-linux-gnu/nios2-elf/lib/mno-hw-mul/libc.a(lib_a-mprec.o)
 .text._Balloc  0x00000000008205c0       0xa4 /home/efesxzc/intelFPGA_lite/19.1/nios2eds/bin/gnu/H-x86_64-pc-linux-gnu/bin/../lib/gcc/nios2-elf/8.3.1/../../../../../H-x86_64-pc-linux-gnu/nios2-elf/lib/mno-hw-mul/libc.a(lib_a-mprec.o)
                0x00000000008205c0                _Balloc
 .text._Bfree   0x0000000000820664       0x24 /home/efesxzc/intelFPGA_lite/19.1/nios2eds/bin/gnu/H-x86_64-pc-linux-gnu/bin/../lib/gcc/nios2-elf/8.3.1/../../../../../H-x86_64-pc-linux-gnu/nios2-elf/lib/mno-hw-mul/libc.a(lib_a-mprec.o)
                0x0000000000820664                _Bfree
 .text.__multadd
                0x0000000000820688      0x13c /home/efesxzc/intelFPGA_lite/19.1/nios2eds/bin/gnu/H-x86_64-pc-linux-gnu/bin/../lib/gcc/nios2-elf/8.3.1/../../../../../H-x86_64-pc-linux-gnu/nios2-elf/lib/mno-hw-mul/libc.a(lib_a-mprec.o)
                0x0000000000820688                __multadd
 .text.__s2b    0x00000000008207c4      0x110 /home/efesxzc/intelFPGA_lite/19.1/nios2eds/bin/gnu/H-x86_64-pc-linux-gnu/bin/../lib/gcc/nios2-elf/8.3.1/../../../../../H-x86_64-pc-linux-gnu/nios2-elf/lib/mno-hw-mul/libc.a(lib_a-mprec.o)
                0x00000000008207c4                __s2b
 .text.__hi0bits
                0x00000000008208d4       0x64 /home/efesxzc/intelFPGA_lite/19.1/nios2eds/bin/gnu/H-x86_64-pc-linux-gnu/bin/../lib/gcc/nios2-elf/8.3.1/../../../../../H-x86_64-pc-linux-gnu/nios2-elf/lib/mno-hw-mul/libc.a(lib_a-mprec.o)
                0x00000000008208d4                __hi0bits
 .text.__lo0bits
                0x0000000000820938       0xb0 /home/efesxzc/intelFPGA_lite/19.1/nios2eds/bin/gnu/H-x86_64-pc-linux-gnu/bin/../lib/gcc/nios2-elf/8.3.1/../../../../../H-x86_64-pc-linux-gnu/nios2-elf/lib/mno-hw-mul/libc.a(lib_a-mprec.o)
                0x0000000000820938                __lo0bits
 .text.__i2b    0x00000000008209e8       0x34 /home/efesxzc/intelFPGA_lite/19.1/nios2eds/bin/gnu/H-x86_64-pc-linux-gnu/bin/../lib/gcc/nios2-elf/8.3.1/../../../../../H-x86_64-pc-linux-gnu/nios2-elf/lib/mno-hw-mul/libc.a(lib_a-mprec.o)
                0x00000000008209e8                __i2b
 .text.__multiply
                0x0000000000820a1c      0x240 /home/efesxzc/intelFPGA_lite/19.1/nios2eds/bin/gnu/H-x86_64-pc-linux-gnu/bin/../lib/gcc/nios2-elf/8.3.1/../../../../../H-x86_64-pc-linux-gnu/nios2-elf/lib/mno-hw-mul/libc.a(lib_a-mprec.o)
                0x0000000000820a1c                __multiply
 .text.__pow5mult
                0x0000000000820c5c      0x128 /home/efesxzc/intelFPGA_lite/19.1/nios2eds/bin/gnu/H-x86_64-pc-linux-gnu/bin/../lib/gcc/nios2-elf/8.3.1/../../../../../H-x86_64-pc-linux-gnu/nios2-elf/lib/mno-hw-mul/libc.a(lib_a-mprec.o)
                0x0000000000820c5c                __pow5mult
 .text.__lshift
                0x0000000000820d84      0x13c /home/efesxzc/intelFPGA_lite/19.1/nios2eds/bin/gnu/H-x86_64-pc-linux-gnu/bin/../lib/gcc/nios2-elf/8.3.1/../../../../../H-x86_64-pc-linux-gnu/nios2-elf/lib/mno-hw-mul/libc.a(lib_a-mprec.o)
                0x0000000000820d84                __lshift
 .text.__mcmp   0x0000000000820ec0       0x58 /home/efesxzc/intelFPGA_lite/19.1/nios2eds/bin/gnu/H-x86_64-pc-linux-gnu/bin/../lib/gcc/nios2-elf/8.3.1/../../../../../H-x86_64-pc-linux-gnu/nios2-elf/lib/mno-hw-mul/libc.a(lib_a-mprec.o)
                0x0000000000820ec0                __mcmp
 .text.__mdiff  0x0000000000820f18      0x1bc /home/efesxzc/intelFPGA_lite/19.1/nios2eds/bin/gnu/H-x86_64-pc-linux-gnu/bin/../lib/gcc/nios2-elf/8.3.1/../../../../../H-x86_64-pc-linux-gnu/nios2-elf/lib/mno-hw-mul/libc.a(lib_a-mprec.o)
                0x0000000000820f18                __mdiff
 .text.__ulp    0x00000000008210d4       0x5c /home/efesxzc/intelFPGA_lite/19.1/nios2eds/bin/gnu/H-x86_64-pc-linux-gnu/bin/../lib/gcc/nios2-elf/8.3.1/../../../../../H-x86_64-pc-linux-gnu/nios2-elf/lib/mno-hw-mul/libc.a(lib_a-mprec.o)
                0x00000000008210d4                __ulp
 .text.__b2d    0x0000000000821130      0x104 /home/efesxzc/intelFPGA_lite/19.1/nios2eds/bin/gnu/H-x86_64-pc-linux-gnu/bin/../lib/gcc/nios2-elf/8.3.1/../../../../../H-x86_64-pc-linux-gnu/nios2-elf/lib/mno-hw-mul/libc.a(lib_a-mprec.o)
                0x0000000000821130                __b2d
 .text.__d2b    0x0000000000821234      0x148 /home/efesxzc/intelFPGA_lite/19.1/nios2eds/bin/gnu/H-x86_64-pc-linux-gnu/bin/../lib/gcc/nios2-elf/8.3.1/../../../../../H-x86_64-pc-linux-gnu/nios2-elf/lib/mno-hw-mul/libc.a(lib_a-mprec.o)
                0x0000000000821234                __d2b
 .text.__ratio  0x000000000082137c       0xa4 /home/efesxzc/intelFPGA_lite/19.1/nios2eds/bin/gnu/H-x86_64-pc-linux-gnu/bin/../lib/gcc/nios2-elf/8.3.1/../../../../../H-x86_64-pc-linux-gnu/nios2-elf/lib/mno-hw-mul/libc.a(lib_a-mprec.o)
                0x000000000082137c                __ratio
 .text._mprec_log10
                0x0000000000821420       0x74 /home/efesxzc/intelFPGA_lite/19.1/nios2eds/bin/gnu/H-x86_64-pc-linux-gnu/bin/../lib/gcc/nios2-elf/8.3.1/../../../../../H-x86_64-pc-linux-gnu/nios2-elf/lib/mno-hw-mul/libc.a(lib_a-mprec.o)
                0x0000000000821420                _mprec_log10
 .text.__copybits
                0x0000000000821494       0x6c /home/efesxzc/intelFPGA_lite/19.1/nios2eds/bin/gnu/H-x86_64-pc-linux-gnu/bin/../lib/gcc/nios2-elf/8.3.1/../../../../../H-x86_64-pc-linux-gnu/nios2-elf/lib/mno-hw-mul/libc.a(lib_a-mprec.o)
                0x0000000000821494                __copybits
 .text.__any_on
                0x0000000000821500       0x74 /home/efesxzc/intelFPGA_lite/19.1/nios2eds/bin/gnu/H-x86_64-pc-linux-gnu/bin/../lib/gcc/nios2-elf/8.3.1/../../../../../H-x86_64-pc-linux-gnu/nios2-elf/lib/mno-hw-mul/libc.a(lib_a-mprec.o)
                0x0000000000821500                __any_on
 .text          0x0000000000821574        0x0 /home/efesxzc/intelFPGA_lite/19.1/nios2eds/bin/gnu/H-x86_64-pc-linux-gnu/bin/../lib/gcc/nios2-elf/8.3.1/../../../../../H-x86_64-pc-linux-gnu/nios2-elf/lib/mno-hw-mul/libc.a(lib_a-reallocr.o)
 .text._realloc_r
                0x0000000000821574      0x62c /home/efesxzc/intelFPGA_lite/19.1/nios2eds/bin/gnu/H-x86_64-pc-linux-gnu/bin/../lib/gcc/nios2-elf/8.3.1/../../../../../H-x86_64-pc-linux-gnu/nios2-elf/lib/mno-hw-mul/libc.a(lib_a-reallocr.o)
                0x0000000000821574                _realloc_r
 .text          0x0000000000821ba0        0x0 /home/efesxzc/intelFPGA_lite/19.1/nios2eds/bin/gnu/H-x86_64-pc-linux-gnu/bin/../lib/gcc/nios2-elf/8.3.1/../../../../../H-x86_64-pc-linux-gnu/nios2-elf/lib/mno-hw-mul/libc.a(lib_a-sbrkr.o)
 .text._sbrk_r  0x0000000000821ba0       0x58 /home/efesxzc/intelFPGA_lite/19.1/nios2eds/bin/gnu/H-x86_64-pc-linux-gnu/bin/../lib/gcc/nios2-elf/8.3.1/../../../../../H-x86_64-pc-linux-gnu/nios2-elf/lib/mno-hw-mul/libc.a(lib_a-sbrkr.o)
                0x0000000000821ba0                _sbrk_r
 .text          0x0000000000821bf8        0x0 /home/efesxzc/intelFPGA_lite/19.1/nios2eds/bin/gnu/H-x86_64-pc-linux-gnu/bin/../lib/gcc/nios2-elf/8.3.1/../../../../../H-x86_64-pc-linux-gnu/nios2-elf/lib/mno-hw-mul/libc.a(lib_a-stdio.o)
 .text.__sread  0x0000000000821bf8       0x54 /home/efesxzc/intelFPGA_lite/19.1/nios2eds/bin/gnu/H-x86_64-pc-linux-gnu/bin/../lib/gcc/nios2-elf/8.3.1/../../../../../H-x86_64-pc-linux-gnu/nios2-elf/lib/mno-hw-mul/libc.a(lib_a-stdio.o)
                0x0000000000821bf8                __sread
 .text.__seofread
                0x0000000000821c4c        0x8 /home/efesxzc/intelFPGA_lite/19.1/nios2eds/bin/gnu/H-x86_64-pc-linux-gnu/bin/../lib/gcc/nios2-elf/8.3.1/../../../../../H-x86_64-pc-linux-gnu/nios2-elf/lib/mno-hw-mul/libc.a(lib_a-stdio.o)
                0x0000000000821c4c                __seofread
 .text.__swrite
                0x0000000000821c54       0x80 /home/efesxzc/intelFPGA_lite/19.1/nios2eds/bin/gnu/H-x86_64-pc-linux-gnu/bin/../lib/gcc/nios2-elf/8.3.1/../../../../../H-x86_64-pc-linux-gnu/nios2-elf/lib/mno-hw-mul/libc.a(lib_a-stdio.o)
                0x0000000000821c54                __swrite
 .text.__sseek  0x0000000000821cd4       0x5c /home/efesxzc/intelFPGA_lite/19.1/nios2eds/bin/gnu/H-x86_64-pc-linux-gnu/bin/../lib/gcc/nios2-elf/8.3.1/../../../../../H-x86_64-pc-linux-gnu/nios2-elf/lib/mno-hw-mul/libc.a(lib_a-stdio.o)
                0x0000000000821cd4                __sseek
 .text.__sclose
                0x0000000000821d30        0x8 /home/efesxzc/intelFPGA_lite/19.1/nios2eds/bin/gnu/H-x86_64-pc-linux-gnu/bin/../lib/gcc/nios2-elf/8.3.1/../../../../../H-x86_64-pc-linux-gnu/nios2-elf/lib/mno-hw-mul/libc.a(lib_a-stdio.o)
                0x0000000000821d30                __sclose
 .text          0x0000000000821d38        0x0 /home/efesxzc/intelFPGA_lite/19.1/nios2eds/bin/gnu/H-x86_64-pc-linux-gnu/bin/../lib/gcc/nios2-elf/8.3.1/../../../../../H-x86_64-pc-linux-gnu/nios2-elf/lib/mno-hw-mul/libc.a(lib_a-svfiprintf.o)
 .text.__ssprint_r
                0x0000000000821d38      0x1c4 /home/efesxzc/intelFPGA_lite/19.1/nios2eds/bin/gnu/H-x86_64-pc-linux-gnu/bin/../lib/gcc/nios2-elf/8.3.1/../../../../../H-x86_64-pc-linux-gnu/nios2-elf/lib/mno-hw-mul/libc.a(lib_a-svfiprintf.o)
                0x0000000000821d38                __ssprint_r
 .text.___svfiprintf_internal_r
                0x0000000000821efc     0x1138 /home/efesxzc/intelFPGA_lite/19.1/nios2eds/bin/gnu/H-x86_64-pc-linux-gnu/bin/../lib/gcc/nios2-elf/8.3.1/../../../../../H-x86_64-pc-linux-gnu/nios2-elf/lib/mno-hw-mul/libc.a(lib_a-svfiprintf.o)
                0x0000000000821efc                ___svfiprintf_internal_r
 .text          0x0000000000823034        0x0 /home/efesxzc/intelFPGA_lite/19.1/nios2eds/bin/gnu/H-x86_64-pc-linux-gnu/bin/../lib/gcc/nios2-elf/8.3.1/../../../../../H-x86_64-pc-linux-gnu/nios2-elf/lib/mno-hw-mul/libc.a(lib_a-vfiprintf.o)
 .text.__sprint_r.part.0
                0x0000000000823034       0xf4 /home/efesxzc/intelFPGA_lite/19.1/nios2eds/bin/gnu/H-x86_64-pc-linux-gnu/bin/../lib/gcc/nios2-elf/8.3.1/../../../../../H-x86_64-pc-linux-gnu/nios2-elf/lib/mno-hw-mul/libc.a(lib_a-vfiprintf.o)
 .text.__sprint_r
                0x0000000000823128       0x18 /home/efesxzc/intelFPGA_lite/19.1/nios2eds/bin/gnu/H-x86_64-pc-linux-gnu/bin/../lib/gcc/nios2-elf/8.3.1/../../../../../H-x86_64-pc-linux-gnu/nios2-elf/lib/mno-hw-mul/libc.a(lib_a-vfiprintf.o)
                0x0000000000823128                __sprint_r
 .text.___vfiprintf_internal_r
                0x0000000000823140     0x133c /home/efesxzc/intelFPGA_lite/19.1/nios2eds/bin/gnu/H-x86_64-pc-linux-gnu/bin/../lib/gcc/nios2-elf/8.3.1/../../../../../H-x86_64-pc-linux-gnu/nios2-elf/lib/mno-hw-mul/libc.a(lib_a-vfiprintf.o)
                0x0000000000823140                ___vfiprintf_internal_r
 .text.__vfiprintf_internal
                0x000000000082447c       0x18 /home/efesxzc/intelFPGA_lite/19.1/nios2eds/bin/gnu/H-x86_64-pc-linux-gnu/bin/../lib/gcc/nios2-elf/8.3.1/../../../../../H-x86_64-pc-linux-gnu/nios2-elf/lib/mno-hw-mul/libc.a(lib_a-vfiprintf.o)
                0x000000000082447c                __vfiprintf_internal
 .text.__sbprintf
                0x0000000000824494       0xc0 /home/efesxzc/intelFPGA_lite/19.1/nios2eds/bin/gnu/H-x86_64-pc-linux-gnu/bin/../lib/gcc/nios2-elf/8.3.1/../../../../../H-x86_64-pc-linux-gnu/nios2-elf/lib/mno-hw-mul/libc.a(lib_a-vfiprintf.o)
 .text          0x0000000000824554        0x0 /home/efesxzc/intelFPGA_lite/19.1/nios2eds/bin/gnu/H-x86_64-pc-linux-gnu/bin/../lib/gcc/nios2-elf/8.3.1/../../../../../H-x86_64-pc-linux-gnu/nios2-elf/lib/mno-hw-mul/libc.a(lib_a-writer.o)
 .text._write_r
                0x0000000000824554       0x64 /home/efesxzc/intelFPGA_lite/19.1/nios2eds/bin/gnu/H-x86_64-pc-linux-gnu/bin/../lib/gcc/nios2-elf/8.3.1/../../../../../H-x86_64-pc-linux-gnu/nios2-elf/lib/mno-hw-mul/libc.a(lib_a-writer.o)
                0x0000000000824554                _write_r
 .text          0x00000000008245b8        0x0 /home/efesxzc/intelFPGA_lite/19.1/nios2eds/bin/gnu/H-x86_64-pc-linux-gnu/bin/../lib/gcc/nios2-elf/8.3.1/../../../../../H-x86_64-pc-linux-gnu/nios2-elf/lib/mno-hw-mul/libc.a(closer.o)
 .text._close_r
                0x00000000008245b8       0x58 /home/efesxzc/intelFPGA_lite/19.1/nios2eds/bin/gnu/H-x86_64-pc-linux-gnu/bin/../lib/gcc/nios2-elf/8.3.1/../../../../../H-x86_64-pc-linux-gnu/nios2-elf/lib/mno-hw-mul/libc.a(closer.o)
                0x00000000008245b8                _close_r
 .text          0x0000000000824610        0x0 /home/efesxzc/intelFPGA_lite/19.1/nios2eds/bin/gnu/H-x86_64-pc-linux-gnu/bin/../lib/gcc/nios2-elf/8.3.1/../../../../../H-x86_64-pc-linux-gnu/nios2-elf/lib/mno-hw-mul/libc.a(lib_a-callocr.o)
 .text._calloc_r
                0x0000000000824610       0xcc /home/efesxzc/intelFPGA_lite/19.1/nios2eds/bin/gnu/H-x86_64-pc-linux-gnu/bin/../lib/gcc/nios2-elf/8.3.1/../../../../../H-x86_64-pc-linux-gnu/nios2-elf/lib/mno-hw-mul/libc.a(lib_a-callocr.o)
                0x0000000000824610                _calloc_r
 .text          0x00000000008246dc        0x0 /home/efesxzc/intelFPGA_lite/19.1/nios2eds/bin/gnu/H-x86_64-pc-linux-gnu/bin/../lib/gcc/nios2-elf/8.3.1/../../../../../H-x86_64-pc-linux-gnu/nios2-elf/lib/mno-hw-mul/libc.a(lib_a-fclose.o)
 .text._fclose_r
                0x00000000008246dc       0xf8 /home/efesxzc/intelFPGA_lite/19.1/nios2eds/bin/gnu/H-x86_64-pc-linux-gnu/bin/../lib/gcc/nios2-elf/8.3.1/../../../../../H-x86_64-pc-linux-gnu/nios2-elf/lib/mno-hw-mul/libc.a(lib_a-fclose.o)
                0x00000000008246dc                _fclose_r
 .text.fclose   0x00000000008247d4       0x10 /home/efesxzc/intelFPGA_lite/19.1/nios2eds/bin/gnu/H-x86_64-pc-linux-gnu/bin/../lib/gcc/nios2-elf/8.3.1/../../../../../H-x86_64-pc-linux-gnu/nios2-elf/lib/mno-hw-mul/libc.a(lib_a-fclose.o)
                0x00000000008247d4                fclose
 .text          0x00000000008247e4        0x0 /home/efesxzc/intelFPGA_lite/19.1/nios2eds/bin/gnu/H-x86_64-pc-linux-gnu/bin/../lib/gcc/nios2-elf/8.3.1/../../../../../H-x86_64-pc-linux-gnu/nios2-elf/lib/mno-hw-mul/libc.a(lib_a-fputwc.o)
 .text.__fputwc
                0x00000000008247e4      0x150 /home/efesxzc/intelFPGA_lite/19.1/nios2eds/bin/gnu/H-x86_64-pc-linux-gnu/bin/../lib/gcc/nios2-elf/8.3.1/../../../../../H-x86_64-pc-linux-gnu/nios2-elf/lib/mno-hw-mul/libc.a(lib_a-fputwc.o)
                0x00000000008247e4                __fputwc
 .text._fputwc_r
                0x0000000000824934       0x24 /home/efesxzc/intelFPGA_lite/19.1/nios2eds/bin/gnu/H-x86_64-pc-linux-gnu/bin/../lib/gcc/nios2-elf/8.3.1/../../../../../H-x86_64-pc-linux-gnu/nios2-elf/lib/mno-hw-mul/libc.a(lib_a-fputwc.o)
                0x0000000000824934                _fputwc_r
 .text.fputwc   0x0000000000824958       0x7c /home/efesxzc/intelFPGA_lite/19.1/nios2eds/bin/gnu/H-x86_64-pc-linux-gnu/bin/../lib/gcc/nios2-elf/8.3.1/../../../../../H-x86_64-pc-linux-gnu/nios2-elf/lib/mno-hw-mul/libc.a(lib_a-fputwc.o)
                0x0000000000824958                fputwc
 .text          0x00000000008249d4        0x0 /home/efesxzc/intelFPGA_lite/19.1/nios2eds/bin/gnu/H-x86_64-pc-linux-gnu/bin/../lib/gcc/nios2-elf/8.3.1/../../../../../H-x86_64-pc-linux-gnu/nios2-elf/lib/mno-hw-mul/libc.a(lib_a-fstatr.o)
 .text._fstat_r
                0x00000000008249d4       0x60 /home/efesxzc/intelFPGA_lite/19.1/nios2eds/bin/gnu/H-x86_64-pc-linux-gnu/bin/../lib/gcc/nios2-elf/8.3.1/../../../../../H-x86_64-pc-linux-gnu/nios2-elf/lib/mno-hw-mul/libc.a(lib_a-fstatr.o)
                0x00000000008249d4                _fstat_r
 .text          0x0000000000824a34        0x0 /home/efesxzc/intelFPGA_lite/19.1/nios2eds/bin/gnu/H-x86_64-pc-linux-gnu/bin/../lib/gcc/nios2-elf/8.3.1/../../../../../H-x86_64-pc-linux-gnu/nios2-elf/lib/mno-hw-mul/libc.a(lib_a-int_errno.o)
 .text          0x0000000000824a34        0x0 /home/efesxzc/intelFPGA_lite/19.1/nios2eds/bin/gnu/H-x86_64-pc-linux-gnu/bin/../lib/gcc/nios2-elf/8.3.1/../../../../../H-x86_64-pc-linux-gnu/nios2-elf/lib/mno-hw-mul/libc.a(lib_a-isattyr.o)
 .text._isatty_r
                0x0000000000824a34       0x58 /home/efesxzc/intelFPGA_lite/19.1/nios2eds/bin/gnu/H-x86_64-pc-linux-gnu/bin/../lib/gcc/nios2-elf/8.3.1/../../../../../H-x86_64-pc-linux-gnu/nios2-elf/lib/mno-hw-mul/libc.a(lib_a-isattyr.o)
                0x0000000000824a34                _isatty_r
 .text          0x0000000000824a8c        0x0 /home/efesxzc/intelFPGA_lite/19.1/nios2eds/bin/gnu/H-x86_64-pc-linux-gnu/bin/../lib/gcc/nios2-elf/8.3.1/../../../../../H-x86_64-pc-linux-gnu/nios2-elf/lib/mno-hw-mul/libc.a(lib_a-locale.o)
 .text._setlocale_r
                0x0000000000824a8c       0x70 /home/efesxzc/intelFPGA_lite/19.1/nios2eds/bin/gnu/H-x86_64-pc-linux-gnu/bin/../lib/gcc/nios2-elf/8.3.1/../../../../../H-x86_64-pc-linux-gnu/nios2-elf/lib/mno-hw-mul/libc.a(lib_a-locale.o)
                0x0000000000824a8c                _setlocale_r
 .text.__locale_mb_cur_max
                0x0000000000824afc        0xc /home/efesxzc/intelFPGA_lite/19.1/nios2eds/bin/gnu/H-x86_64-pc-linux-gnu/bin/../lib/gcc/nios2-elf/8.3.1/../../../../../H-x86_64-pc-linux-gnu/nios2-elf/lib/mno-hw-mul/libc.a(lib_a-locale.o)
                0x0000000000824afc                __locale_mb_cur_max
 .text.setlocale
                0x0000000000824b08       0x14 /home/efesxzc/intelFPGA_lite/19.1/nios2eds/bin/gnu/H-x86_64-pc-linux-gnu/bin/../lib/gcc/nios2-elf/8.3.1/../../../../../H-x86_64-pc-linux-gnu/nios2-elf/lib/mno-hw-mul/libc.a(lib_a-locale.o)
                0x0000000000824b08                setlocale
 .text          0x0000000000824b1c        0x0 /home/efesxzc/intelFPGA_lite/19.1/nios2eds/bin/gnu/H-x86_64-pc-linux-gnu/bin/../lib/gcc/nios2-elf/8.3.1/../../../../../H-x86_64-pc-linux-gnu/nios2-elf/lib/mno-hw-mul/libc.a(lib_a-lseekr.o)
 .text._lseek_r
                0x0000000000824b1c       0x64 /home/efesxzc/intelFPGA_lite/19.1/nios2eds/bin/gnu/H-x86_64-pc-linux-gnu/bin/../lib/gcc/nios2-elf/8.3.1/../../../../../H-x86_64-pc-linux-gnu/nios2-elf/lib/mno-hw-mul/libc.a(lib_a-lseekr.o)
                0x0000000000824b1c                _lseek_r
 .text          0x0000000000824b80        0x0 /home/efesxzc/intelFPGA_lite/19.1/nios2eds/bin/gnu/H-x86_64-pc-linux-gnu/bin/../lib/gcc/nios2-elf/8.3.1/../../../../../H-x86_64-pc-linux-gnu/nios2-elf/lib/mno-hw-mul/libc.a(lib_a-mbtowc_r.o)
 .text._mbtowc_r
                0x0000000000824b80        0xc /home/efesxzc/intelFPGA_lite/19.1/nios2eds/bin/gnu/H-x86_64-pc-linux-gnu/bin/../lib/gcc/nios2-elf/8.3.1/../../../../../H-x86_64-pc-linux-gnu/nios2-elf/lib/mno-hw-mul/libc.a(lib_a-mbtowc_r.o)
                0x0000000000824b80                _mbtowc_r
 .text.__ascii_mbtowc
                0x0000000000824b8c       0x44 /home/efesxzc/intelFPGA_lite/19.1/nios2eds/bin/gnu/H-x86_64-pc-linux-gnu/bin/../lib/gcc/nios2-elf/8.3.1/../../../../../H-x86_64-pc-linux-gnu/nios2-elf/lib/mno-hw-mul/libc.a(lib_a-mbtowc_r.o)
                0x0000000000824b8c                __ascii_mbtowc
 .text          0x0000000000824bd0        0x0 /home/efesxzc/intelFPGA_lite/19.1/nios2eds/bin/gnu/H-x86_64-pc-linux-gnu/bin/../lib/gcc/nios2-elf/8.3.1/../../../../../H-x86_64-pc-linux-gnu/nios2-elf/lib/mno-hw-mul/libc.a(lib_a-readr.o)
 .text._read_r  0x0000000000824bd0       0x64 /home/efesxzc/intelFPGA_lite/19.1/nios2eds/bin/gnu/H-x86_64-pc-linux-gnu/bin/../lib/gcc/nios2-elf/8.3.1/../../../../../H-x86_64-pc-linux-gnu/nios2-elf/lib/mno-hw-mul/libc.a(lib_a-readr.o)
                0x0000000000824bd0                _read_r
 .text          0x0000000000824c34        0x0 /home/efesxzc/intelFPGA_lite/19.1/nios2eds/bin/gnu/H-x86_64-pc-linux-gnu/bin/../lib/gcc/nios2-elf/8.3.1/../../../../../H-x86_64-pc-linux-gnu/nios2-elf/lib/mno-hw-mul/libc.a(lib_a-strcmp.o)
 .text.strcmp   0x0000000000824c34       0xd8 /home/efesxzc/intelFPGA_lite/19.1/nios2eds/bin/gnu/H-x86_64-pc-linux-gnu/bin/../lib/gcc/nios2-elf/8.3.1/../../../../../H-x86_64-pc-linux-gnu/nios2-elf/lib/mno-hw-mul/libc.a(lib_a-strcmp.o)
                0x0000000000824c34                strcmp
 .text          0x0000000000824d0c        0x0 /home/efesxzc/intelFPGA_lite/19.1/nios2eds/bin/gnu/H-x86_64-pc-linux-gnu/bin/../lib/gcc/nios2-elf/8.3.1/../../../../../H-x86_64-pc-linux-gnu/nios2-elf/lib/mno-hw-mul/libc.a(lib_a-wbuf.o)
 .text.__swbuf_r
                0x0000000000824d0c      0x148 /home/efesxzc/intelFPGA_lite/19.1/nios2eds/bin/gnu/H-x86_64-pc-linux-gnu/bin/../lib/gcc/nios2-elf/8.3.1/../../../../../H-x86_64-pc-linux-gnu/nios2-elf/lib/mno-hw-mul/libc.a(lib_a-wbuf.o)
                0x0000000000824d0c                __swbuf_r
 .text.__swbuf  0x0000000000824e54       0x14 /home/efesxzc/intelFPGA_lite/19.1/nios2eds/bin/gnu/H-x86_64-pc-linux-gnu/bin/../lib/gcc/nios2-elf/8.3.1/../../../../../H-x86_64-pc-linux-gnu/nios2-elf/lib/mno-hw-mul/libc.a(lib_a-wbuf.o)
                0x0000000000824e54                __swbuf
 .text          0x0000000000824e68        0x0 /home/efesxzc/intelFPGA_lite/19.1/nios2eds/bin/gnu/H-x86_64-pc-linux-gnu/bin/../lib/gcc/nios2-elf/8.3.1/../../../../../H-x86_64-pc-linux-gnu/nios2-elf/lib/mno-hw-mul/libc.a(lib_a-wcrtomb.o)
 .text._wcrtomb_r
                0x0000000000824e68       0x6c /home/efesxzc/intelFPGA_lite/19.1/nios2eds/bin/gnu/H-x86_64-pc-linux-gnu/bin/../lib/gcc/nios2-elf/8.3.1/../../../../../H-x86_64-pc-linux-gnu/nios2-elf/lib/mno-hw-mul/libc.a(lib_a-wcrtomb.o)
                0x0000000000824e68                _wcrtomb_r
 .text.wcrtomb  0x0000000000824ed4       0x84 /home/efesxzc/intelFPGA_lite/19.1/nios2eds/bin/gnu/H-x86_64-pc-linux-gnu/bin/../lib/gcc/nios2-elf/8.3.1/../../../../../H-x86_64-pc-linux-gnu/nios2-elf/lib/mno-hw-mul/libc.a(lib_a-wcrtomb.o)
                0x0000000000824ed4                wcrtomb
 .text          0x0000000000824f58        0x0 /home/efesxzc/intelFPGA_lite/19.1/nios2eds/bin/gnu/H-x86_64-pc-linux-gnu/bin/../lib/gcc/nios2-elf/8.3.1/../../../../../H-x86_64-pc-linux-gnu/nios2-elf/lib/mno-hw-mul/libc.a(lib_a-wctomb_r.o)
 .text._wctomb_r
                0x0000000000824f58        0xc /home/efesxzc/intelFPGA_lite/19.1/nios2eds/bin/gnu/H-x86_64-pc-linux-gnu/bin/../lib/gcc/nios2-elf/8.3.1/../../../../../H-x86_64-pc-linux-gnu/nios2-elf/lib/mno-hw-mul/libc.a(lib_a-wctomb_r.o)
                0x0000000000824f58                _wctomb_r
 .text.__ascii_wctomb
                0x0000000000824f64       0x30 /home/efesxzc/intelFPGA_lite/19.1/nios2eds/bin/gnu/H-x86_64-pc-linux-gnu/bin/../lib/gcc/nios2-elf/8.3.1/../../../../../H-x86_64-pc-linux-gnu/nios2-elf/lib/mno-hw-mul/libc.a(lib_a-wctomb_r.o)
                0x0000000000824f64                __ascii_wctomb
 .text          0x0000000000824f94        0x0 /home/efesxzc/intelFPGA_lite/19.1/nios2eds/bin/gnu/H-x86_64-pc-linux-gnu/bin/../lib/gcc/nios2-elf/8.3.1/../../../../../H-x86_64-pc-linux-gnu/nios2-elf/lib/mno-hw-mul/libc.a(lib_a-ctype_.o)
 .text          0x0000000000824f94      0x108 /home/efesxzc/intelFPGA_lite/19.1/nios2eds/bin/gnu/H-x86_64-pc-linux-gnu/bin/../lib/gcc/nios2-elf/8.3.1/mno-hw-mul/libgcc.a(_muldi3.o)
                0x0000000000824f94                __muldi3
 .text          0x000000000082509c      0x61c /home/efesxzc/intelFPGA_lite/19.1/nios2eds/bin/gnu/H-x86_64-pc-linux-gnu/bin/../lib/gcc/nios2-elf/8.3.1/mno-hw-mul/libgcc.a(_udivdi3.o)
                0x000000000082509c                __udivdi3
 .text          0x00000000008256b8      0x5c8 /home/efesxzc/intelFPGA_lite/19.1/nios2eds/bin/gnu/H-x86_64-pc-linux-gnu/bin/../lib/gcc/nios2-elf/8.3.1/mno-hw-mul/libgcc.a(_umoddi3.o)
                0x00000000008256b8                __umoddi3
 .text          0x0000000000825c80      0x9a0 /home/efesxzc/intelFPGA_lite/19.1/nios2eds/bin/gnu/H-x86_64-pc-linux-gnu/bin/../lib/gcc/nios2-elf/8.3.1/mno-hw-mul/libgcc.a(adddf3.o)
                0x0000000000825c80                __adddf3
 .text          0x0000000000826620      0x964 /home/efesxzc/intelFPGA_lite/19.1/nios2eds/bin/gnu/H-x86_64-pc-linux-gnu/bin/../lib/gcc/nios2-elf/8.3.1/mno-hw-mul/libgcc.a(divdf3.o)
                0x0000000000826620                __divdf3
 .text          0x0000000000826f84       0x80 /home/efesxzc/intelFPGA_lite/19.1/nios2eds/bin/gnu/H-x86_64-pc-linux-gnu/bin/../lib/gcc/nios2-elf/8.3.1/mno-hw-mul/libgcc.a(eqdf2.o)
                0x0000000000826f84                __eqdf2
                0x0000000000826f84                __nedf2
 .text          0x0000000000827004       0xf0 /home/efesxzc/intelFPGA_lite/19.1/nios2eds/bin/gnu/H-x86_64-pc-linux-gnu/bin/../lib/gcc/nios2-elf/8.3.1/mno-hw-mul/libgcc.a(gedf2.o)
                0x0000000000827004                __gtdf2
                0x0000000000827004                __gedf2
 .text          0x00000000008270f4       0xf0 /home/efesxzc/intelFPGA_lite/19.1/nios2eds/bin/gnu/H-x86_64-pc-linux-gnu/bin/../lib/gcc/nios2-elf/8.3.1/mno-hw-mul/libgcc.a(ledf2.o)
                0x00000000008270f4                __ltdf2
                0x00000000008270f4                __ledf2
 .text          0x00000000008271e4      0x7e0 /home/efesxzc/intelFPGA_lite/19.1/nios2eds/bin/gnu/H-x86_64-pc-linux-gnu/bin/../lib/gcc/nios2-elf/8.3.1/mno-hw-mul/libgcc.a(muldf3.o)
                0x00000000008271e4                __muldf3
 .text          0x00000000008279c4      0x96c /home/efesxzc/intelFPGA_lite/19.1/nios2eds/bin/gnu/H-x86_64-pc-linux-gnu/bin/../lib/gcc/nios2-elf/8.3.1/mno-hw-mul/libgcc.a(subdf3.o)
                0x00000000008279c4                __subdf3
 .text          0x0000000000828330       0x54 /home/efesxzc/intelFPGA_lite/19.1/nios2eds/bin/gnu/H-x86_64-pc-linux-gnu/bin/../lib/gcc/nios2-elf/8.3.1/mno-hw-mul/libgcc.a(unorddf2.o)
                0x0000000000828330                __unorddf2
 .text          0x0000000000828384       0x80 /home/efesxzc/intelFPGA_lite/19.1/nios2eds/bin/gnu/H-x86_64-pc-linux-gnu/bin/../lib/gcc/nios2-elf/8.3.1/mno-hw-mul/libgcc.a(fixdfsi.o)
                0x0000000000828384                __fixdfsi
 .text          0x0000000000828404       0xc8 /home/efesxzc/intelFPGA_lite/19.1/nios2eds/bin/gnu/H-x86_64-pc-linux-gnu/bin/../lib/gcc/nios2-elf/8.3.1/mno-hw-mul/libgcc.a(floatsidf.o)
                0x0000000000828404                __floatsidf
 .text          0x00000000008284cc       0x9c /home/efesxzc/intelFPGA_lite/19.1/nios2eds/bin/gnu/H-x86_64-pc-linux-gnu/bin/../lib/gcc/nios2-elf/8.3.1/mno-hw-mul/libgcc.a(floatunsidf.o)
                0x00000000008284cc                __floatunsidf
 .text          0x0000000000828568        0x0 /home/efesxzc/intelFPGA_lite/19.1/nios2eds/bin/gnu/H-x86_64-pc-linux-gnu/bin/../lib/gcc/nios2-elf/8.3.1/mno-hw-mul/libgcc.a(_clz.o)
 .text          0x0000000000828568       0x54 /home/efesxzc/intelFPGA_lite/19.1/nios2eds/bin/gnu/H-x86_64-pc-linux-gnu/bin/../lib/gcc/nios2-elf/8.3.1/mno-hw-mul/libgcc.a(_clzsi2.o)
                0x0000000000828568                __clzsi2
 .text          0x00000000008285bc      0x118 ../civ_001_bsp//libhal_bsp.a(alt_close.o)
                0x00000000008285f8                close
 .text          0x00000000008286d4       0x2c ../civ_001_bsp//libhal_bsp.a(alt_dev.o)
 .text          0x0000000000828700        0x0 ../civ_001_bsp//libhal_bsp.a(alt_errno.o)
 .text          0x0000000000828700       0xf8 ../civ_001_bsp//libhal_bsp.a(alt_fstat.o)
                0x000000000082873c                fstat
 .text          0x00000000008287f8        0x0 ../civ_001_bsp//libhal_bsp.a(alt_irq_handler.o)
 .text          0x00000000008287f8        0x0 ../civ_001_bsp//libhal_bsp.a(alt_irq_vars.o)
 .text          0x00000000008287f8       0xec ../civ_001_bsp//libhal_bsp.a(alt_isatty.o)
                0x0000000000828834                isatty
 .text          0x00000000008288e4       0xec ../civ_001_bsp//libhal_bsp.a(alt_load.o)
                0x000000000082894c                alt_load
 .text          0x00000000008289d0      0x11c ../civ_001_bsp//libhal_bsp.a(alt_lseek.o)
                0x0000000000828a0c                lseek
 .text          0x0000000000828aec       0x7c ../civ_001_bsp//libhal_bsp.a(alt_main.o)
                0x0000000000828aec                alt_main
 .text          0x0000000000828b68       0x48 ../civ_001_bsp//libhal_bsp.a(alt_malloc_lock.o)
                0x0000000000828b68                __malloc_lock
                0x0000000000828b8c                __malloc_unlock
 .text          0x0000000000828bb0      0x144 ../civ_001_bsp//libhal_bsp.a(alt_read.o)
                0x0000000000828bec                read
 .text          0x0000000000828cf4       0x70 ../civ_001_bsp//libhal_bsp.a(alt_release_fd.o)
                0x0000000000828cf4                alt_release_fd
 .text          0x0000000000828d64       0xb0 ../civ_001_bsp//libhal_bsp.a(alt_sbrk.o)
                0x0000000000828d64                sbrk
 .text          0x0000000000828e14      0x140 ../civ_001_bsp//libhal_bsp.a(alt_write.o)
                0x0000000000828e50                write
 .text          0x0000000000828f54       0xec ../civ_001_bsp//libhal_bsp.a(alt_sys_init.o)
                0x0000000000828f88                alt_irq_init
                0x0000000000828fc0                alt_sys_init
 .text          0x0000000000829040     0x1bfc ../civ_001_bsp//libhal_bsp.a(altera_avalon_i2c.o)
                0x0000000000829150                alt_avalon_i2c_register_optional_irq_handler
                0x000000000082923c                alt_avalon_i2c_register_callback
                0x0000000000829290                alt_avalon_i2c_init
                0x0000000000829350                alt_avalon_i2c_open
                0x0000000000829390                alt_avalon_i2c_enable
                0x0000000000829428                alt_avalon_i2c_disable
                0x0000000000829474                alt_avalon_i2c_master_config_get
                0x0000000000829524                alt_avalon_i2c_master_config_set
                0x00000000008295f0                alt_avalon_i2c_master_config_speed_get
                0x0000000000829684                alt_avalon_i2c_master_config_speed_set
                0x0000000000829780                alt_avalon_i2c_is_busy
                0x00000000008297c4                alt_avalon_i2c_rx_read_available
                0x0000000000829870                alt_avalon_i2c_rx_read
                0x0000000000829918                alt_avalon_i2c_cmd_write
                0x0000000000829a04                alt_avalon_i2c_send_address
                0x0000000000829af4                alt_avalon_i2c_master_target_get
                0x0000000000829b2c                alt_avalon_i2c_master_target_set
                0x0000000000829b60                alt_avalon_i2c_check_nack
                0x0000000000829bac                alt_avalon_i2c_check_arblost
                0x0000000000829bf8                alt_avalon_i2c_interrupt_transaction_status
                0x0000000000829d34                alt_avalon_i2c_master_tx
                0x0000000000829e1c                alt_avalon_i2c_master_rx
                0x0000000000829f58                alt_avalon_i2c_master_tx_rx
                0x000000000082a120                alt_avalon_i2c_master_transmit
                0x000000000082a2e0                alt_avalon_i2c_master_transmit_using_interrupts
                0x000000000082a4ec                alt_avalon_i2c_master_receive
                0x000000000082a6fc                alt_avalon_i2c_master_receive_using_interrupts
                0x000000000082a8ec                alt_avalon_i2c_int_status_get
                0x000000000082a944                alt_avalon_i2c_int_raw_status_get
                0x000000000082a988                alt_avalon_i2c_int_clear
                0x000000000082a9c4                alt_avalon_i2c_int_disable
                0x000000000082aa30                alt_avalon_i2c_int_enable
                0x000000000082aa98                alt_avalon_i2c_enabled_ints_get
                0x000000000082aadc                alt_avalon_i2c_rx_fifo_threshold_get
                0x000000000082ab28                alt_avalon_i2c_rx_fifo_threshold_set
                0x000000000082ab8c                alt_avalon_i2c_tfr_cmd_fifo_threshold_get
                0x000000000082abd8                alt_avalon_i2c_tfr_cmd_fifo_threshold_set
 .text          0x000000000082ac3c      0x164 ../civ_001_bsp//libhal_bsp.a(altera_avalon_jtag_uart_fd.o)
                0x000000000082ac3c                altera_avalon_jtag_uart_read_fd
                0x000000000082ac9c                altera_avalon_jtag_uart_write_fd
                0x000000000082acfc                altera_avalon_jtag_uart_close_fd
                0x000000000082ad4c                altera_avalon_jtag_uart_ioctl_fd
 .text          0x000000000082ada0      0x3c4 ../civ_001_bsp//libhal_bsp.a(altera_avalon_jtag_uart_init.o)
                0x000000000082ada0                altera_avalon_jtag_uart_init
                0x000000000082b0fc                altera_avalon_jtag_uart_close
 .text          0x000000000082b164       0xf4 ../civ_001_bsp//libhal_bsp.a(altera_avalon_jtag_uart_ioctl.o)
                0x000000000082b164                altera_avalon_jtag_uart_ioctl
 .text          0x000000000082b258      0x21c ../civ_001_bsp//libhal_bsp.a(altera_avalon_jtag_uart_read.o)
                0x000000000082b258                altera_avalon_jtag_uart_read
 .text          0x000000000082b474      0x224 ../civ_001_bsp//libhal_bsp.a(altera_avalon_jtag_uart_write.o)
                0x000000000082b474                altera_avalon_jtag_uart_write
 .text          0x000000000082b698      0x1fc ../civ_001_bsp//libhal_bsp.a(altera_avalon_spi.o)
                0x000000000082b698                alt_avalon_spi_command
 .text          0x000000000082b894       0xf0 ../civ_001_bsp//libhal_bsp.a(altera_avalon_timer_sc.o)
                0x000000000082b910                alt_avalon_timer_sc_init
 .text          0x000000000082b984      0x12c ../civ_001_bsp//libhal_bsp.a(alt_alarm_start.o)
                0x000000000082b984                alt_alarm_start
 .text          0x000000000082bab0      0x158 ../civ_001_bsp//libhal_bsp.a(alt_busy_sleep.o)
                0x000000000082bab0                alt_busy_sleep
 .text          0x000000000082bc08       0x20 ../civ_001_bsp//libhal_bsp.a(alt_dcache_flush_all.o)
                0x000000000082bc08                alt_dcache_flush_all
 .text          0x000000000082bc28       0xe0 ../civ_001_bsp//libhal_bsp.a(alt_dev_llist_insert.o)
                0x000000000082bc64                alt_dev_llist_insert
 .text          0x000000000082bd08       0x60 ../civ_001_bsp//libhal_bsp.a(alt_do_ctors.o)
                0x000000000082bd08                _do_ctors
 .text          0x000000000082bd68       0x60 ../civ_001_bsp//libhal_bsp.a(alt_do_dtors.o)
                0x000000000082bd68                _do_dtors
 .text          0x000000000082bdc8       0x90 ../civ_001_bsp//libhal_bsp.a(alt_find_dev.o)
                0x000000000082bdc8                alt_find_dev
 .text          0x000000000082be58       0x20 ../civ_001_bsp//libhal_bsp.a(alt_icache_flush_all.o)
                0x000000000082be58                alt_icache_flush_all
 .text          0x000000000082be78      0x150 ../civ_001_bsp//libhal_bsp.a(alt_io_redirect.o)
                0x000000000082bf4c                alt_io_redirect
 .text          0x000000000082bfc8      0x278 ../civ_001_bsp//libhal_bsp.a(alt_open.o)
                0x000000000082c0e0                open
 .text          0x000000000082c240      0x22c ../civ_001_bsp//libhal_bsp.a(alt_printf.o)
                0x000000000082c240                alt_printf
 .text          0x000000000082c46c       0x30 ../civ_001_bsp//libhal_bsp.a(alt_putchar.o)
                0x000000000082c46c                alt_putchar
 .text          0x000000000082c49c      0x1a4 ../civ_001_bsp//libhal_bsp.a(alt_tick.o)
                0x000000000082c49c                alt_alarm_stop
                0x000000000082c538                alt_tick
 .text          0x000000000082c640       0x24 ../civ_001_bsp//libhal_bsp.a(altera_nios2_gen2_irq.o)
                0x000000000082c640                altera_nios2_gen2_irq_init
 .text          0x000000000082c664      0x108 ../civ_001_bsp//libhal_bsp.a(alt_find_file.o)
                0x000000000082c664                alt_find_file
 .text          0x000000000082c76c       0xb8 ../civ_001_bsp//libhal_bsp.a(alt_get_fd.o)
                0x000000000082c76c                alt_get_fd
 .text          0x000000000082c824        0x0 /home/efesxzc/intelFPGA_lite/19.1/nios2eds/bin/gnu/H-x86_64-pc-linux-gnu/bin/../lib/gcc/nios2-elf/8.3.1/../../../../../H-x86_64-pc-linux-gnu/nios2-elf/lib/mno-hw-mul/libc.a(lib_a-atexit.o)
 .text.atexit   0x000000000082c824       0x14 /home/efesxzc/intelFPGA_lite/19.1/nios2eds/bin/gnu/H-x86_64-pc-linux-gnu/bin/../lib/gcc/nios2-elf/8.3.1/../../../../../H-x86_64-pc-linux-gnu/nios2-elf/lib/mno-hw-mul/libc.a(lib_a-atexit.o)
                0x000000000082c824                atexit
 .text          0x000000000082c838        0x0 /home/efesxzc/intelFPGA_lite/19.1/nios2eds/bin/gnu/H-x86_64-pc-linux-gnu/bin/../lib/gcc/nios2-elf/8.3.1/../../../../../H-x86_64-pc-linux-gnu/nios2-elf/lib/mno-hw-mul/libc.a(lib_a-exit.o)
 .text.exit     0x000000000082c838       0x34 /home/efesxzc/intelFPGA_lite/19.1/nios2eds/bin/gnu/H-x86_64-pc-linux-gnu/bin/../lib/gcc/nios2-elf/8.3.1/../../../../../H-x86_64-pc-linux-gnu/nios2-elf/lib/mno-hw-mul/libc.a(lib_a-exit.o)
                0x000000000082c838                exit
 .text          0x000000000082c86c        0x0 /home/efesxzc/intelFPGA_lite/19.1/nios2eds/bin/gnu/H-x86_64-pc-linux-gnu/bin/../lib/gcc/nios2-elf/8.3.1/../../../../../H-x86_64-pc-linux-gnu/nios2-elf/lib/mno-hw-mul/libc.a(lib_a-putchar.o)
 .text._putchar_r
                0x000000000082c86c        0x8 /home/efesxzc/intelFPGA_lite/19.1/nios2eds/bin/gnu/H-x86_64-pc-linux-gnu/bin/../lib/gcc/nios2-elf/8.3.1/../../../../../H-x86_64-pc-linux-gnu/nios2-elf/lib/mno-hw-mul/libc.a(lib_a-putchar.o)
                0x000000000082c86c                _putchar_r
 .text.putchar  0x000000000082c874       0x18 /home/efesxzc/intelFPGA_lite/19.1/nios2eds/bin/gnu/H-x86_64-pc-linux-gnu/bin/../lib/gcc/nios2-elf/8.3.1/../../../../../H-x86_64-pc-linux-gnu/nios2-elf/lib/mno-hw-mul/libc.a(lib_a-putchar.o)
                0x000000000082c874                putchar
 .text          0x000000000082c88c        0x0 /home/efesxzc/intelFPGA_lite/19.1/nios2eds/bin/gnu/H-x86_64-pc-linux-gnu/bin/../lib/gcc/nios2-elf/8.3.1/../../../../../H-x86_64-pc-linux-gnu/nios2-elf/lib/mno-hw-mul/libc.a(lib_a-__atexit.o)
 .text.__register_exitproc
                0x000000000082c88c       0x90 /home/efesxzc/intelFPGA_lite/19.1/nios2eds/bin/gnu/H-x86_64-pc-linux-gnu/bin/../lib/gcc/nios2-elf/8.3.1/../../../../../H-x86_64-pc-linux-gnu/nios2-elf/lib/mno-hw-mul/libc.a(lib_a-__atexit.o)
                0x000000000082c88c                __register_exitproc
 .text          0x000000000082c91c        0x0 /home/efesxzc/intelFPGA_lite/19.1/nios2eds/bin/gnu/H-x86_64-pc-linux-gnu/bin/../lib/gcc/nios2-elf/8.3.1/../../../../../H-x86_64-pc-linux-gnu/nios2-elf/lib/mno-hw-mul/libc.a(lib_a-__call_atexit.o)
 .text.__call_exitprocs
                0x000000000082c91c      0x118 /home/efesxzc/intelFPGA_lite/19.1/nios2eds/bin/gnu/H-x86_64-pc-linux-gnu/bin/../lib/gcc/nios2-elf/8.3.1/../../../../../H-x86_64-pc-linux-gnu/nios2-elf/lib/mno-hw-mul/libc.a(lib_a-__call_atexit.o)
                0x000000000082c91c                __call_exitprocs
 .text          0x000000000082ca34        0x0 /home/efesxzc/intelFPGA_lite/19.1/nios2eds/bin/gnu/H-x86_64-pc-linux-gnu/bin/../lib/gcc/nios2-elf/8.3.1/../../../../../H-x86_64-pc-linux-gnu/nios2-elf/lib/mno-hw-mul/libc.a(lib_a-putc.o)
 .text._putc_r  0x000000000082ca34       0xcc /home/efesxzc/intelFPGA_lite/19.1/nios2eds/bin/gnu/H-x86_64-pc-linux-gnu/bin/../lib/gcc/nios2-elf/8.3.1/../../../../../H-x86_64-pc-linux-gnu/nios2-elf/lib/mno-hw-mul/libc.a(lib_a-putc.o)
                0x000000000082ca34                _putc_r
 .text.putc     0x000000000082cb00       0xe0 /home/efesxzc/intelFPGA_lite/19.1/nios2eds/bin/gnu/H-x86_64-pc-linux-gnu/bin/../lib/gcc/nios2-elf/8.3.1/../../../../../H-x86_64-pc-linux-gnu/nios2-elf/lib/mno-hw-mul/libc.a(lib_a-putc.o)
                0x000000000082cb00                putc
 .text          0x000000000082cbe0       0x34 ../civ_001_bsp//libhal_bsp.a(alt_exit.o)
                0x000000000082cbe0                _exit
 *(.gnu.warning.*)
 *(.fini)
                [!provide]                        PROVIDE (__etext = ABSOLUTE (.))
                [!provide]                        PROVIDE (_etext = ABSOLUTE (.))
                [!provide]                        PROVIDE (etext = ABSOLUTE (.))
 *(.eh_frame_hdr)
                0x000000000082cc14                . = ALIGN (0x4)
                [!provide]                        PROVIDE (__preinit_array_start = ABSOLUTE (.))
 *(.preinit_array)
                [!provide]                        PROVIDE (__preinit_array_end = ABSOLUTE (.))
                [!provide]                        PROVIDE (__init_array_start = ABSOLUTE (.))
 *(.init_array)
                [!provide]                        PROVIDE (__init_array_end = ABSOLUTE (.))