Archive member included to satisfy reference by file (symbol)

/home/efesxzc/intelFPGA_lite/19.1/nios2eds/bin/gnu/H-x86_64-pc-linux-gnu/bin/../lib/gcc/nios2-elf/8.3.1/mno-hw-mul/libgcc.a(lib2-divmod.o)
                              obj/default/./lm75.o (__udivsi3)
/home/efesxzc/intelFPGA_lite/19.1/nios2eds/bin/gnu/H-x86_64-pc-linux-gnu/bin/../lib/gcc/nios2-elf/8.3.1/mno-hw-mul/libgcc.a(lib2-mul.o)
                              obj/default/./lm75.o (__mulsi3)
/home/efesxzc/intelFPGA_lite/19.1/nios2eds/bin/gnu/H-x86_64-pc-linux-gnu/bin/../lib/gcc/nios2-elf/8.3.1/../../../../../H-x86_64-pc-linux-gnu/nios2-elf/lib/mno-hw-mul/libc.a(lib_a-memcmp.o)
                              obj/default/FreeRTOS/FreeRTOS-Plus-TCP/FreeRTOS_ARP.o (memcmp)
/home/efesxzc/intelFPGA_lite/19.1/nios2eds/bin/gnu/H-x86_64-pc-linux-gnu/bin/../lib/gcc/nios2-elf/8.3.1/../../../../../H-x86_64-pc-linux-gnu/nios2-elf/lib/mno-hw-mul/libc.a(lib_a-memcpy.o)
                              obj/default/FreeRTOS/FreeRTOS-Kernel/queue.o (memcpy)
/home/efesxzc/intelFPGA_lite/19.1/nios2eds/bin/gnu/H-x86_64-pc-linux-gnu/bin/../lib/gcc/nios2-elf/8.3.1/../../../../../H-x86_64-pc-linux-gnu/nios2-elf/lib/mno-hw-mul/libc.a(lib_a-memmove.o)
                              obj/default/FreeRTOS/FreeRTOS-Plus-TCP/FreeRTOS_IP.o (memmove)
/home/efesxzc/intelFPGA_lite/19.1/nios2eds/bin/gnu/H-x86_64-pc-linux-gnu/bin/../lib/gcc/nios2-elf/8.3.1/../../../../../H-x86_64-pc-linux-gnu/nios2-elf/lib/mno-hw-mul/libc.a(lib_a-memset.o)
                              obj/default/./telnet_server.o (memset)
/home/efesxzc/intelFPGA_lite/19.1/nios2eds/bin/gnu/H-x86_64-pc-linux-gnu/bin/../lib/gcc/nios2-elf/8.3.1/../../../../../H-x86_64-pc-linux-gnu/nios2-elf/lib/mno-hw-mul/libc.a(lib_a-printf.o)
                              obj/default/./at24c08.o (printf)
/home/efesxzc/intelFPGA_lite/19.1/nios2eds/bin/gnu/H-x86_64-pc-linux-gnu/bin/../lib/gcc/nios2-elf/8.3.1/../../../../../H-x86_64-pc-linux-gnu/nios2-elf/lib/mno-hw-mul/libc.a(lib_a-puts.o)
                              obj/default/./main.o (puts)
/home/efesxzc/intelFPGA_lite/19.1/nios2eds/bin/gnu/H-x86_64-pc-linux-gnu/bin/../lib/gcc/nios2-elf/8.3.1/../../../../../H-x86_64-pc-linux-gnu/nios2-elf/lib/mno-hw-mul/libc.a(lib_a-rand.o)
                              obj/default/./main.o (rand)
/home/efesxzc/intelFPGA_lite/19.1/nios2eds/bin/gnu/H-x86_64-pc-linux-gnu/bin/../lib/gcc/nios2-elf/8.3.1/../../../../../H-x86_64-pc-linux-gnu/nios2-elf/lib/mno-hw-mul/libc.a(lib_a-snprintf.o)
                              obj/default/FreeRTOS/FreeRTOS-Plus-TCP/FreeRTOS_IP.o (snprintf)
/home/efesxzc/intelFPGA_lite/19.1/nios2eds/bin/gnu/H-x86_64-pc-linux-gnu/bin/../lib/gcc/nios2-elf/8.3.1/../../../../../H-x86_64-pc-linux-gnu/nios2-elf/lib/mno-hw-mul/libc.a(lib_a-sprintf.o)
                              obj/default/./CLI-Commands.o (sprintf)
/home/efesxzc/intelFPGA_lite/19.1/nios2eds/bin/gnu/H-x86_64-pc-linux-gnu/bin/../lib/gcc/nios2-elf/8.3.1/../../../../../H-x86_64-pc-linux-gnu/nios2-elf/lib/mno-hw-mul/libc.a(lib_a-strcpy.o)
                              obj/default/./CLI-Commands.o (strcpy)
/home/efesxzc/intelFPGA_lite/19.1/nios2eds/bin/gnu/H-x86_64-pc-linux-gnu/bin/../lib/gcc/nios2-elf/8.3.1/../../../../../H-x86_64-pc-linux-gnu/nios2-elf/lib/mno-hw-mul/libc.a(lib_a-strlen.o)
                              obj/default/./CLI-Commands.o (strlen)
/home/efesxzc/intelFPGA_lite/19.1/nios2eds/bin/gnu/H-x86_64-pc-linux-gnu/bin/../lib/gcc/nios2-elf/8.3.1/../../../../../H-x86_64-pc-linux-gnu/nios2-elf/lib/mno-hw-mul/libc.a(lib_a-strncmp.o)
                              obj/default/FreeRTOS/FreeRTOS-Plus-CLI/FreeRTOS_CLI.o (strncmp)
/home/efesxzc/intelFPGA_lite/19.1/nios2eds/bin/gnu/H-x86_64-pc-linux-gnu/bin/../lib/gcc/nios2-elf/8.3.1/../../../../../H-x86_64-pc-linux-gnu/nios2-elf/lib/mno-hw-mul/libc.a(lib_a-strncpy.o)
                              obj/default/FreeRTOS/FreeRTOS-Plus-CLI/FreeRTOS_CLI.o (strncpy)
/home/efesxzc/intelFPGA_lite/19.1/nios2eds/bin/gnu/H-x86_64-pc-linux-gnu/bin/../lib/gcc/nios2-elf/8.3.1/../../../../../H-x86_64-pc-linux-gnu/nios2-elf/lib/mno-hw-mul/libc.a(lib_a-strstr.o)
                              obj/default/./http_server.o (strstr)
/home/efesxzc/intelFPGA_lite/19.1/nios2eds/bin/gnu/H-x86_64-pc-linux-gnu/bin/../lib/gcc/nios2-elf/8.3.1/../../../../../H-x86_64-pc-linux-gnu/nios2-elf/lib/mno-hw-mul/libc.a(lib_a-strtol.o)
                              obj/default/./http_server.o (strtol)
/home/efesxzc/intelFPGA_lite/19.1/nios2eds/bin/gnu/H-x86_64-pc-linux-gnu/bin/../lib/gcc/nios2-elf/8.3.1/../../../../../H-x86_64-pc-linux-gnu/nios2-elf/lib/mno-hw-mul/libc.a(lib_a-svfprintf.o)
                              /home/efesxzc/intelFPGA_lite/19.1/nios2eds/bin/gnu/H-x86_64-pc-linux-gnu/bin/../lib/gcc/nios2-elf/8.3.1/../../../../../H-x86_64-pc-linux-gnu/nios2-elf/lib/mno-hw-mul/libc.a(lib_a-snprintf.o) (___svfprintf_internal_r)
[...]
Memory Configuration

Name             Origin             Length             Attributes
reset            0x0000000001000000 0x0000000000000020
RAM              0x0000000001000020 0x00000000007fffe0
*default*        0x0000000000000000 0xffffffffffffffff

Linker script and memory map

LOAD ../civ_002_bsp//obj/HAL/src/crt0.o
LOAD obj/default/./CLI-Commands.o
LOAD obj/default/./at24c08.o
LOAD obj/default/./http_server.o
LOAD obj/default/./lm75.o
LOAD obj/default/./main.o
LOAD obj/default/./telnet_server.o
LOAD obj/default/FreeRTOS/FreeRTOS-Kernel/croutine.o
LOAD obj/default/FreeRTOS/FreeRTOS-Kernel/event_groups.o
LOAD obj/default/FreeRTOS/FreeRTOS-Kernel/list.o
LOAD obj/default/FreeRTOS/FreeRTOS-Kernel/portable/GCC/NiosII/port.o
LOAD obj/default/FreeRTOS/FreeRTOS-Kernel/portable/portTimer.o
LOAD obj/default/FreeRTOS/FreeRTOS-Kernel/queue.o
LOAD obj/default/FreeRTOS/FreeRTOS-Kernel/stream_buffer.o
LOAD obj/default/FreeRTOS/FreeRTOS-Kernel/tasks.o
LOAD obj/default/FreeRTOS/FreeRTOS-Kernel/timers.o
LOAD obj/default/FreeRTOS/FreeRTOS-Plus-CLI/FreeRTOS_CLI.o
LOAD obj/default/FreeRTOS/FreeRTOS-Plus-TCP/FreeRTOS_ARP.o
LOAD obj/default/FreeRTOS/FreeRTOS-Plus-TCP/FreeRTOS_DHCP.o
LOAD obj/default/FreeRTOS/FreeRTOS-Plus-TCP/FreeRTOS_DNS.o
LOAD obj/default/FreeRTOS/FreeRTOS-Plus-TCP/FreeRTOS_IP.o
LOAD obj/default/FreeRTOS/FreeRTOS-Plus-TCP/FreeRTOS_Sockets.o
LOAD obj/default/FreeRTOS/FreeRTOS-Plus-TCP/FreeRTOS_Stream_Buffer.o
LOAD obj/default/FreeRTOS/FreeRTOS-Plus-TCP/FreeRTOS_TCP_IP.o
LOAD obj/default/FreeRTOS/FreeRTOS-Plus-TCP/FreeRTOS_TCP_WIN.o
LOAD obj/default/FreeRTOS/FreeRTOS-Plus-TCP/FreeRTOS_UDP_IP.o
LOAD obj/default/FreeRTOS/FreeRTOS-Plus-TCP/portable/NetworkInterface/ENC28J60/NetworkInterface.o
LOAD obj/default/FreeRTOS/FreeRTOS-Plus-TCP/portable/NetworkInterface/ENC28J60/enc.o
LOAD obj/default/FreeRTOS/FreeRTOS-Kernel/portable/MemMang/heap_4.o
LOAD obj/default/FreeRTOS/FreeRTOS-Plus-TCP/portable/BufferManagement/BufferAllocation_1.o
LOAD obj/default/FreeRTOS/FreeRTOS-Kernel/portable/GCC/NiosII/port_asm.o
LOAD /home/efesxzc/intelFPGA_lite/19.1/nios2eds/bin/gnu/H-x86_64-pc-linux-gnu/bin/../lib/gcc/nios2-elf/8.3.1/../../../../../H-x86_64-pc-linux-gnu/nios2-elf/lib/mno-hw-mul/libstdc++.a
LOAD /home/efesxzc/intelFPGA_lite/19.1/nios2eds/bin/gnu/H-x86_64-pc-linux-gnu/bin/../lib/gcc/nios2-elf/8.3.1/../../../../../H-x86_64-pc-linux-gnu/nios2-elf/lib/mno-hw-mul/libm.a
LOAD /home/efesxzc/intelFPGA_lite/19.1/nios2eds/bin/gnu/H-x86_64-pc-linux-gnu/bin/../lib/gcc/nios2-elf/8.3.1/mno-hw-mul/libgcc.a
START GROUP
LOAD /home/efesxzc/intelFPGA_lite/19.1/nios2eds/bin/gnu/H-x86_64-pc-linux-gnu/bin/../lib/gcc/nios2-elf/8.3.1/../../../../../H-x86_64-pc-linux-gnu/nios2-elf/lib/mno-hw-mul/libc.a
LOAD /home/efesxzc/intelFPGA_lite/19.1/nios2eds/bin/gnu/H-x86_64-pc-linux-gnu/bin/../lib/gcc/nios2-elf/8.3.1/mno-hw-mul/libgcc.a
LOAD ../civ_002_bsp//libhal_bsp.a
LOAD /home/efesxzc/intelFPGA_lite/19.1/nios2eds/bin/gnu/H-x86_64-pc-linux-gnu/bin/../lib/gcc/nios2-elf/8.3.1/../../../../../H-x86_64-pc-linux-gnu/nios2-elf/lib/mno-hw-mul/libm.a
END GROUP
LOAD /home/efesxzc/intelFPGA_lite/19.1/nios2eds/bin/gnu/H-x86_64-pc-linux-gnu/bin/../lib/gcc/nios2-elf/8.3.1/mno-hw-mul/libgcc.a
                0x0000000001000000                __alt_mem_RAM = 0x1000000

.entry          0x0000000001000000       0x20
 *(.entry)
 .entry         0x0000000001000000       0x20 ../civ_002_bsp//obj/HAL/src/crt0.o
                0x0000000001000000                __reset

.exceptions     0x0000000001000020      0x228
                0x0000000001000020                PROVIDE (__ram_exceptions_start = ABSOLUTE (.))
                0x0000000001000020                . = ALIGN (0x20)
 *(.irq)
 *(.exceptions.entry.label)
 *(.exceptions.entry.user)
 *(.exceptions.entry.ecc_fatal)
 *(.exceptions.entry)
 .exceptions.entry
                0x0000000001000020       0x8c obj/default/FreeRTOS/FreeRTOS-Kernel/portable/GCC/NiosII/port_asm.o
 *(.exceptions.irqtest.user)
 *(.exceptions.irqtest)
 .exceptions.irqtest
                0x00000000010000ac       0x14 obj/default/FreeRTOS/FreeRTOS-Kernel/portable/GCC/NiosII/port_asm.o
 *(.exceptions.irqhandler.user)
 *(.exceptions.irqhandler)
 .exceptions.irqhandler
                0x00000000010000c0        0x4 obj/default/FreeRTOS/FreeRTOS-Kernel/portable/GCC/NiosII/port_asm.o
 *(.exceptions.irqreturn.user)
 *(.exceptions.irqreturn)
 .exceptions.irqreturn
                0x00000000010000c4       0x8c obj/default/FreeRTOS/FreeRTOS-Kernel/portable/GCC/NiosII/port_asm.o
                0x00000000010000c4                restore_sp_from_pxCurrentTCB
 *(.exceptions.notirq.label)
 *(.exceptions.notirq.user)
 *(.exceptions.notirq)
 *(.exceptions.soft.user)
 *(.exceptions.soft)
 .exceptions.soft
                0x0000000001000150       0x2c obj/default/FreeRTOS/FreeRTOS-Kernel/portable/GCC/NiosII/port_asm.o
 *(.exceptions.unknown.user)
 *(.exceptions.unknown)
 *(.exceptions.exit.label)
 *(.exceptions.exit.user)
 *(.exceptions.exit)
 *(.exceptions)
 .exceptions    0x000000000100017c       0xcc ../civ_002_bsp//libhal_bsp.a(alt_irq_handler.o)
                0x000000000100017c                alt_irq_handler
                0x0000000001000248                PROVIDE (__ram_exceptions_end = ABSOLUTE (.))
                0x0000000001000020                PROVIDE (__flash_exceptions_start = LOADADDR (.exceptions))

.text           0x0000000001000248    0x2c840
                [!provide]                        PROVIDE (stext = ABSOLUTE (.))
 *(.interp)
 *(.hash)
 *(.dynsym)
 *(.dynstr)
 *(.gnu.version)
 *(.gnu.version_d)
 *(.gnu.version_r)
 *(.rel.init)
 *(.rela.init)
 *(.rel.text .rel.text.* .rel.gnu.linkonce.t.*)
 *(.rela.text .rela.text.* .rela.gnu.linkonce.t.*)
 *(.rel.fini)
 *(.rela.fini)
 *(.rel.rodata .rel.rodata.* .rel.gnu.linkonce.r.*)
 *(.rela.rodata .rela.rodata.* .rela.gnu.linkonce.r.*)
 *(.rel.data .rel.data.* .rel.gnu.linkonce.d.*)
 *(.rela.data .rela.data.* .rela.gnu.linkonce.d.*)
 *(.rel.tdata .rel.tdata.* .rel.gnu.linkonce.td.*)
 *(.rela.tdata .rela.tdata.* .rela.gnu.linkonce.td.*)
 *(.rel.tbss .rel.tbss.* .rel.gnu.linkonce.tb.*)
 *(.rela.tbss .rela.tbss.* .rela.gnu.linkonce.tb.*)
 *(.rel.ctors)
 *(.rela.ctors)
 *(.rel.dtors)
 *(.rela.dtors)
 *(.rel.got)
 *(.rela.got)
 *(.rel.sdata .rel.sdata.* .rel.gnu.linkonce.s.*)
 *(.rela.sdata .rela.sdata.* .rela.gnu.linkonce.s.*)
 *(.rel.sbss .rel.sbss.* .rel.gnu.linkonce.sb.*)
 *(.rela.sbss .rela.sbss.* .rela.gnu.linkonce.sb.*)
 *(.rel.sdata2 .rel.sdata2.* .rel.gnu.linkonce.s2.*)
 *(.rela.sdata2 .rela.sdata2.* .rela.gnu.linkonce.s2.*)
 *(.rel.sbss2 .rel.sbss2.* .rel.gnu.linkonce.sb2.*)
 *(.rela.sbss2 .rela.sbss2.* .rela.gnu.linkonce.sb2.*)
 *(.rel.bss .rel.bss.* .rel.gnu.linkonce.b.*)
 *(.rela.bss .rela.bss.* .rela.gnu.linkonce.b.*)
 *(.rel.plt)
 *(.rela.plt)
 *(.rel.dyn)
 *(.init)
 *(.plt)
 *(.text .stub .text.* .gnu.linkonce.t.*)
 .text          0x0000000001000248       0x3c ../civ_002_bsp//obj/HAL/src/crt0.o
                0x0000000001000248                _start
 .text          0x0000000001000284      0x3ac obj/default/./CLI-Commands.o
                0x00000000010005cc                vRegisterCLICommands
 .text          0x0000000001000630      0x574 obj/default/./at24c08.o
                0x0000000001000630                eeprom_init
                0x000000000100069c                eeprom_write
                0x0000000001000784                eeprom_write_8
                0x0000000001000818                eeprom_write_16
                0x00000000010008b8                eeprom_write_32
                0x0000000001000970                eeprom_read
                0x0000000001000a10                eeprom_read_32
                0x0000000001000b04                eeprom_read_8
 .text          0x0000000001000ba4      0x5d8 obj/default/./http_server.o
                0x0000000001000ba4                vStartHTTPServer
                0x0000000001000f54                prvFirmwareRXInstanceTask
 .text          0x000000000100117c      0x19c obj/default/./lm75.o
                0x000000000100117c                set_poll_period
                0x00000000010011ac                get_temp
                0x00000000010011d0                temp_getI2CStatus
                0x00000000010011f0                prvTempTask
                0x00000000010012b4                vStartTempChecking
 .text          0x0000000001001318      0x2c0 obj/default/./main.o
                0x0000000001001318                vApplicationStackOverflowHook
                0x0000000001001354                main
                0x000000000100141c                vApplicationIPNetworkEventHook
                0x0000000001001478                vApplicationMallocFailedHook
                0x00000000010014c0                vLoggingPrintf
                0x0000000001001500                xApplicationGetRandomNumber
                0x000000000100152c                ulApplicationGetNextSequenceNumber
                0x000000000100156c                ulDNSHandlePacket
                0x0000000001001590                vApplicationGetIdleTaskMemory
 .text          0x00000000010015d8      0x334 obj/default/./telnet_server.o
                0x00000000010015d8                vStartTelnetServer
 .text          0x000000000100190c        0x0 obj/default/FreeRTOS/FreeRTOS-Kernel/croutine.o
 .text          0x000000000100190c      0x77c obj/default/FreeRTOS/FreeRTOS-Kernel/event_groups.o
                0x000000000100190c                xEventGroupCreate
                0x0000000001001960                xEventGroupSync
                0x0000000001001ae4                xEventGroupWaitBits
                0x0000000001001c8c                xEventGroupClearBits
                0x0000000001001cf4                xEventGroupGetBitsFromISR
                0x0000000001001d30                xEventGroupSetBits
                0x0000000001001eb0                vEventGroupDelete
                0x0000000001001f24                vEventGroupSetBitsCallback
                0x0000000001001f60                vEventGroupClearBitsCallback
                0x000000000100200c                uxEventGroupGetNumber
                0x0000000001002054                vEventGroupSetNumber
 .text          0x0000000001002088      0x290 obj/default/FreeRTOS/FreeRTOS-Kernel/list.o
                0x0000000001002088                vListInitialise
                0x00000000010020f0                vListInitialiseItem
                0x000000000100211c                vListInsertEnd
                0x00000000010021a8                vListInsert
                0x0000000001002280                uxListRemove
 .text          0x0000000001002318      0x380 obj/default/FreeRTOS/FreeRTOS-Kernel/portable/GCC/NiosII/port.o
                0x0000000001002344                pxPortInitialiseStack
                0x0000000001002424                xPortStartScheduler
                0x000000000100245c                vPortEndScheduler
                0x00000000010024f0                vPortSysTickHandler
                0x0000000001002534                alt_irq_register
 .text          0x0000000001002698       0x88 obj/default/FreeRTOS/FreeRTOS-Kernel/portable/portTimer.o
                0x0000000001002698                vConfigureTimerForRunTimeStats
                0x00000000010026d0                vTaskGetTimestamp
 .text          0x0000000001002720     0x1518 obj/default/FreeRTOS/FreeRTOS-Kernel/queue.o
                0x0000000001002720                xQueueGenericReset
                0x000000000100284c                xQueueGenericCreate
                0x00000000010029d4                xQueueCreateMutex
                0x0000000001002a30                xQueueGiveMutexRecursive
                0x0000000001002ac0                xQueueTakeMutexRecursive
                0x0000000001002b5c                xQueueCreateCountingSemaphore
                0x0000000001002bb4                xQueueGenericSend
                0x0000000001002d68                xQueueGenericSendFromISR
                0x0000000001002e5c                xQueueGiveFromISR
                0x0000000001002f38                xQueueReceive
                0x00000000010030e0                xQueueSemaphoreTake
                0x00000000010032f0                xQueuePeek
                0x00000000010034a0                xQueueReceiveFromISR
                0x0000000001003584                xQueuePeekFromISR
                0x0000000001003600                uxQueueMessagesWaiting
                0x0000000001003640                uxQueueSpacesAvailable
                0x0000000001003694                uxQueueMessagesWaitingFromISR
                0x00000000010036cc                vQueueDelete
                0x0000000001003708                uxQueueGetQueueNumber
                0x0000000001003730                vQueueSetQueueNumber
                0x0000000001003764                ucQueueGetQueueType
                0x0000000001003b48                xQueueIsQueueEmptyFromISR
                0x0000000001003be8                xQueueIsQueueFullFromISR
 .text          0x0000000001003c38      0xfbc obj/default/FreeRTOS/FreeRTOS-Kernel/stream_buffer.o
                0x0000000001003c38                xStreamBufferGenericCreate
                0x0000000001003cf8                vStreamBufferDelete
                0x0000000001003d5c                xStreamBufferReset
                0x0000000001003e10                xStreamBufferSetTriggerLevel
                0x0000000001003e7c                xStreamBufferSpacesAvailable
                0x0000000001003f04                xStreamBufferBytesAvailable
                0x0000000001003f44                xStreamBufferSend
                0x0000000001004110                xStreamBufferSendFromISR
                0x00000000010042d8                xStreamBufferReceive
                0x0000000001004440                xStreamBufferNextMessageLengthBytes
                0x00000000010044e8                xStreamBufferReceiveFromISR
                0x000000000100468c                xStreamBufferIsEmpty
                0x00000000010046e4                xStreamBufferIsFull
                0x0000000001004760                xStreamBufferSendCompletedFromISR
                0x00000000010047e8                xStreamBufferReceiveCompletedFromISR
                0x0000000001004b6c                uxStreamBufferGetStreamBufferNumber
                0x0000000001004b94                vStreamBufferSetStreamBufferNumber
                0x0000000001004bc8                ucStreamBufferGetStreamBufferType
 .text          0x0000000001004bf4     0x3130 obj/default/FreeRTOS/FreeRTOS-Kernel/tasks.o
                0x0000000001004bf4                xTaskCreate
                0x0000000001004fe4                vTaskDelete
                0x00000000010050cc                xTaskDelayUntil
                0x00000000010051bc                vTaskDelay
                0x0000000001005218                eTaskGetState
                0x000000000100534c                uxTaskPriorityGet
                0x00000000010053a4                uxTaskPriorityGetFromISR
                0x00000000010053f0                vTaskPrioritySet
                0x00000000010055b0                vTaskSuspend
                0x0000000001005740                vTaskResume
                0x0000000001005818                xTaskResumeFromISR
                0x000000000100590c                vTaskStartScheduler
                0x00000000010059a0                vTaskEndScheduler
                0x00000000010059e8                vTaskSuspendAll
                0x0000000001005a14                xTaskResumeAll
                0x0000000001005b70                xTaskGetTickCount
                0x0000000001005b98                xTaskGetTickCountFromISR
                0x0000000001005bc4                uxTaskGetNumberOfTasks
                0x0000000001005be4                pcTaskGetName
                0x0000000001005c24                uxTaskGetSystemState
                0x0000000001005de8                xTaskCatchUpTicks
                0x0000000001005e30                xTaskIncrementTick
                0x0000000001005ff4                vTaskSwitchContext
                0x0000000001006110                vTaskPlaceOnEventList
                0x0000000001006160                vTaskPlaceOnUnorderedEventList
                0x00000000010061c4                xTaskRemoveFromEventList
                0x00000000010062c4                vTaskRemoveFromUnorderedEventList
                0x0000000001006398                vTaskSetTimeOutState
                0x00000000010063e4                vTaskInternalSetTimeOutState
                0x0000000001006420                xTaskCheckForTimeOut
                0x0000000001006508                vTaskMissedYield
                0x0000000001006530                uxTaskGetTaskNumber
                0x0000000001006578                vTaskSetTaskNumber
                0x0000000001006714                vTaskGetInfo
                0x0000000001006a00                uxTaskGetStackHighWaterMark
                0x0000000001006aec                xTaskGetCurrentTaskHandle
                0x0000000001006b14                xTaskPriorityInherit
                0x0000000001006c74                xTaskPriorityDisinherit
                0x0000000001006d7c                vTaskPriorityDisinheritAfterTimeout
                0x0000000001006ed8                vTaskEnterCritical
                0x0000000001006f2c                vTaskExitCritical
                0x000000000100701c                vTaskList
                0x0000000001007220                uxTaskResetEventItemValue
                0x0000000001007264                pvTaskIncrementMutexHeldCount
                0x000000000100729c                ulTaskGenericNotifyTake
                0x00000000010073a0                xTaskGenericNotifyWait
                0x0000000001007504                xTaskGenericNotify
                0x0000000001007738                xTaskGenericNotifyFromISR
                0x00000000010079a4                vTaskGenericNotifyGiveFromISR
                0x0000000001007b04                xTaskGenericNotifyStateClear
                0x0000000001007b90                ulTaskGenericNotifyValueClear
 .text          0x0000000001007d24        0x0 obj/default/FreeRTOS/FreeRTOS-Kernel/timers.o
 .text          0x0000000001007d24      0x508 obj/default/FreeRTOS/FreeRTOS-Plus-CLI/FreeRTOS_CLI.o
                0x0000000001007d24                FreeRTOS_CLIRegisterCommand
                0x0000000001007da0                FreeRTOS_CLIProcessCommand
                0x0000000001007f54                FreeRTOS_CLIGetOutputBuffer
                0x0000000001007f74                FreeRTOS_CLIGetParameter
 .text          0x000000000100822c      0xea8 obj/default/FreeRTOS/FreeRTOS-Plus-TCP/FreeRTOS_ARP.o
                0x0000000001008274                eARPProcessPacket
                0x0000000001008530                vARPRefreshCacheEntry
                0x000000000100888c                eARPGetCacheEntry
                0x0000000001008af0                vARPAgeCache
                0x0000000001008cd4                vARPSendGratuitous
                0x0000000001008d08                FreeRTOS_OutputARPRequest
                0x0000000001008da4                vARPGenerateRequestPacket
                0x0000000001008f10                FreeRTOS_ClearARP
                0x0000000001008f4c                xCheckLoopback
                0x0000000001009038                FreeRTOS_PrintARPCache
 .text          0x00000000010090d4        0x0 obj/default/FreeRTOS/FreeRTOS-Plus-TCP/FreeRTOS_DHCP.o
 .text          0x00000000010090d4        0x0 obj/default/FreeRTOS/FreeRTOS-Plus-TCP/FreeRTOS_DNS.o
 .text          0x00000000010090d4     0x2b44 obj/default/FreeRTOS/FreeRTOS-Plus-TCP/FreeRTOS_IP.o
                0x00000000010094b8                xIsCallingFromIPTask
                0x00000000010097f0                FreeRTOS_NetworkDown
                0x0000000001009840                FreeRTOS_NetworkDownFromISR
                0x00000000010098a0                FreeRTOS_GetUDPPayloadBuffer
                0x0000000001009934                pxDuplicateNetworkBufferWithDescriptor
                0x0000000001009a54                pxUDPPayloadBuffer_to_NetworkBuffer
                0x0000000001009a88                FreeRTOS_ReleaseUDPPayloadBuffer
                0x0000000001009ac4                FreeRTOS_IPInit
                0x0000000001009d90                FreeRTOS_GetAddressConfiguration
                0x0000000001009e20                FreeRTOS_SetAddressConfiguration
                0x0000000001009eb0                xSendEventToIPTask
                0x0000000001009ef8                xSendEventStructToIPTask
                0x0000000001009ff8                eConsiderFrameForProcessing
                0x000000000100a154                vIPNetworkUpCalls
                0x000000000100a2dc                xIsIPv4Multicast
                0x000000000100a360                vSetMultiCastIPv4MacAddress
                0x000000000100ac94                usGenerateProtocolChecksum
                0x000000000100b2b0                usGenerateChecksum
                0x000000000100b5ec                vReturnEthernetFrame
                0x000000000100b688                FreeRTOS_GetIPAddress
                0x000000000100b6ac                FreeRTOS_SetIPAddress
                0x000000000100b6dc                FreeRTOS_GetGatewayAddress
                0x000000000100b700                FreeRTOS_GetDNSServerAddress
                0x000000000100b724                FreeRTOS_GetNetmask
                0x000000000100b748                FreeRTOS_UpdateMACAddress
                0x000000000100b788                FreeRTOS_GetMACAddress
                0x000000000100b7ac                FreeRTOS_SetNetmask
                0x000000000100b7dc                FreeRTOS_SetGatewayAddress
                0x000000000100b80c                xIPIsNetworkTaskReady
                0x000000000100b82c                FreeRTOS_IsNetworkUp
                0x000000000100b84c                FreeRTOS_strerror_r
 .text          0x000000000100bc18     0x4198 obj/default/FreeRTOS/FreeRTOS-Plus-TCP/FreeRTOS_Sockets.o
                0x000000000100c0b0                vNetworkSocketsInit
                0x000000000100c1a0                FreeRTOS_socket
                0x000000000100c348                FreeRTOS_CreateSocketSet
                0x000000000100c3c4                FreeRTOS_DeleteSocketSet
                0x000000000100c410                FreeRTOS_FD_SET
                0x000000000100c494                FreeRTOS_FD_CLR
                0x000000000100c510                FreeRTOS_FD_ISSET
                0x000000000100c568                FreeRTOS_select
                0x000000000100c6c4                FreeRTOS_recvfrom
                0x000000000100c8f4                FreeRTOS_sendto
                0x000000000100cad8                FreeRTOS_bind
                0x000000000100cc28                vSocketBind
                0x000000000100ce08                FreeRTOS_closesocket
                0x000000000100ce94                vSocketClose
                0x000000000100d2a0                FreeRTOS_setsockopt
                0x000000000100d970                pxUDPSocketLookup
                0x000000000100d9d0                FreeRTOS_inet_ntoa
                0x000000000100dba8                FreeRTOS_inet_pton
                0x000000000100dc08                FreeRTOS_inet_ntop
                0x000000000100dc6c                FreeRTOS_inet_ntop4
                0x000000000100dce4                FreeRTOS_inet_pton4
                0x000000000100def8                FreeRTOS_inet_addr
                0x000000000100df38                FreeRTOS_GetLocalAddress
                0x000000000100dfac                vSocketWakeUpUser
                0x000000000100e310                FreeRTOS_connect
                0x000000000100e420                FreeRTOS_accept
                0x000000000100e694                FreeRTOS_recv
                0x000000000100ea44                FreeRTOS_get_tx_head
                0x000000000100eb10                FreeRTOS_send
                0x000000000100edc0                FreeRTOS_listen
                0x000000000100ef10                FreeRTOS_shutdown
                0x000000000100efb0                xTCPTimerCheck
                0x000000000100f11c                pxTCPSocketLookup
                0x000000000100f228                FreeRTOS_get_rx_buf
                0x000000000100f42c                lTCPAddRxdata
                0x000000000100f5cc                FreeRTOS_GetRemoteAddress
                0x000000000100f6a4                FreeRTOS_maywrite
                0x000000000100f778                FreeRTOS_tx_space
                0x000000000100f7fc                FreeRTOS_tx_size
                0x000000000100f878                FreeRTOS_issocketconnected
                0x000000000100f8f8                FreeRTOS_mss
                0x000000000100f954                FreeRTOS_connstatus
                0x000000000100f9b0                FreeRTOS_rx_size
                0x000000000100fa2c                FreeRTOS_netstat
                0x000000000100fa70                vSocketSelect
 .text          0x000000000100fdb0      0x5a8 obj/default/FreeRTOS/FreeRTOS-Plus-TCP/FreeRTOS_Stream_Buffer.o
                0x0000000001010008                uxStreamBufferAdd
                0x00000000010101c4                uxStreamBufferGet
 .text          0x0000000001010358     0x57ec obj/default/FreeRTOS/FreeRTOS-Plus-TCP/FreeRTOS_TCP_IP.o
                0x00000000010108fc                xTCPSocketCheck
                0x0000000001012668                vTCPStateChange
                0x0000000001014c2c                xProcessReceivedTCPPacket
                0x00000000010159d0                FreeRTOS_GetTCPStateName
                0x0000000001015a34                xTCPCheckNewClient
 .text          0x0000000001015b44      0x958 obj/default/FreeRTOS/FreeRTOS-Plus-TCP/FreeRTOS_TCP_WIN.o
                0x0000000001015c88                vTCPWindowCreate
                0x0000000001015d08                vTCPWindowInit
                0x0000000001015e68                lTCPWindowRxCheck
                0x0000000001015edc                lTCPWindowTxAdd
                0x0000000001016070                ulTCPWindowTxGet
                0x0000000001016174                xTCPWindowTxDone
                0x0000000001016200                xTCPWindowTxHasData
                0x00000000010162ec                ulTCPWindowTxAck
                0x0000000001016434                xTCPWindowRxEmpty
                0x0000000001016478                vTCPWindowDestroy
 .text          0x000000000101649c      0x704 obj/default/FreeRTOS/FreeRTOS-Plus-TCP/FreeRTOS_UDP_IP.o
                0x00000000010164e4                vProcessGeneratedUDPPacket
                0x0000000001016a74                xProcessReceivedUDPPacket
 .text          0x0000000001016ba0      0x38c obj/default/FreeRTOS/FreeRTOS-Plus-TCP/portable/NetworkInterface/ENC28J60/NetworkInterface.o
                0x0000000001016ba0                process_data_packet
                0x0000000001016c70                isr_rx_packet
                0x0000000001016cb8                nIRQ_Initial
                0x0000000001016d0c                xNetworkInterfaceInitialise
                0x0000000001016d64                vNetworkInterfaceAllocateRAMToBuffers
                0x0000000001016e44                xGetPhyLinkStatus
                0x0000000001016e64                vNetworkNotifyIFDown
                0x0000000001016e98                vNetworkNotifyIFUp
                0x0000000001016ecc                xNetworkInterfaceOutput
 .text          0x0000000001016f2c      0xb1c obj/default/FreeRTOS/FreeRTOS-Plus-TCP/portable/NetworkInterface/ENC28J60/enc.o
                0x0000000001016f2c                enc_delay
                0x0000000001016f70                eth_set_bit
                0x0000000001016fe8                eth_clear_bit
                0x0000000001017060                eth_set_bank
                0x00000000010170d0                eth_read_ctrl_8
                0x0000000001017194                eth_read_ctrl_16
                0x0000000001017218                eth_write_ctrl_8
                0x000000000101729c                eth_write_ctrl_16
                0x000000000101732c                eth_write_phy
                0x00000000010173a0                eth_read_phy
                0x0000000001017414                eth_soft_reset
                0x0000000001017468                eth_get_pktcnt
                0x0000000001017498                eth_init
                0x0000000001017664                eth_read_buf_16
                0x00000000010176f4                eth_read_buf_8
                0x0000000001017754                eth_read_buf
                0x00000000010177bc                enc_get_buf_len
                0x0000000001017810                eth_rx_packet
                0x0000000001017920                enc_tx_packet
 .text          0x0000000001017a48      0x68c obj/default/FreeRTOS/FreeRTOS-Kernel/portable/MemMang/heap_4.o
                0x0000000001017a48                pvPortMalloc
                0x0000000001017c50                vPortFree
                0x0000000001017d14                xPortGetFreeHeapSize
                0x0000000001017d34                xPortGetMinimumEverFreeHeapSize
                0x0000000001017d54                vPortInitialiseBlocks
                0x0000000001017fc8                vPortGetHeapStats
 .text          0x00000000010180d4      0x4a4 obj/default/FreeRTOS/FreeRTOS-Plus-TCP/portable/BufferManagement/BufferAllocation_1.o
                0x0000000001018118                xNetworkBuffersInitialise
                0x000000000101824c                pxGetNetworkBufferWithDescriptor
                0x0000000001018350                pxNetworkBufferGetFromISR
                0x00000000010183d0                vNetworkBufferReleaseFromISR
                0x000000000101842c                vReleaseNetworkBufferAndDescriptor
                0x0000000001018500                uxGetMinimumFreeNetworkBuffers
                0x0000000001018520                uxGetNumberOfFreeNetworkBuffers
                0x0000000001018544                pxResizeNetworkBufferWithDescriptor
 .text          0x0000000001018578        0x0 obj/default/FreeRTOS/FreeRTOS-Kernel/portable/GCC/NiosII/port_asm.o
 .text          0x0000000001018578      0x1b8 /home/efesxzc/intelFPGA_lite/19.1/nios2eds/bin/gnu/H-x86_64-pc-linux-gnu/bin/../lib/gcc/nios2-elf/8.3.1/mno-hw-mul/libgcc.a(lib2-divmod.o)
                0x0000000001018578                __divsi3
                0x00000000010185f8                __modsi3
                0x0000000001018670                __udivsi3
                0x00000000010186d4                __umodsi3
 .text          0x0000000001018730       0x28 /home/efesxzc/intelFPGA_lite/19.1/nios2eds/bin/gnu/H-x86_64-pc-linux-gnu/bin/../lib/gcc/nios2-elf/8.3.1/mno-hw-mul/libgcc.a(lib2-mul.o)
                0x0000000001018730                __mulsi3
 .text          0x0000000001018758        0x0 /home/efesxzc/intelFPGA_lite/19.1/nios2eds/bin/gnu/H-x86_64-pc-linux-gnu/bin/../lib/gcc/nios2-elf/8.3.1/../../../../../H-x86_64-pc-linux-gnu/nios2-elf/lib/mno-hw-mul/libc.a(lib_a-memcmp.o)
 .text.memcmp   0x0000000001018758       0x8c /home/efesxzc/intelFPGA_lite/19.1/nios2eds/bin/gnu/H-x86_64-pc-linux-gnu/bin/../lib/gcc/nios2-elf/8.3.1/../../../../../H-x86_64-pc-linux-gnu/nios2-elf/lib/mno-hw-mul/libc.a(lib_a-memcmp.o)
                0x0000000001018758                memcmp
 .text          0x00000000010187e4        0x0 /home/efesxzc/intelFPGA_lite/19.1/nios2eds/bin/gnu/H-x86_64-pc-linux-gnu/bin/../lib/gcc/nios2-elf/8.3.1/../../../../../H-x86_64-pc-linux-gnu/nios2-elf/lib/mno-hw-mul/libc.a(lib_a-memcpy.o)
 .text.memcpy   0x00000000010187e4      0x100 /home/efesxzc/intelFPGA_lite/19.1/nios2eds/bin/gnu/H-x86_64-pc-linux-gnu/bin/../lib/gcc/nios2-elf/8.3.1/../../../../../H-x86_64-pc-linux-gnu/nios2-elf/lib/mno-hw-mul/libc.a(lib_a-memcpy.o)
                0x00000000010187e4                memcpy
 .text          0x00000000010188e4        0x0 /home/efesxzc/intelFPGA_lite/19.1/nios2eds/bin/gnu/H-x86_64-pc-linux-gnu/bin/../lib/gcc/nios2-elf/8.3.1/../../../../../H-x86_64-pc-linux-gnu/nios2-elf/lib/mno-hw-mul/libc.a(lib_a-memmove.o)
 .text.memmove  0x00000000010188e4      0x12c /home/efesxzc/intelFPGA_lite/19.1/nios2eds/bin/gnu/H-x86_64-pc-linux-gnu/bin/../lib/gcc/nios2-elf/8.3.1/../../../../../H-x86_64-pc-linux-gnu/nios2-elf/lib/mno-hw-mul/libc.a(lib_a-memmove.o)
                0x00000000010188e4                memmove
 .text          0x0000000001018a10        0x0 /home/efesxzc/intelFPGA_lite/19.1/nios2eds/bin/gnu/H-x86_64-pc-linux-gnu/bin/../lib/gcc/nios2-elf/8.3.1/../../../../../H-x86_64-pc-linux-gnu/nios2-elf/lib/mno-hw-mul/libc.a(lib_a-memset.o)
 .text.memset   0x0000000001018a10       0xf0 /home/efesxzc/intelFPGA_lite/19.1/nios2eds/bin/gnu/H-x86_64-pc-linux-gnu/bin/../lib/gcc/nios2-elf/8.3.1/../../../../../H-x86_64-pc-linux-gnu/nios2-elf/lib/mno-hw-mul/libc.a(lib_a-memset.o)
                0x0000000001018a10                memset
 .text          0x0000000001018b00        0x0 /home/efesxzc/intelFPGA_lite/19.1/nios2eds/bin/gnu/H-x86_64-pc-linux-gnu/bin/../lib/gcc/nios2-elf/8.3.1/../../../../../H-x86_64-pc-linux-gnu/nios2-elf/lib/mno-hw-mul/libc.a(lib_a-printf.o)
 .text._printf_r
                0x0000000001018b00       0x30 /home/efesxzc/intelFPGA_lite/19.1/nios2eds/bin/gnu/H-x86_64-pc-linux-gnu/bin/../lib/gcc/nios2-elf/8.3.1/../../../../../H-x86_64-pc-linux-gnu/nios2-elf/lib/mno-hw-mul/libc.a(lib_a-printf.o)
                0x0000000001018b00                _printf_r
 .text.printf   0x0000000001018b30       0x38 /home/efesxzc/intelFPGA_lite/19.1/nios2eds/bin/gnu/H-x86_64-pc-linux-gnu/bin/../lib/gcc/nios2-elf/8.3.1/../../../../../H-x86_64-pc-linux-gnu/nios2-elf/lib/mno-hw-mul/libc.a(lib_a-printf.o)
                0x0000000001018b30                printf
 .text          0x0000000001018b68        0x0 /home/efesxzc/intelFPGA_lite/19.1/nios2eds/bin/gnu/H-x86_64-pc-linux-gnu/bin/../lib/gcc/nios2-elf/8.3.1/../../../../../H-x86_64-pc-linux-gnu/nios2-elf/lib/mno-hw-mul/libc.a(lib_a-puts.o)
 .text._puts_r  0x0000000001018b68       0xcc /home/efesxzc/intelFPGA_lite/19.1/nios2eds/bin/gnu/H-x86_64-pc-linux-gnu/bin/../lib/gcc/nios2-elf/8.3.1/../../../../../H-x86_64-pc-linux-gnu/nios2-elf/lib/mno-hw-mul/libc.a(lib_a-puts.o)
                0x0000000001018b68                _puts_r
 .text.puts     0x0000000001018c34       0x10 /home/efesxzc/intelFPGA_lite/19.1/nios2eds/bin/gnu/H-x86_64-pc-linux-gnu/bin/../lib/gcc/nios2-elf/8.3.1/../../../../../H-x86_64-pc-linux-gnu/nios2-elf/lib/mno-hw-mul/libc.a(lib_a-puts.o)
                0x0000000001018c34                puts
 .text          0x0000000001018c44        0x0 /home/efesxzc/intelFPGA_lite/19.1/nios2eds/bin/gnu/H-x86_64-pc-linux-gnu/bin/../lib/gcc/nios2-elf/8.3.1/../../../../../H-x86_64-pc-linux-gnu/nios2-elf/lib/mno-hw-mul/libc.a(lib_a-rand.o)
 .text.srand    0x0000000001018c44       0x14 /home/efesxzc/intelFPGA_lite/19.1/nios2eds/bin/gnu/H-x86_64-pc-linux-gnu/bin/../lib/gcc/nios2-elf/8.3.1/../../../../../H-x86_64-pc-linux-gnu/nios2-elf/lib/mno-hw-mul/libc.a(lib_a-rand.o)
                0x0000000001018c44                srand
 .text.rand     0x0000000001018c58       0x60 /home/efesxzc/intelFPGA_lite/19.1/nios2eds/bin/gnu/H-x86_64-pc-linux-gnu/bin/../lib/gcc/nios2-elf/8.3.1/../../../../../H-x86_64-pc-linux-gnu/nios2-elf/lib/mno-hw-mul/libc.a(lib_a-rand.o)
                0x0000000001018c58                rand
 .text          0x0000000001018cb8        0x0 /home/efesxzc/intelFPGA_lite/19.1/nios2eds/bin/gnu/H-x86_64-pc-linux-gnu/bin/../lib/gcc/nios2-elf/8.3.1/../../../../../H-x86_64-pc-linux-gnu/nios2-elf/lib/mno-hw-mul/libc.a(lib_a-snprintf.o)
 .text._snprintf_r
                0x0000000001018cb8       0xc4 /home/efesxzc/intelFPGA_lite/19.1/nios2eds/bin/gnu/H-x86_64-pc-linux-gnu/bin/../lib/gcc/nios2-elf/8.3.1/../../../../../H-x86_64-pc-linux-gnu/nios2-elf/lib/mno-hw-mul/libc.a(lib_a-snprintf.o)
                0x0000000001018cb8                _snprintf_r
 .text.snprintf
                0x0000000001018d7c       0xcc /home/efesxzc/intelFPGA_lite/19.1/nios2eds/bin/gnu/H-x86_64-pc-linux-gnu/bin/../lib/gcc/nios2-elf/8.3.1/../../../../../H-x86_64-pc-linux-gnu/nios2-elf/lib/mno-hw-mul/libc.a(lib_a-snprintf.o)
                0x0000000001018d7c                snprintf
 .text          0x0000000001018e48        0x0 /home/efesxzc/intelFPGA_lite/19.1/nios2eds/bin/gnu/H-x86_64-pc-linux-gnu/bin/../lib/gcc/nios2-elf/8.3.1/../../../../../H-x86_64-pc-linux-gnu/nios2-elf/lib/mno-hw-mul/libc.a(lib_a-sprintf.o)
 .text._sprintf_r
                0x0000000001018e48       0x54 /home/efesxzc/intelFPGA_lite/19.1/nios2eds/bin/gnu/H-x86_64-pc-linux-gnu/bin/../lib/gcc/nios2-elf/8.3.1/../../../../../H-x86_64-pc-linux-gnu/nios2-elf/lib/mno-hw-mul/libc.a(lib_a-sprintf.o)
                0x0000000001018e48                _sprintf_r
 .text.sprintf  0x0000000001018e9c       0x64 /home/efesxzc/intelFPGA_lite/19.1/nios2eds/bin/gnu/H-x86_64-pc-linux-gnu/bin/../lib/gcc/nios2-elf/8.3.1/../../../../../H-x86_64-pc-linux-gnu/nios2-elf/lib/mno-hw-mul/libc.a(lib_a-sprintf.o)
                0x0000000001018e9c                sprintf
 .text          0x0000000001018f00        0x0 /home/efesxzc/intelFPGA_lite/19.1/nios2eds/bin/gnu/H-x86_64-pc-linux-gnu/bin/../lib/gcc/nios2-elf/8.3.1/../../../../../H-x86_64-pc-linux-gnu/nios2-elf/lib/mno-hw-mul/libc.a(lib_a-strcpy.o)
 .text.strcpy   0x0000000001018f00       0x8c /home/efesxzc/intelFPGA_lite/19.1/nios2eds/bin/gnu/H-x86_64-pc-linux-gnu/bin/../lib/gcc/nios2-elf/8.3.1/../../../../../H-x86_64-pc-linux-gnu/nios2-elf/lib/mno-hw-mul/libc.a(lib_a-strcpy.o)
                0x0000000001018f00                strcpy
 .text          0x0000000001018f8c        0x0 /home/efesxzc/intelFPGA_lite/19.1/nios2eds/bin/gnu/H-x86_64-pc-linux-gnu/bin/../lib/gcc/nios2-elf/8.3.1/../../../../../H-x86_64-pc-linux-gnu/nios2-elf/lib/mno-hw-mul/libc.a(lib_a-strlen.o)
 .text.strlen   0x0000000001018f8c       0x98 /home/efesxzc/intelFPGA_lite/19.1/nios2eds/bin/gnu/H-x86_64-pc-linux-gnu/bin/../lib/gcc/nios2-elf/8.3.1/../../../../../H-x86_64-pc-linux-gnu/nios2-elf/lib/mno-hw-mul/libc.a(lib_a-strlen.o)
                0x0000000001018f8c                strlen
 .text          0x0000000001019024        0x0 /home/efesxzc/intelFPGA_lite/19.1/nios2eds/bin/gnu/H-x86_64-pc-linux-gnu/bin/../lib/gcc/nios2-elf/8.3.1/../../../../../H-x86_64-pc-linux-gnu/nios2-elf/lib/mno-hw-mul/libc.a(lib_a-strncmp.o)
 .text.strncmp  0x0000000001019024       0xfc /home/efesxzc/intelFPGA_lite/19.1/nios2eds/bin/gnu/H-x86_64-pc-linux-gnu/bin/../lib/gcc/nios2-elf/8.3.1/../../../../../H-x86_64-pc-linux-gnu/nios2-elf/lib/mno-hw-mul/libc.a(lib_a-strncmp.o)
                0x0000000001019024                strncmp
 .text          0x0000000001019120        0x0 /home/efesxzc/intelFPGA_lite/19.1/nios2eds/bin/gnu/H-x86_64-pc-linux-gnu/bin/../lib/gcc/nios2-elf/8.3.1/../../../../../H-x86_64-pc-linux-gnu/nios2-elf/lib/mno-hw-mul/libc.a(lib_a-strncpy.o)
 .text.strncpy  0x0000000001019120       0xe4 /home/efesxzc/intelFPGA_lite/19.1/nios2eds/bin/gnu/H-x86_64-pc-linux-gnu/bin/../lib/gcc/nios2-elf/8.3.1/../../../../../H-x86_64-pc-linux-gnu/nios2-elf/lib/mno-hw-mul/libc.a(lib_a-strncpy.o)
                0x0000000001019120                strncpy
 .text          0x0000000001019204        0x0 /home/efesxzc/intelFPGA_lite/19.1/nios2eds/bin/gnu/H-x86_64-pc-linux-gnu/bin/../lib/gcc/nios2-elf/8.3.1/../../../../../H-x86_64-pc-linux-gnu/nios2-elf/lib/mno-hw-mul/libc.a(lib_a-strstr.o)
 .text.two_way_long_needle
                0x0000000001019204      0x400 /home/efesxzc/intelFPGA_lite/19.1/nios2eds/bin/gnu/H-x86_64-pc-linux-gnu/bin/../lib/gcc/nios2-elf/8.3.1/../../../../../H-x86_64-pc-linux-gnu/nios2-elf/lib/mno-hw-mul/libc.a(lib_a-strstr.o)
 .text.strstr   0x0000000001019604      0x28c /home/efesxzc/intelFPGA_lite/19.1/nios2eds/bin/gnu/H-x86_64-pc-linux-gnu/bin/../lib/gcc/nios2-elf/8.3.1/../../../../../H-x86_64-pc-linux-gnu/nios2-elf/lib/mno-hw-mul/libc.a(lib_a-strstr.o)
                0x0000000001019604                strstr
 .text          0x0000000001019890        0x0 /home/efesxzc/intelFPGA_lite/19.1/nios2eds/bin/gnu/H-x86_64-pc-linux-gnu/bin/../lib/gcc/nios2-elf/8.3.1/../../../../../H-x86_64-pc-linux-gnu/nios2-elf/lib/mno-hw-mul/libc.a(lib_a-strtol.o)
 .text._strtol_l.isra.0
                0x0000000001019890      0x23c /home/efesxzc/intelFPGA_lite/19.1/nios2eds/bin/gnu/H-x86_64-pc-linux-gnu/bin/../lib/gcc/nios2-elf/8.3.1/../../../../../H-x86_64-pc-linux-gnu/nios2-elf/lib/mno-hw-mul/libc.a(lib_a-strtol.o)
 .text._strtol_r
                0x0000000001019acc        0x4 /home/efesxzc/intelFPGA_lite/19.1/nios2eds/bin/gnu/H-x86_64-pc-linux-gnu/bin/../lib/gcc/nios2-elf/8.3.1/../../../../../H-x86_64-pc-linux-gnu/nios2-elf/lib/mno-hw-mul/libc.a(lib_a-strtol.o)
                0x0000000001019acc                _strtol_r
 .text.strtol_l
                0x0000000001019ad0       0x18 /home/efesxzc/intelFPGA_lite/19.1/nios2eds/bin/gnu/H-x86_64-pc-linux-gnu/bin/../lib/gcc/nios2-elf/8.3.1/../../../../../H-x86_64-pc-linux-gnu/nios2-elf/lib/mno-hw-mul/libc.a(lib_a-strtol.o)
                0x0000000001019ad0                strtol_l
 .text.strtol   0x0000000001019ae8       0x18 /home/efesxzc/intelFPGA_lite/19.1/nios2eds/bin/gnu/H-x86_64-pc-linux-gnu/bin/../lib/gcc/nios2-elf/8.3.1/../../../../../H-x86_64-pc-linux-gnu/nios2-elf/lib/mno-hw-mul/libc.a(lib_a-strtol.o)
                0x0000000001019ae8                strtol
 .text          0x0000000001019b00        0x0 /home/efesxzc/intelFPGA_lite/19.1/nios2eds/bin/gnu/H-x86_64-pc-linux-gnu/bin/../lib/gcc/nios2-elf/8.3.1/../../../../../H-x86_64-pc-linux-gnu/nios2-elf/lib/mno-hw-mul/libc.a(lib_a-svfprintf.o)
 .text.___svfprintf_internal_r
                0x0000000001019b00     0x2140 /home/efesxzc/intelFPGA_lite/19.1/nios2eds/bin/gnu/H-x86_64-pc-linux-gnu/bin/../lib/gcc/nios2-elf/8.3.1/../../../../../H-x86_64-pc-linux-gnu/nios2-elf/lib/mno-hw-mul/libc.a(lib_a-svfprintf.o)
                0x0000000001019b00                ___svfprintf_internal_r
 .text          0x000000000101bc40        0x0 /home/efesxzc/intelFPGA_lite/19.1/nios2eds/bin/gnu/H-x86_64-pc-linux-gnu/bin/../lib/gcc/nios2-elf/8.3.1/../../../../../H-x86_64-pc-linux-gnu/nios2-elf/lib/mno-hw-mul/libc.a(lib_a-vfprintf.o)
 .text.___vfprintf_internal_r
                0x000000000101bc40     0x2188 /home/efesxzc/intelFPGA_lite/19.1/nios2eds/bin/gnu/H-x86_64-pc-linux-gnu/bin/../lib/gcc/nios2-elf/8.3.1/../../../../../H-x86_64-pc-linux-gnu/nios2-elf/lib/mno-hw-mul/libc.a(lib_a-vfprintf.o)
                0x000000000101bc40                ___vfprintf_internal_r
 .text.__vfprintf_internal
                0x000000000101ddc8       0x18 /home/efesxzc/intelFPGA_lite/19.1/nios2eds/bin/gnu/H-x86_64-pc-linux-gnu/bin/../lib/gcc/nios2-elf/8.3.1/../../../../../H-x86_64-pc-linux-gnu/nios2-elf/lib/mno-hw-mul/libc.a(lib_a-vfprintf.o)
                0x000000000101ddc8                __vfprintf_internal
 .text.__sbprintf
                0x000000000101dde0       0xc0 /home/efesxzc/intelFPGA_lite/19.1/nios2eds/bin/gnu/H-x86_64-pc-linux-gnu/bin/../lib/gcc/nios2-elf/8.3.1/../../../../../H-x86_64-pc-linux-gnu/nios2-elf/lib/mno-hw-mul/libc.a(lib_a-vfprintf.o)
 .text          0x000000000101dea0        0x0 /home/efesxzc/intelFPGA_lite/19.1/nios2eds/bin/gnu/H-x86_64-pc-linux-gnu/bin/../lib/gcc/nios2-elf/8.3.1/../../../../../H-x86_64-pc-linux-gnu/nios2-elf/lib/mno-hw-mul/libc.a(lib_a-wsetup.o)
 .text.__swsetup_r
                0x000000000101dea0      0x160 /home/efesxzc/intelFPGA_lite/19.1/nios2eds/bin/gnu/H-x86_64-pc-linux-gnu/bin/../lib/gcc/nios2-elf/8.3.1/../../../../../H-x86_64-pc-linux-gnu/nios2-elf/lib/mno-hw-mul/libc.a(lib_a-wsetup.o)
                0x000000000101dea0                __swsetup_r
 .text          0x000000000101e000        0x0 /home/efesxzc/intelFPGA_lite/19.1/nios2eds/bin/gnu/H-x86_64-pc-linux-gnu/bin/../lib/gcc/nios2-elf/8.3.1/../../../../../H-x86_64-pc-linux-gnu/nios2-elf/lib/mno-hw-mul/libc.a(lib_a-ctype_.o)
 .text          0x000000000101e000        0x0 /home/efesxzc/intelFPGA_lite/19.1/nios2eds/bin/gnu/H-x86_64-pc-linux-gnu/bin/../lib/gcc/nios2-elf/8.3.1/../../../../../H-x86_64-pc-linux-gnu/nios2-elf/lib/mno-hw-mul/libc.a(lib_a-dtoa.o)
 .text.quorem   0x000000000101e000      0x234 /home/efesxzc/intelFPGA_lite/19.1/nios2eds/bin/gnu/H-x86_64-pc-linux-gnu/bin/../lib/gcc/nios2-elf/8.3.1/../../../../../H-x86_64-pc-linux-gnu/nios2-elf/lib/mno-hw-mul/libc.a(lib_a-dtoa.o)
 .text._dtoa_r  0x000000000101e234     0x16c8 /home/efesxzc/intelFPGA_lite/19.1/nios2eds/bin/gnu/H-x86_64-pc-linux-gnu/bin/../lib/gcc/nios2-elf/8.3.1/../../../../../H-x86_64-pc-linux-gnu/nios2-elf/lib/mno-hw-mul/libc.a(lib_a-dtoa.o)
                0x000000000101e234                _dtoa_r
 .text          0x000000000101f8fc        0x0 /home/efesxzc/intelFPGA_lite/19.1/nios2eds/bin/gnu/H-x86_64-pc-linux-gnu/bin/../lib/gcc/nios2-elf/8.3.1/../../../../../H-x86_64-pc-linux-gnu/nios2-elf/lib/mno-hw-mul/libc.a(lib_a-fflush.o)
 .text.__sflush_r
                0x000000000101f8fc      0x228 /home/efesxzc/intelFPGA_lite/19.1/nios2eds/bin/gnu/H-x86_64-pc-linux-gnu/bin/../lib/gcc/nios2-elf/8.3.1/../../../../../H-x86_64-pc-linux-gnu/nios2-elf/lib/mno-hw-mul/libc.a(lib_a-fflush.o)
                0x000000000101f8fc                __sflush_r
 .text._fflush_r
                0x000000000101fb24       0x60 /home/efesxzc/intelFPGA_lite/19.1/nios2eds/bin/gnu/H-x86_64-pc-linux-gnu/bin/../lib/gcc/nios2-elf/8.3.1/../../../../../H-x86_64-pc-linux-gnu/nios2-elf/lib/mno-hw-mul/libc.a(lib_a-fflush.o)
                0x000000000101fb24                _fflush_r
 .text.fflush   0x000000000101fb84       0x28 /home/efesxzc/intelFPGA_lite/19.1/nios2eds/bin/gnu/H-x86_64-pc-linux-gnu/bin/../lib/gcc/nios2-elf/8.3.1/../../../../../H-x86_64-pc-linux-gnu/nios2-elf/lib/mno-hw-mul/libc.a(lib_a-fflush.o)
                0x000000000101fb84                fflush
 .text          0x000000000101fbac        0x0 /home/efesxzc/intelFPGA_lite/19.1/nios2eds/bin/gnu/H-x86_64-pc-linux-gnu/bin/../lib/gcc/nios2-elf/8.3.1/../../../../../H-x86_64-pc-linux-gnu/nios2-elf/lib/mno-hw-mul/libc.a(lib_a-findfp.o)
 .text.__fp_lock
                0x000000000101fbac        0x8 /home/efesxzc/intelFPGA_lite/19.1/nios2eds/bin/gnu/H-x86_64-pc-linux-gnu/bin/../lib/gcc/nios2-elf/8.3.1/../../../../../H-x86_64-pc-linux-gnu/nios2-elf/lib/mno-hw-mul/libc.a(lib_a-findfp.o)
 .text._cleanup_r
                0x000000000101fbb4        0xc /home/efesxzc/intelFPGA_lite/19.1/nios2eds/bin/gnu/H-x86_64-pc-linux-gnu/bin/../lib/gcc/nios2-elf/8.3.1/../../../../../H-x86_64-pc-linux-gnu/nios2-elf/lib/mno-hw-mul/libc.a(lib_a-findfp.o)
                0x000000000101fbb4                _cleanup_r
 .text.__sinit.part.0
                0x000000000101fbc0      0x168 /home/efesxzc/intelFPGA_lite/19.1/nios2eds/bin/gnu/H-x86_64-pc-linux-gnu/bin/../lib/gcc/nios2-elf/8.3.1/../../../../../H-x86_64-pc-linux-gnu/nios2-elf/lib/mno-hw-mul/libc.a(lib_a-findfp.o)
 .text.__fp_unlock
                0x000000000101fd28        0x8 /home/efesxzc/intelFPGA_lite/19.1/nios2eds/bin/gnu/H-x86_64-pc-linux-gnu/bin/../lib/gcc/nios2-elf/8.3.1/../../../../../H-x86_64-pc-linux-gnu/nios2-elf/lib/mno-hw-mul/libc.a(lib_a-findfp.o)
 .text.__sfmoreglue
                0x000000000101fd30       0x78 /home/efesxzc/intelFPGA_lite/19.1/nios2eds/bin/gnu/H-x86_64-pc-linux-gnu/bin/../lib/gcc/nios2-elf/8.3.1/../../../../../H-x86_64-pc-linux-gnu/nios2-elf/lib/mno-hw-mul/libc.a(lib_a-findfp.o)
                0x000000000101fd30                __sfmoreglue
 .text.__sfp    0x000000000101fda8       0xfc /home/efesxzc/intelFPGA_lite/19.1/nios2eds/bin/gnu/H-x86_64-pc-linux-gnu/bin/../lib/gcc/nios2-elf/8.3.1/../../../../../H-x86_64-pc-linux-gnu/nios2-elf/lib/mno-hw-mul/libc.a(lib_a-findfp.o)
                0x000000000101fda8                __sfp
 .text._cleanup
                0x000000000101fea4       0x14 /home/efesxzc/intelFPGA_lite/19.1/nios2eds/bin/gnu/H-x86_64-pc-linux-gnu/bin/../lib/gcc/nios2-elf/8.3.1/../../../../../H-x86_64-pc-linux-gnu/nios2-elf/lib/mno-hw-mul/libc.a(lib_a-findfp.o)
                0x000000000101fea4                _cleanup
 .text.__sinit  0x000000000101feb8       0x10 /home/efesxzc/intelFPGA_lite/19.1/nios2eds/bin/gnu/H-x86_64-pc-linux-gnu/bin/../lib/gcc/nios2-elf/8.3.1/../../../../../H-x86_64-pc-linux-gnu/nios2-elf/lib/mno-hw-mul/libc.a(lib_a-findfp.o)
                0x000000000101feb8                __sinit
 .text.__sfp_lock_acquire
                0x000000000101fec8        0x4 /home/efesxzc/intelFPGA_lite/19.1/nios2eds/bin/gnu/H-x86_64-pc-linux-gnu/bin/../lib/gcc/nios2-elf/8.3.1/../../../../../H-x86_64-pc-linux-gnu/nios2-elf/lib/mno-hw-mul/libc.a(lib_a-findfp.o)
                0x000000000101fec8                __sfp_lock_acquire
 .text.__sfp_lock_release
                0x000000000101fecc        0x4 /home/efesxzc/intelFPGA_lite/19.1/nios2eds/bin/gnu/H-x86_64-pc-linux-gnu/bin/../lib/gcc/nios2-elf/8.3.1/../../../../../H-x86_64-pc-linux-gnu/nios2-elf/lib/mno-hw-mul/libc.a(lib_a-findfp.o)
                0x000000000101fecc                __sfp_lock_release
 .text.__sinit_lock_acquire
                0x000000000101fed0        0x4 /home/efesxzc/intelFPGA_lite/19.1/nios2eds/bin/gnu/H-x86_64-pc-linux-gnu/bin/../lib/gcc/nios2-elf/8.3.1/../../../../../H-x86_64-pc-linux-gnu/nios2-elf/lib/mno-hw-mul/libc.a(lib_a-findfp.o)
                0x000000000101fed0                __sinit_lock_acquire
 .text.__sinit_lock_release
                0x000000000101fed4        0x4 /home/efesxzc/intelFPGA_lite/19.1/nios2eds/bin/gnu/H-x86_64-pc-linux-gnu/bin/../lib/gcc/nios2-elf/8.3.1/../../../../../H-x86_64-pc-linux-gnu/nios2-elf/lib/mno-hw-mul/libc.a(lib_a-findfp.o)
                0x000000000101fed4                __sinit_lock_release
 .text.__fp_lock_all
                0x000000000101fed8       0x14 /home/efesxzc/intelFPGA_lite/19.1/nios2eds/bin/gnu/H-x86_64-pc-linux-gnu/bin/../lib/gcc/nios2-elf/8.3.1/../../../../../H-x86_64-pc-linux-gnu/nios2-elf/lib/mno-hw-mul/libc.a(lib_a-findfp.o)
                0x000000000101fed8                __fp_lock_all
 .text.__fp_unlock_all
                0x000000000101feec       0x14 /home/efesxzc/intelFPGA_lite/19.1/nios2eds/bin/gnu/H-x86_64-pc-linux-gnu/bin/../lib/gcc/nios2-elf/8.3.1/../../../../../H-x86_64-pc-linux-gnu/nios2-elf/lib/mno-hw-mul/libc.a(lib_a-findfp.o)
                0x000000000101feec                __fp_unlock_all
 .text          0x000000000101ff00        0x0 /home/efesxzc/intelFPGA_lite/19.1/nios2eds/bin/gnu/H-x86_64-pc-linux-gnu/bin/../lib/gcc/nios2-elf/8.3.1/../../../../../H-x86_64-pc-linux-gnu/nios2-elf/lib/mno-hw-mul/libc.a(lib_a-freer.o)
 .text._malloc_trim_r
                0x000000000101ff00      0x11c /home/efesxzc/intelFPGA_lite/19.1/nios2eds/bin/gnu/H-x86_64-pc-linux-gnu/bin/../lib/gcc/nios2-elf/8.3.1/../../../../../H-x86_64-pc-linux-gnu/nios2-elf/lib/mno-hw-mul/libc.a(lib_a-freer.o)
                0x000000000101ff00                _malloc_trim_r
 .text._free_r  0x000000000102001c      0x2fc /home/efesxzc/intelFPGA_lite/19.1/nios2eds/bin/gnu/H-x86_64-pc-linux-gnu/bin/../lib/gcc/nios2-elf/8.3.1/../../../../../H-x86_64-pc-linux-gnu/nios2-elf/lib/mno-hw-mul/libc.a(lib_a-freer.o)
                0x000000000102001c                _free_r
 .text          0x0000000001020318        0x0 /home/efesxzc/intelFPGA_lite/19.1/nios2eds/bin/gnu/H-x86_64-pc-linux-gnu/bin/../lib/gcc/nios2-elf/8.3.1/../../../../../H-x86_64-pc-linux-gnu/nios2-elf/lib/mno-hw-mul/libc.a(lib_a-fvwrite.o)
 .text.__sfvwrite_r
                0x0000000001020318      0x4d4 /home/efesxzc/intelFPGA_lite/19.1/nios2eds/bin/gnu/H-x86_64-pc-linux-gnu/bin/../lib/gcc/nios2-elf/8.3.1/../../../../../H-x86_64-pc-linux-gnu/nios2-elf/lib/mno-hw-mul/libc.a(lib_a-fvwrite.o)
                0x0000000001020318                __sfvwrite_r
 .text          0x00000000010207ec        0x0 /home/efesxzc/intelFPGA_lite/19.1/nios2eds/bin/gnu/H-x86_64-pc-linux-gnu/bin/../lib/gcc/nios2-elf/8.3.1/../../../../../H-x86_64-pc-linux-gnu/nios2-elf/lib/mno-hw-mul/libc.a(lib_a-fwalk.o)
 .text._fwalk   0x00000000010207ec       0xa4 /home/efesxzc/intelFPGA_lite/19.1/nios2eds/bin/gnu/H-x86_64-pc-linux-gnu/bin/../lib/gcc/nios2-elf/8.3.1/../../../../../H-x86_64-pc-linux-gnu/nios2-elf/lib/mno-hw-mul/libc.a(lib_a-fwalk.o)
                0x00000000010207ec                _fwalk
 .text._fwalk_reent
                0x0000000001020890       0xb4 /home/efesxzc/intelFPGA_lite/19.1/nios2eds/bin/gnu/H-x86_64-pc-linux-gnu/bin/../lib/gcc/nios2-elf/8.3.1/../../../../../H-x86_64-pc-linux-gnu/nios2-elf/lib/mno-hw-mul/libc.a(lib_a-fwalk.o)
                0x0000000001020890                _fwalk_reent
 .text          0x0000000001020944        0x0 /home/efesxzc/intelFPGA_lite/19.1/nios2eds/bin/gnu/H-x86_64-pc-linux-gnu/bin/../lib/gcc/nios2-elf/8.3.1/../../../../../H-x86_64-pc-linux-gnu/nios2-elf/lib/mno-hw-mul/libc.a(lib_a-impure.o)
 .text          0x0000000001020944        0x0 /home/efesxzc/intelFPGA_lite/19.1/nios2eds/bin/gnu/H-x86_64-pc-linux-gnu/bin/../lib/gcc/nios2-elf/8.3.1/../../../../../H-x86_64-pc-linux-gnu/nios2-elf/lib/mno-hw-mul/libc.a(lib_a-localeconv.o)
 .text.__localeconv_l
                0x0000000001020944        0x8 /home/efesxzc/intelFPGA_lite/19.1/nios2eds/bin/gnu/H-x86_64-pc-linux-gnu/bin/../lib/gcc/nios2-elf/8.3.1/../../../../../H-x86_64-pc-linux-gnu/nios2-elf/lib/mno-hw-mul/libc.a(lib_a-localeconv.o)
                0x0000000001020944                __localeconv_l
 .text._localeconv_r
                0x000000000102094c        0xc /home/efesxzc/intelFPGA_lite/19.1/nios2eds/bin/gnu/H-x86_64-pc-linux-gnu/bin/../lib/gcc/nios2-elf/8.3.1/../../../../../H-x86_64-pc-linux-gnu/nios2-elf/lib/mno-hw-mul/libc.a(lib_a-localeconv.o)
                0x000000000102094c                _localeconv_r
 .text.localeconv
                0x0000000001020958        0xc /home/efesxzc/intelFPGA_lite/19.1/nios2eds/bin/gnu/H-x86_64-pc-linux-gnu/bin/../lib/gcc/nios2-elf/8.3.1/../../../../../H-x86_64-pc-linux-gnu/nios2-elf/lib/mno-hw-mul/libc.a(lib_a-localeconv.o)
                0x0000000001020958                localeconv
 .text          0x0000000001020964        0x0 /home/efesxzc/intelFPGA_lite/19.1/nios2eds/bin/gnu/H-x86_64-pc-linux-gnu/bin/../lib/gcc/nios2-elf/8.3.1/../../../../../H-x86_64-pc-linux-gnu/nios2-elf/lib/mno-hw-mul/libc.a(lib_a-makebuf.o)
 .text.__swhatbuf_r
                0x0000000001020964       0x98 /home/efesxzc/intelFPGA_lite/19.1/nios2eds/bin/gnu/H-x86_64-pc-linux-gnu/bin/../lib/gcc/nios2-elf/8.3.1/../../../../../H-x86_64-pc-linux-gnu/nios2-elf/lib/mno-hw-mul/libc.a(lib_a-makebuf.o)
                0x0000000001020964                __swhatbuf_r
 .text.__smakebuf_r
                0x00000000010209fc      0x13c /home/efesxzc/intelFPGA_lite/19.1/nios2eds/bin/gnu/H-x86_64-pc-linux-gnu/bin/../lib/gcc/nios2-elf/8.3.1/../../../../../H-x86_64-pc-linux-gnu/nios2-elf/lib/mno-hw-mul/libc.a(lib_a-makebuf.o)
                0x00000000010209fc                __smakebuf_r
 .text          0x0000000001020b38        0x0 /home/efesxzc/intelFPGA_lite/19.1/nios2eds/bin/gnu/H-x86_64-pc-linux-gnu/bin/../lib/gcc/nios2-elf/8.3.1/../../../../../H-x86_64-pc-linux-gnu/nios2-elf/lib/mno-hw-mul/libc.a(lib_a-mallocr.o)
 .text._malloc_r
                0x0000000001020b38      0x7f4 /home/efesxzc/intelFPGA_lite/19.1/nios2eds/bin/gnu/H-x86_64-pc-linux-gnu/bin/../lib/gcc/nios2-elf/8.3.1/../../../../../H-x86_64-pc-linux-gnu/nios2-elf/lib/mno-hw-mul/libc.a(lib_a-mallocr.o)
                0x0000000001020b38                _malloc_r
 .text          0x000000000102132c        0x0 /home/efesxzc/intelFPGA_lite/19.1/nios2eds/bin/gnu/H-x86_64-pc-linux-gnu/bin/../lib/gcc/nios2-elf/8.3.1/../../../../../H-x86_64-pc-linux-gnu/nios2-elf/lib/mno-hw-mul/libc.a(lib_a-memchr.o)
 .text.memchr   0x000000000102132c       0xe8 /home/efesxzc/intelFPGA_lite/19.1/nios2eds/bin/gnu/H-x86_64-pc-linux-gnu/bin/../lib/gcc/nios2-elf/8.3.1/../../../../../H-x86_64-pc-linux-gnu/nios2-elf/lib/mno-hw-mul/libc.a(lib_a-memchr.o)
                0x000000000102132c                memchr
 .text          0x0000000001021414        0x0 /home/efesxzc/intelFPGA_lite/19.1/nios2eds/bin/gnu/H-x86_64-pc-linux-gnu/bin/../lib/gcc/nios2-elf/8.3.1/../../../../../H-x86_64-pc-linux-gnu/nios2-elf/lib/mno-hw-mul/libc.a(lib_a-mprec.o)
 .text._Balloc  0x0000000001021414       0xa4 /home/efesxzc/intelFPGA_lite/19.1/nios2eds/bin/gnu/H-x86_64-pc-linux-gnu/bin/../lib/gcc/nios2-elf/8.3.1/../../../../../H-x86_64-pc-linux-gnu/nios2-elf/lib/mno-hw-mul/libc.a(lib_a-mprec.o)
                0x0000000001021414                _Balloc
 .text._Bfree   0x00000000010214b8       0x24 /home/efesxzc/intelFPGA_lite/19.1/nios2eds/bin/gnu/H-x86_64-pc-linux-gnu/bin/../lib/gcc/nios2-elf/8.3.1/../../../../../H-x86_64-pc-linux-gnu/nios2-elf/lib/mno-hw-mul/libc.a(lib_a-mprec.o)
                0x00000000010214b8                _Bfree
 .text.__multadd
                0x00000000010214dc      0x13c /home/efesxzc/intelFPGA_lite/19.1/nios2eds/bin/gnu/H-x86_64-pc-linux-gnu/bin/../lib/gcc/nios2-elf/8.3.1/../../../../../H-x86_64-pc-linux-gnu/nios2-elf/lib/mno-hw-mul/libc.a(lib_a-mprec.o)
                0x00000000010214dc                __multadd
 .text.__s2b    0x0000000001021618      0x110 /home/efesxzc/intelFPGA_lite/19.1/nios2eds/bin/gnu/H-x86_64-pc-linux-gnu/bin/../lib/gcc/nios2-elf/8.3.1/../../../../../H-x86_64-pc-linux-gnu/nios2-elf/lib/mno-hw-mul/libc.a(lib_a-mprec.o)
                0x0000000001021618                __s2b
 .text.__hi0bits
                0x0000000001021728       0x64 /home/efesxzc/intelFPGA_lite/19.1/nios2eds/bin/gnu/H-x86_64-pc-linux-gnu/bin/../lib/gcc/nios2-elf/8.3.1/../../../../../H-x86_64-pc-linux-gnu/nios2-elf/lib/mno-hw-mul/libc.a(lib_a-mprec.o)
                0x0000000001021728                __hi0bits
 .text.__lo0bits
                0x000000000102178c       0xb0 /home/efesxzc/intelFPGA_lite/19.1/nios2eds/bin/gnu/H-x86_64-pc-linux-gnu/bin/../lib/gcc/nios2-elf/8.3.1/../../../../../H-x86_64-pc-linux-gnu/nios2-elf/lib/mno-hw-mul/libc.a(lib_a-mprec.o)
                0x000000000102178c                __lo0bits
 .text.__i2b    0x000000000102183c       0x34 /home/efesxzc/intelFPGA_lite/19.1/nios2eds/bin/gnu/H-x86_64-pc-linux-gnu/bin/../lib/gcc/nios2-elf/8.3.1/../../../../../H-x86_64-pc-linux-gnu/nios2-elf/lib/mno-hw-mul/libc.a(lib_a-mprec.o)
                0x000000000102183c                __i2b
 .text.__multiply
                0x0000000001021870      0x240 /home/efesxzc/intelFPGA_lite/19.1/nios2eds/bin/gnu/H-x86_64-pc-linux-gnu/bin/../lib/gcc/nios2-elf/8.3.1/../../../../../H-x86_64-pc-linux-gnu/nios2-elf/lib/mno-hw-mul/libc.a(lib_a-mprec.o)
                0x0000000001021870                __multiply
 .text.__pow5mult
                0x0000000001021ab0      0x128 /home/efesxzc/intelFPGA_lite/19.1/nios2eds/bin/gnu/H-x86_64-pc-linux-gnu/bin/../lib/gcc/nios2-elf/8.3.1/../../../../../H-x86_64-pc-linux-gnu/nios2-elf/lib/mno-hw-mul/libc.a(lib_a-mprec.o)
                0x0000000001021ab0                __pow5mult
 .text.__lshift
                0x0000000001021bd8      0x13c /home/efesxzc/intelFPGA_lite/19.1/nios2eds/bin/gnu/H-x86_64-pc-linux-gnu/bin/../lib/gcc/nios2-elf/8.3.1/../../../../../H-x86_64-pc-linux-gnu/nios2-elf/lib/mno-hw-mul/libc.a(lib_a-mprec.o)
                0x0000000001021bd8                __lshift
 .text.__mcmp   0x0000000001021d14       0x58 /home/efesxzc/intelFPGA_lite/19.1/nios2eds/bin/gnu/H-x86_64-pc-linux-gnu/bin/../lib/gcc/nios2-elf/8.3.1/../../../../../H-x86_64-pc-linux-gnu/nios2-elf/lib/mno-hw-mul/libc.a(lib_a-mprec.o)
                0x0000000001021d14                __mcmp
 .text.__mdiff  0x0000000001021d6c      0x1bc /home/efesxzc/intelFPGA_lite/19.1/nios2eds/bin/gnu/H-x86_64-pc-linux-gnu/bin/../lib/gcc/nios2-elf/8.3.1/../../../../../H-x86_64-pc-linux-gnu/nios2-elf/lib/mno-hw-mul/libc.a(lib_a-mprec.o)
                0x0000000001021d6c                __mdiff
 .text.__ulp    0x0000000001021f28       0x5c /home/efesxzc/intelFPGA_lite/19.1/nios2eds/bin/gnu/H-x86_64-pc-linux-gnu/bin/../lib/gcc/nios2-elf/8.3.1/../../../../../H-x86_64-pc-linux-gnu/nios2-elf/lib/mno-hw-mul/libc.a(lib_a-mprec.o)
                0x0000000001021f28                __ulp
 .text.__b2d    0x0000000001021f84      0x104 /home/efesxzc/intelFPGA_lite/19.1/nios2eds/bin/gnu/H-x86_64-pc-linux-gnu/bin/../lib/gcc/nios2-elf/8.3.1/../../../../../H-x86_64-pc-linux-gnu/nios2-elf/lib/mno-hw-mul/libc.a(lib_a-mprec.o)
                0x0000000001021f84                __b2d
 .text.__d2b    0x0000000001022088      0x148 /home/efesxzc/intelFPGA_lite/19.1/nios2eds/bin/gnu/H-x86_64-pc-linux-gnu/bin/../lib/gcc/nios2-elf/8.3.1/../../../../../H-x86_64-pc-linux-gnu/nios2-elf/lib/mno-hw-mul/libc.a(lib_a-mprec.o)
                0x0000000001022088                __d2b
 .text.__ratio  0x00000000010221d0       0xa4 /home/efesxzc/intelFPGA_lite/19.1/nios2eds/bin/gnu/H-x86_64-pc-linux-gnu/bin/../lib/gcc/nios2-elf/8.3.1/../../../../../H-x86_64-pc-linux-gnu/nios2-elf/lib/mno-hw-mul/libc.a(lib_a-mprec.o)
                0x00000000010221d0                __ratio
 .text._mprec_log10
                0x0000000001022274       0x74 /home/efesxzc/intelFPGA_lite/19.1/nios2eds/bin/gnu/H-x86_64-pc-linux-gnu/bin/../lib/gcc/nios2-elf/8.3.1/../../../../../H-x86_64-pc-linux-gnu/nios2-elf/lib/mno-hw-mul/libc.a(lib_a-mprec.o)
                0x0000000001022274                _mprec_log10
 .text.__copybits
                0x00000000010222e8       0x6c /home/efesxzc/intelFPGA_lite/19.1/nios2eds/bin/gnu/H-x86_64-pc-linux-gnu/bin/../lib/gcc/nios2-elf/8.3.1/../../../../../H-x86_64-pc-linux-gnu/nios2-elf/lib/mno-hw-mul/libc.a(lib_a-mprec.o)
                0x00000000010222e8                __copybits
 .text.__any_on
                0x0000000001022354       0x74 /home/efesxzc/intelFPGA_lite/19.1/nios2eds/bin/gnu/H-x86_64-pc-linux-gnu/bin/../lib/gcc/nios2-elf/8.3.1/../../../../../H-x86_64-pc-linux-gnu/nios2-elf/lib/mno-hw-mul/libc.a(lib_a-mprec.o)
                0x0000000001022354                __any_on
 .text          0x00000000010223c8        0x0 /home/efesxzc/intelFPGA_lite/19.1/nios2eds/bin/gnu/H-x86_64-pc-linux-gnu/bin/../lib/gcc/nios2-elf/8.3.1/../../../../../H-x86_64-pc-linux-gnu/nios2-elf/lib/mno-hw-mul/libc.a(lib_a-reallocr.o)
 .text._realloc_r
                0x00000000010223c8      0x62c /home/efesxzc/intelFPGA_lite/19.1/nios2eds/bin/gnu/H-x86_64-pc-linux-gnu/bin/../lib/gcc/nios2-elf/8.3.1/../../../../../H-x86_64-pc-linux-gnu/nios2-elf/lib/mno-hw-mul/libc.a(lib_a-reallocr.o)
                0x00000000010223c8                _realloc_r
 .text          0x00000000010229f4        0x0 /home/efesxzc/intelFPGA_lite/19.1/nios2eds/bin/gnu/H-x86_64-pc-linux-gnu/bin/../lib/gcc/nios2-elf/8.3.1/../../../../../H-x86_64-pc-linux-gnu/nios2-elf/lib/mno-hw-mul/libc.a(lib_a-sbrkr.o)
 .text._sbrk_r  0x00000000010229f4       0x58 /home/efesxzc/intelFPGA_lite/19.1/nios2eds/bin/gnu/H-x86_64-pc-linux-gnu/bin/../lib/gcc/nios2-elf/8.3.1/../../../../../H-x86_64-pc-linux-gnu/nios2-elf/lib/mno-hw-mul/libc.a(lib_a-sbrkr.o)
                0x00000000010229f4                _sbrk_r
 .text          0x0000000001022a4c        0x0 /home/efesxzc/intelFPGA_lite/19.1/nios2eds/bin/gnu/H-x86_64-pc-linux-gnu/bin/../lib/gcc/nios2-elf/8.3.1/../../../../../H-x86_64-pc-linux-gnu/nios2-elf/lib/mno-hw-mul/libc.a(lib_a-stdio.o)
 .text.__sread  0x0000000001022a4c       0x54 /home/efesxzc/intelFPGA_lite/19.1/nios2eds/bin/gnu/H-x86_64-pc-linux-gnu/bin/../lib/gcc/nios2-elf/8.3.1/../../../../../H-x86_64-pc-linux-gnu/nios2-elf/lib/mno-hw-mul/libc.a(lib_a-stdio.o)
                0x0000000001022a4c                __sread
 .text.__seofread
                0x0000000001022aa0        0x8 /home/efesxzc/intelFPGA_lite/19.1/nios2eds/bin/gnu/H-x86_64-pc-linux-gnu/bin/../lib/gcc/nios2-elf/8.3.1/../../../../../H-x86_64-pc-linux-gnu/nios2-elf/lib/mno-hw-mul/libc.a(lib_a-stdio.o)
                0x0000000001022aa0                __seofread
 .text.__swrite
                0x0000000001022aa8       0x80 /home/efesxzc/intelFPGA_lite/19.1/nios2eds/bin/gnu/H-x86_64-pc-linux-gnu/bin/../lib/gcc/nios2-elf/8.3.1/../../../../../H-x86_64-pc-linux-gnu/nios2-elf/lib/mno-hw-mul/libc.a(lib_a-stdio.o)
                0x0000000001022aa8                __swrite
 .text.__sseek  0x0000000001022b28       0x5c /home/efesxzc/intelFPGA_lite/19.1/nios2eds/bin/gnu/H-x86_64-pc-linux-gnu/bin/../lib/gcc/nios2-elf/8.3.1/../../../../../H-x86_64-pc-linux-gnu/nios2-elf/lib/mno-hw-mul/libc.a(lib_a-stdio.o)
                0x0000000001022b28                __sseek
 .text.__sclose
                0x0000000001022b84        0x8 /home/efesxzc/intelFPGA_lite/19.1/nios2eds/bin/gnu/H-x86_64-pc-linux-gnu/bin/../lib/gcc/nios2-elf/8.3.1/../../../../../H-x86_64-pc-linux-gnu/nios2-elf/lib/mno-hw-mul/libc.a(lib_a-stdio.o)
                0x0000000001022b84                __sclose
 .text          0x0000000001022b8c        0x0 /home/efesxzc/intelFPGA_lite/19.1/nios2eds/bin/gnu/H-x86_64-pc-linux-gnu/bin/../lib/gcc/nios2-elf/8.3.1/../../../../../H-x86_64-pc-linux-gnu/nios2-elf/lib/mno-hw-mul/libc.a(lib_a-strchr.o)
 .text.strchr   0x0000000001022b8c      0x164 /home/efesxzc/intelFPGA_lite/19.1/nios2eds/bin/gnu/H-x86_64-pc-linux-gnu/bin/../lib/gcc/nios2-elf/8.3.1/../../../../../H-x86_64-pc-linux-gnu/nios2-elf/lib/mno-hw-mul/libc.a(lib_a-strchr.o)
                0x0000000001022b8c                strchr
 .text          0x0000000001022cf0        0x0 /home/efesxzc/intelFPGA_lite/19.1/nios2eds/bin/gnu/H-x86_64-pc-linux-gnu/bin/../lib/gcc/nios2-elf/8.3.1/../../../../../H-x86_64-pc-linux-gnu/nios2-elf/lib/mno-hw-mul/libc.a(lib_a-strnlen.o)
 .text.strnlen  0x0000000001022cf0       0x40 /home/efesxzc/intelFPGA_lite/19.1/nios2eds/bin/gnu/H-x86_64-pc-linux-gnu/bin/../lib/gcc/nios2-elf/8.3.1/../../../../../H-x86_64-pc-linux-gnu/nios2-elf/lib/mno-hw-mul/libc.a(lib_a-strnlen.o)
                0x0000000001022cf0                strnlen
 .text          0x0000000001022d30        0x0 /home/efesxzc/intelFPGA_lite/19.1/nios2eds/bin/gnu/H-x86_64-pc-linux-gnu/bin/../lib/gcc/nios2-elf/8.3.1/../../../../../H-x86_64-pc-linux-gnu/nios2-elf/lib/mno-hw-mul/libc.a(lib_a-svfiprintf.o)
 .text.__ssprint_r
                0x0000000001022d30      0x1c4 /home/efesxzc/intelFPGA_lite/19.1/nios2eds/bin/gnu/H-x86_64-pc-linux-gnu/bin/../lib/gcc/nios2-elf/8.3.1/../../../../../H-x86_64-pc-linux-gnu/nios2-elf/lib/mno-hw-mul/libc.a(lib_a-svfiprintf.o)
                0x0000000001022d30                __ssprint_r
 .text.___svfiprintf_internal_r
                0x0000000001022ef4     0x1138 /home/efesxzc/intelFPGA_lite/19.1/nios2eds/bin/gnu/H-x86_64-pc-linux-gnu/bin/../lib/gcc/nios2-elf/8.3.1/../../../../../H-x86_64-pc-linux-gnu/nios2-elf/lib/mno-hw-mul/libc.a(lib_a-svfiprintf.o)
                0x0000000001022ef4                ___svfiprintf_internal_r
 .text          0x000000000102402c        0x0 /home/efesxzc/intelFPGA_lite/19.1/nios2eds/bin/gnu/H-x86_64-pc-linux-gnu/bin/../lib/gcc/nios2-elf/8.3.1/../../../../../H-x86_64-pc-linux-gnu/nios2-elf/lib/mno-hw-mul/libc.a(lib_a-vfiprintf.o)
 .text.__sprint_r.part.0
                0x000000000102402c       0xf4 /home/efesxzc/intelFPGA_lite/19.1/nios2eds/bin/gnu/H-x86_64-pc-linux-gnu/bin/../lib/gcc/nios2-elf/8.3.1/../../../../../H-x86_64-pc-linux-gnu/nios2-elf/lib/mno-hw-mul/libc.a(lib_a-vfiprintf.o)
 .text.__sprint_r
                0x0000000001024120       0x18 /home/efesxzc/intelFPGA_lite/19.1/nios2eds/bin/gnu/H-x86_64-pc-linux-gnu/bin/../lib/gcc/nios2-elf/8.3.1/../../../../../H-x86_64-pc-linux-gnu/nios2-elf/lib/mno-hw-mul/libc.a(lib_a-vfiprintf.o)
                0x0000000001024120                __sprint_r
 .text.___vfiprintf_internal_r
                0x0000000001024138     0x133c /home/efesxzc/intelFPGA_lite/19.1/nios2eds/bin/gnu/H-x86_64-pc-linux-gnu/bin/../lib/gcc/nios2-elf/8.3.1/../../../../../H-x86_64-pc-linux-gnu/nios2-elf/lib/mno-hw-mul/libc.a(lib_a-vfiprintf.o)
                0x0000000001024138                ___vfiprintf_internal_r
 .text.__vfiprintf_internal
                0x0000000001025474       0x18 /home/efesxzc/intelFPGA_lite/19.1/nios2eds/bin/gnu/H-x86_64-pc-linux-gnu/bin/../lib/gcc/nios2-elf/8.3.1/../../../../../H-x86_64-pc-linux-gnu/nios2-elf/lib/mno-hw-mul/libc.a(lib_a-vfiprintf.o)
                0x0000000001025474                __vfiprintf_internal
 .text.__sbprintf
                0x000000000102548c       0xc0 /home/efesxzc/intelFPGA_lite/19.1/nios2eds/bin/gnu/H-x86_64-pc-linux-gnu/bin/../lib/gcc/nios2-elf/8.3.1/../../../../../H-x86_64-pc-linux-gnu/nios2-elf/lib/mno-hw-mul/libc.a(lib_a-vfiprintf.o)
 .text          0x000000000102554c        0x0 /home/efesxzc/intelFPGA_lite/19.1/nios2eds/bin/gnu/H-x86_64-pc-linux-gnu/bin/../lib/gcc/nios2-elf/8.3.1/../../../../../H-x86_64-pc-linux-gnu/nios2-elf/lib/mno-hw-mul/libc.a(lib_a-writer.o)
 .text._write_r
                0x000000000102554c       0x64 /home/efesxzc/intelFPGA_lite/19.1/nios2eds/bin/gnu/H-x86_64-pc-linux-gnu/bin/../lib/gcc/nios2-elf/8.3.1/../../../../../H-x86_64-pc-linux-gnu/nios2-elf/lib/mno-hw-mul/libc.a(lib_a-writer.o)
                0x000000000102554c                _write_r
 .text          0x00000000010255b0        0x0 /home/efesxzc/intelFPGA_lite/19.1/nios2eds/bin/gnu/H-x86_64-pc-linux-gnu/bin/../lib/gcc/nios2-elf/8.3.1/../../../../../H-x86_64-pc-linux-gnu/nios2-elf/lib/mno-hw-mul/libc.a(closer.o)
 .text._close_r
                0x00000000010255b0       0x58 /home/efesxzc/intelFPGA_lite/19.1/nios2eds/bin/gnu/H-x86_64-pc-linux-gnu/bin/../lib/gcc/nios2-elf/8.3.1/../../../../../H-x86_64-pc-linux-gnu/nios2-elf/lib/mno-hw-mul/libc.a(closer.o)
                0x00000000010255b0                _close_r
 .text          0x0000000001025608        0x0 /home/efesxzc/intelFPGA_lite/19.1/nios2eds/bin/gnu/H-x86_64-pc-linux-gnu/bin/../lib/gcc/nios2-elf/8.3.1/../../../../../H-x86_64-pc-linux-gnu/nios2-elf/lib/mno-hw-mul/libc.a(lib_a-callocr.o)
 .text._calloc_r
                0x0000000001025608       0xcc /home/efesxzc/intelFPGA_lite/19.1/nios2eds/bin/gnu/H-x86_64-pc-linux-gnu/bin/../lib/gcc/nios2-elf/8.3.1/../../../../../H-x86_64-pc-linux-gnu/nios2-elf/lib/mno-hw-mul/libc.a(lib_a-callocr.o)
                0x0000000001025608                _calloc_r
 .text          0x00000000010256d4        0x0 /home/efesxzc/intelFPGA_lite/19.1/nios2eds/bin/gnu/H-x86_64-pc-linux-gnu/bin/../lib/gcc/nios2-elf/8.3.1/../../../../../H-x86_64-pc-linux-gnu/nios2-elf/lib/mno-hw-mul/libc.a(lib_a-fclose.o)
 .text._fclose_r
                0x00000000010256d4       0xf8 /home/efesxzc/intelFPGA_lite/19.1/nios2eds/bin/gnu/H-x86_64-pc-linux-gnu/bin/../lib/gcc/nios2-elf/8.3.1/../../../../../H-x86_64-pc-linux-gnu/nios2-elf/lib/mno-hw-mul/libc.a(lib_a-fclose.o)
                0x00000000010256d4                _fclose_r
 .text.fclose   0x00000000010257cc       0x10 /home/efesxzc/intelFPGA_lite/19.1/nios2eds/bin/gnu/H-x86_64-pc-linux-gnu/bin/../lib/gcc/nios2-elf/8.3.1/../../../../../H-x86_64-pc-linux-gnu/nios2-elf/lib/mno-hw-mul/libc.a(lib_a-fclose.o)
                0x00000000010257cc                fclose
 .text          0x00000000010257dc        0x0 /home/efesxzc/intelFPGA_lite/19.1/nios2eds/bin/gnu/H-x86_64-pc-linux-gnu/bin/../lib/gcc/nios2-elf/8.3.1/../../../../../H-x86_64-pc-linux-gnu/nios2-elf/lib/mno-hw-mul/libc.a(lib_a-fputwc.o)
 .text.__fputwc
                0x00000000010257dc      0x150 /home/efesxzc/intelFPGA_lite/19.1/nios2eds/bin/gnu/H-x86_64-pc-linux-gnu/bin/../lib/gcc/nios2-elf/8.3.1/../../../../../H-x86_64-pc-linux-gnu/nios2-elf/lib/mno-hw-mul/libc.a(lib_a-fputwc.o)
                0x00000000010257dc                __fputwc
 .text._fputwc_r
                0x000000000102592c       0x24 /home/efesxzc/intelFPGA_lite/19.1/nios2eds/bin/gnu/H-x86_64-pc-linux-gnu/bin/../lib/gcc/nios2-elf/8.3.1/../../../../../H-x86_64-pc-linux-gnu/nios2-elf/lib/mno-hw-mul/libc.a(lib_a-fputwc.o)
                0x000000000102592c                _fputwc_r
 .text.fputwc   0x0000000001025950       0x7c /home/efesxzc/intelFPGA_lite/19.1/nios2eds/bin/gnu/H-x86_64-pc-linux-gnu/bin/../lib/gcc/nios2-elf/8.3.1/../../../../../H-x86_64-pc-linux-gnu/nios2-elf/lib/mno-hw-mul/libc.a(lib_a-fputwc.o)
                0x0000000001025950                fputwc
 .text          0x00000000010259cc        0x0 /home/efesxzc/intelFPGA_lite/19.1/nios2eds/bin/gnu/H-x86_64-pc-linux-gnu/bin/../lib/gcc/nios2-elf/8.3.1/../../../../../H-x86_64-pc-linux-gnu/nios2-elf/lib/mno-hw-mul/libc.a(lib_a-fstatr.o)
 .text._fstat_r
                0x00000000010259cc       0x60 /home/efesxzc/intelFPGA_lite/19.1/nios2eds/bin/gnu/H-x86_64-pc-linux-gnu/bin/../lib/gcc/nios2-elf/8.3.1/../../../../../H-x86_64-pc-linux-gnu/nios2-elf/lib/mno-hw-mul/libc.a(lib_a-fstatr.o)
                0x00000000010259cc                _fstat_r
 .text          0x0000000001025a2c        0x0 /home/efesxzc/intelFPGA_lite/19.1/nios2eds/bin/gnu/H-x86_64-pc-linux-gnu/bin/../lib/gcc/nios2-elf/8.3.1/../../../../../H-x86_64-pc-linux-gnu/nios2-elf/lib/mno-hw-mul/libc.a(lib_a-int_errno.o)
 .text          0x0000000001025a2c        0x0 /home/efesxzc/intelFPGA_lite/19.1/nios2eds/bin/gnu/H-x86_64-pc-linux-gnu/bin/../lib/gcc/nios2-elf/8.3.1/../../../../../H-x86_64-pc-linux-gnu/nios2-elf/lib/mno-hw-mul/libc.a(lib_a-isattyr.o)
 .text._isatty_r
                0x0000000001025a2c       0x58 /home/efesxzc/intelFPGA_lite/19.1/nios2eds/bin/gnu/H-x86_64-pc-linux-gnu/bin/../lib/gcc/nios2-elf/8.3.1/../../../../../H-x86_64-pc-linux-gnu/nios2-elf/lib/mno-hw-mul/libc.a(lib_a-isattyr.o)
                0x0000000001025a2c                _isatty_r
 .text          0x0000000001025a84        0x0 /home/efesxzc/intelFPGA_lite/19.1/nios2eds/bin/gnu/H-x86_64-pc-linux-gnu/bin/../lib/gcc/nios2-elf/8.3.1/../../../../../H-x86_64-pc-linux-gnu/nios2-elf/lib/mno-hw-mul/libc.a(lib_a-locale.o)
 .text._setlocale_r
                0x0000000001025a84       0x70 /home/efesxzc/intelFPGA_lite/19.1/nios2eds/bin/gnu/H-x86_64-pc-linux-gnu/bin/../lib/gcc/nios2-elf/8.3.1/../../../../../H-x86_64-pc-linux-gnu/nios2-elf/lib/mno-hw-mul/libc.a(lib_a-locale.o)
                0x0000000001025a84                _setlocale_r
 .text.__locale_mb_cur_max
                0x0000000001025af4        0xc /home/efesxzc/intelFPGA_lite/19.1/nios2eds/bin/gnu/H-x86_64-pc-linux-gnu/bin/../lib/gcc/nios2-elf/8.3.1/../../../../../H-x86_64-pc-linux-gnu/nios2-elf/lib/mno-hw-mul/libc.a(lib_a-locale.o)
                0x0000000001025af4                __locale_mb_cur_max
 .text.setlocale
                0x0000000001025b00       0x14 /home/efesxzc/intelFPGA_lite/19.1/nios2eds/bin/gnu/H-x86_64-pc-linux-gnu/bin/../lib/gcc/nios2-elf/8.3.1/../../../../../H-x86_64-pc-linux-gnu/nios2-elf/lib/mno-hw-mul/libc.a(lib_a-locale.o)
                0x0000000001025b00                setlocale
 .text          0x0000000001025b14        0x0 /home/efesxzc/intelFPGA_lite/19.1/nios2eds/bin/gnu/H-x86_64-pc-linux-gnu/bin/../lib/gcc/nios2-elf/8.3.1/../../../../../H-x86_64-pc-linux-gnu/nios2-elf/lib/mno-hw-mul/libc.a(lib_a-lseekr.o)
 .text._lseek_r
                0x0000000001025b14       0x64 /home/efesxzc/intelFPGA_lite/19.1/nios2eds/bin/gnu/H-x86_64-pc-linux-gnu/bin/../lib/gcc/nios2-elf/8.3.1/../../../../../H-x86_64-pc-linux-gnu/nios2-elf/lib/mno-hw-mul/libc.a(lib_a-lseekr.o)
                0x0000000001025b14                _lseek_r
 .text          0x0000000001025b78        0x0 /home/efesxzc/intelFPGA_lite/19.1/nios2eds/bin/gnu/H-x86_64-pc-linux-gnu/bin/../lib/gcc/nios2-elf/8.3.1/../../../../../H-x86_64-pc-linux-gnu/nios2-elf/lib/mno-hw-mul/libc.a(lib_a-mbtowc_r.o)
 .text._mbtowc_r
                0x0000000001025b78        0xc /home/efesxzc/intelFPGA_lite/19.1/nios2eds/bin/gnu/H-x86_64-pc-linux-gnu/bin/../lib/gcc/nios2-elf/8.3.1/../../../../../H-x86_64-pc-linux-gnu/nios2-elf/lib/mno-hw-mul/libc.a(lib_a-mbtowc_r.o)
                0x0000000001025b78                _mbtowc_r
 .text.__ascii_mbtowc
                0x0000000001025b84       0x44 /home/efesxzc/intelFPGA_lite/19.1/nios2eds/bin/gnu/H-x86_64-pc-linux-gnu/bin/../lib/gcc/nios2-elf/8.3.1/../../../../../H-x86_64-pc-linux-gnu/nios2-elf/lib/mno-hw-mul/libc.a(lib_a-mbtowc_r.o)
                0x0000000001025b84                __ascii_mbtowc
 .text          0x0000000001025bc8        0x0 /home/efesxzc/intelFPGA_lite/19.1/nios2eds/bin/gnu/H-x86_64-pc-linux-gnu/bin/../lib/gcc/nios2-elf/8.3.1/../../../../../H-x86_64-pc-linux-gnu/nios2-elf/lib/mno-hw-mul/libc.a(lib_a-readr.o)
 .text._read_r  0x0000000001025bc8       0x64 /home/efesxzc/intelFPGA_lite/19.1/nios2eds/bin/gnu/H-x86_64-pc-linux-gnu/bin/../lib/gcc/nios2-elf/8.3.1/../../../../../H-x86_64-pc-linux-gnu/nios2-elf/lib/mno-hw-mul/libc.a(lib_a-readr.o)
                0x0000000001025bc8                _read_r
 .text          0x0000000001025c2c        0x0 /home/efesxzc/intelFPGA_lite/19.1/nios2eds/bin/gnu/H-x86_64-pc-linux-gnu/bin/../lib/gcc/nios2-elf/8.3.1/../../../../../H-x86_64-pc-linux-gnu/nios2-elf/lib/mno-hw-mul/libc.a(lib_a-strcmp.o)
 .text.strcmp   0x0000000001025c2c       0xd8 /home/efesxzc/intelFPGA_lite/19.1/nios2eds/bin/gnu/H-x86_64-pc-linux-gnu/bin/../lib/gcc/nios2-elf/8.3.1/../../../../../H-x86_64-pc-linux-gnu/nios2-elf/lib/mno-hw-mul/libc.a(lib_a-strcmp.o)
                0x0000000001025c2c                strcmp
 .text          0x0000000001025d04        0x0 /home/efesxzc/intelFPGA_lite/19.1/nios2eds/bin/gnu/H-x86_64-pc-linux-gnu/bin/../lib/gcc/nios2-elf/8.3.1/../../../../../H-x86_64-pc-linux-gnu/nios2-elf/lib/mno-hw-mul/libc.a(lib_a-wbuf.o)
 .text.__swbuf_r
                0x0000000001025d04      0x148 /home/efesxzc/intelFPGA_lite/19.1/nios2eds/bin/gnu/H-x86_64-pc-linux-gnu/bin/../lib/gcc/nios2-elf/8.3.1/../../../../../H-x86_64-pc-linux-gnu/nios2-elf/lib/mno-hw-mul/libc.a(lib_a-wbuf.o)
                0x0000000001025d04                __swbuf_r
 .text.__swbuf  0x0000000001025e4c       0x14 /home/efesxzc/intelFPGA_lite/19.1/nios2eds/bin/gnu/H-x86_64-pc-linux-gnu/bin/../lib/gcc/nios2-elf/8.3.1/../../../../../H-x86_64-pc-linux-gnu/nios2-elf/lib/mno-hw-mul/libc.a(lib_a-wbuf.o)
                0x0000000001025e4c                __swbuf
 .text          0x0000000001025e60        0x0 /home/efesxzc/intelFPGA_lite/19.1/nios2eds/bin/gnu/H-x86_64-pc-linux-gnu/bin/../lib/gcc/nios2-elf/8.3.1/../../../../../H-x86_64-pc-linux-gnu/nios2-elf/lib/mno-hw-mul/libc.a(lib_a-wcrtomb.o)
 .text._wcrtomb_r
                0x0000000001025e60       0x6c /home/efesxzc/intelFPGA_lite/19.1/nios2eds/bin/gnu/H-x86_64-pc-linux-gnu/bin/../lib/gcc/nios2-elf/8.3.1/../../../../../H-x86_64-pc-linux-gnu/nios2-elf/lib/mno-hw-mul/libc.a(lib_a-wcrtomb.o)
                0x0000000001025e60                _wcrtomb_r
 .text.wcrtomb  0x0000000001025ecc       0x84 /home/efesxzc/intelFPGA_lite/19.1/nios2eds/bin/gnu/H-x86_64-pc-linux-gnu/bin/../lib/gcc/nios2-elf/8.3.1/../../../../../H-x86_64-pc-linux-gnu/nios2-elf/lib/mno-hw-mul/libc.a(lib_a-wcrtomb.o)
                0x0000000001025ecc                wcrtomb
 .text          0x0000000001025f50        0x0 /home/efesxzc/intelFPGA_lite/19.1/nios2eds/bin/gnu/H-x86_64-pc-linux-gnu/bin/../lib/gcc/nios2-elf/8.3.1/../../../../../H-x86_64-pc-linux-gnu/nios2-elf/lib/mno-hw-mul/libc.a(lib_a-wctomb_r.o)
 .text._wctomb_r
                0x0000000001025f50        0xc /home/efesxzc/intelFPGA_lite/19.1/nios2eds/bin/gnu/H-x86_64-pc-linux-gnu/bin/../lib/gcc/nios2-elf/8.3.1/../../../../../H-x86_64-pc-linux-gnu/nios2-elf/lib/mno-hw-mul/libc.a(lib_a-wctomb_r.o)
                0x0000000001025f50                _wctomb_r
 .text.__ascii_wctomb
                0x0000000001025f5c       0x30 /home/efesxzc/intelFPGA_lite/19.1/nios2eds/bin/gnu/H-x86_64-pc-linux-gnu/bin/../lib/gcc/nios2-elf/8.3.1/../../../../../H-x86_64-pc-linux-gnu/nios2-elf/lib/mno-hw-mul/libc.a(lib_a-wctomb_r.o)
                0x0000000001025f5c                __ascii_wctomb
 .text          0x0000000001025f8c      0x108 /home/efesxzc/intelFPGA_lite/19.1/nios2eds/bin/gnu/H-x86_64-pc-linux-gnu/bin/../lib/gcc/nios2-elf/8.3.1/mno-hw-mul/libgcc.a(_muldi3.o)
                0x0000000001025f8c                __muldi3
 .text          0x0000000001026094      0x61c /home/efesxzc/intelFPGA_lite/19.1/nios2eds/bin/gnu/H-x86_64-pc-linux-gnu/bin/../lib/gcc/nios2-elf/8.3.1/mno-hw-mul/libgcc.a(_udivdi3.o)
                0x0000000001026094                __udivdi3
 .text          0x00000000010266b0      0x5c8 /home/efesxzc/intelFPGA_lite/19.1/nios2eds/bin/gnu/H-x86_64-pc-linux-gnu/bin/../lib/gcc/nios2-elf/8.3.1/mno-hw-mul/libgcc.a(_umoddi3.o)
                0x00000000010266b0                __umoddi3
 .text          0x0000000001026c78      0x9a0 /home/efesxzc/intelFPGA_lite/19.1/nios2eds/bin/gnu/H-x86_64-pc-linux-gnu/bin/../lib/gcc/nios2-elf/8.3.1/mno-hw-mul/libgcc.a(adddf3.o)
                0x0000000001026c78                __adddf3
 .text          0x0000000001027618      0x964 /home/efesxzc/intelFPGA_lite/19.1/nios2eds/bin/gnu/H-x86_64-pc-linux-gnu/bin/../lib/gcc/nios2-elf/8.3.1/mno-hw-mul/libgcc.a(divdf3.o)
                0x0000000001027618                __divdf3
 .text          0x0000000001027f7c       0x80 /home/efesxzc/intelFPGA_lite/19.1/nios2eds/bin/gnu/H-x86_64-pc-linux-gnu/bin/../lib/gcc/nios2-elf/8.3.1/mno-hw-mul/libgcc.a(eqdf2.o)
                0x0000000001027f7c                __eqdf2
                0x0000000001027f7c                __nedf2
 .text          0x0000000001027ffc       0xf0 /home/efesxzc/intelFPGA_lite/19.1/nios2eds/bin/gnu/H-x86_64-pc-linux-gnu/bin/../lib/gcc/nios2-elf/8.3.1/mno-hw-mul/libgcc.a(gedf2.o)
                0x0000000001027ffc                __gtdf2
                0x0000000001027ffc                __gedf2
 .text          0x00000000010280ec       0xf0 /home/efesxzc/intelFPGA_lite/19.1/nios2eds/bin/gnu/H-x86_64-pc-linux-gnu/bin/../lib/gcc/nios2-elf/8.3.1/mno-hw-mul/libgcc.a(ledf2.o)
                0x00000000010280ec                __ltdf2
                0x00000000010280ec                __ledf2
 .text          0x00000000010281dc      0x7e0 /home/efesxzc/intelFPGA_lite/19.1/nios2eds/bin/gnu/H-x86_64-pc-linux-gnu/bin/../lib/gcc/nios2-elf/8.3.1/mno-hw-mul/libgcc.a(muldf3.o)
                0x00000000010281dc                __muldf3
 .text          0x00000000010289bc      0x96c /home/efesxzc/intelFPGA_lite/19.1/nios2eds/bin/gnu/H-x86_64-pc-linux-gnu/bin/../lib/gcc/nios2-elf/8.3.1/mno-hw-mul/libgcc.a(subdf3.o)
                0x00000000010289bc                __subdf3
 .text          0x0000000001029328       0x54 /home/efesxzc/intelFPGA_lite/19.1/nios2eds/bin/gnu/H-x86_64-pc-linux-gnu/bin/../lib/gcc/nios2-elf/8.3.1/mno-hw-mul/libgcc.a(unorddf2.o)
                0x0000000001029328                __unorddf2
 .text          0x000000000102937c       0x80 /home/efesxzc/intelFPGA_lite/19.1/nios2eds/bin/gnu/H-x86_64-pc-linux-gnu/bin/../lib/gcc/nios2-elf/8.3.1/mno-hw-mul/libgcc.a(fixdfsi.o)
                0x000000000102937c                __fixdfsi
 .text          0x00000000010293fc       0xc8 /home/efesxzc/intelFPGA_lite/19.1/nios2eds/bin/gnu/H-x86_64-pc-linux-gnu/bin/../lib/gcc/nios2-elf/8.3.1/mno-hw-mul/libgcc.a(floatsidf.o)
                0x00000000010293fc                __floatsidf
 .text          0x00000000010294c4       0x9c /home/efesxzc/intelFPGA_lite/19.1/nios2eds/bin/gnu/H-x86_64-pc-linux-gnu/bin/../lib/gcc/nios2-elf/8.3.1/mno-hw-mul/libgcc.a(floatunsidf.o)
                0x00000000010294c4                __floatunsidf
 .text          0x0000000001029560        0x0 /home/efesxzc/intelFPGA_lite/19.1/nios2eds/bin/gnu/H-x86_64-pc-linux-gnu/bin/../lib/gcc/nios2-elf/8.3.1/mno-hw-mul/libgcc.a(_clz.o)
 .text          0x0000000001029560       0x54 /home/efesxzc/intelFPGA_lite/19.1/nios2eds/bin/gnu/H-x86_64-pc-linux-gnu/bin/../lib/gcc/nios2-elf/8.3.1/mno-hw-mul/libgcc.a(_clzsi2.o)
                0x0000000001029560                __clzsi2
 .text          0x00000000010295b4      0x118 ../civ_002_bsp//libhal_bsp.a(alt_close.o)
                0x00000000010295f0                close
 .text          0x00000000010296cc       0x2c ../civ_002_bsp//libhal_bsp.a(alt_dev.o)
 .text          0x00000000010296f8        0x0 ../civ_002_bsp//libhal_bsp.a(alt_errno.o)
 .text          0x00000000010296f8       0xf8 ../civ_002_bsp//libhal_bsp.a(alt_fstat.o)
                0x0000000001029734                fstat
 .text          0x00000000010297f0        0x0 ../civ_002_bsp//libhal_bsp.a(alt_irq_handler.o)
 .text          0x00000000010297f0        0x0 ../civ_002_bsp//libhal_bsp.a(alt_irq_vars.o)
 .text          0x00000000010297f0       0xec ../civ_002_bsp//libhal_bsp.a(alt_isatty.o)
                0x000000000102982c                isatty
 .text          0x00000000010298dc       0xec ../civ_002_bsp//libhal_bsp.a(alt_load.o)
                0x0000000001029944                alt_load
 .text          0x00000000010299c8      0x11c ../civ_002_bsp//libhal_bsp.a(alt_lseek.o)
                0x0000000001029a04                lseek
 .text          0x0000000001029ae4       0x60 ../civ_002_bsp//libhal_bsp.a(alt_main.o)
                0x0000000001029ae4                alt_main
 .text          0x0000000001029b44       0x48 ../civ_002_bsp//libhal_bsp.a(alt_malloc_lock.o)
                0x0000000001029b44                __malloc_lock
                0x0000000001029b68                __malloc_unlock
 .text          0x0000000001029b8c      0x144 ../civ_002_bsp//libhal_bsp.a(alt_read.o)
                0x0000000001029bc8                read
 .text          0x0000000001029cd0       0x70 ../civ_002_bsp//libhal_bsp.a(alt_release_fd.o)
                0x0000000001029cd0                alt_release_fd
 .text          0x0000000001029d40       0xb0 ../civ_002_bsp//libhal_bsp.a(alt_sbrk.o)
                0x0000000001029d40                sbrk
 .text          0x0000000001029df0      0x140 ../civ_002_bsp//libhal_bsp.a(alt_write.o)
                0x0000000001029e2c                write
 .text          0x0000000001029f30       0x94 ../civ_002_bsp//libhal_bsp.a(alt_sys_init.o)
                0x0000000001029f30                alt_irq_init
                0x0000000001029f68                alt_sys_init
 .text          0x0000000001029fc4     0x1bfc ../civ_002_bsp//libhal_bsp.a(altera_avalon_i2c.o)
                0x000000000102a0d4                alt_avalon_i2c_register_optional_irq_handler
                0x000000000102a1c0                alt_avalon_i2c_register_callback
                0x000000000102a214                alt_avalon_i2c_init
                0x000000000102a2d4                alt_avalon_i2c_open
                0x000000000102a314                alt_avalon_i2c_enable
                0x000000000102a3ac                alt_avalon_i2c_disable
                0x000000000102a3f8                alt_avalon_i2c_master_config_get
                0x000000000102a4a8                alt_avalon_i2c_master_config_set
                0x000000000102a574                alt_avalon_i2c_master_config_speed_get
                0x000000000102a608                alt_avalon_i2c_master_config_speed_set
                0x000000000102a704                alt_avalon_i2c_is_busy
                0x000000000102a748                alt_avalon_i2c_rx_read_available
                0x000000000102a7f4                alt_avalon_i2c_rx_read
                0x000000000102a89c                alt_avalon_i2c_cmd_write
                0x000000000102a988                alt_avalon_i2c_send_address
                0x000000000102aa78                alt_avalon_i2c_master_target_get
                0x000000000102aab0                alt_avalon_i2c_master_target_set
                0x000000000102aae4                alt_avalon_i2c_check_nack
                0x000000000102ab30                alt_avalon_i2c_check_arblost
                0x000000000102ab7c                alt_avalon_i2c_interrupt_transaction_status
                0x000000000102acb8                alt_avalon_i2c_master_tx
                0x000000000102ada0                alt_avalon_i2c_master_rx
                0x000000000102aedc                alt_avalon_i2c_master_tx_rx
                0x000000000102b0a4                alt_avalon_i2c_master_transmit
                0x000000000102b264                alt_avalon_i2c_master_transmit_using_interrupts
                0x000000000102b470                alt_avalon_i2c_master_receive
                0x000000000102b680                alt_avalon_i2c_master_receive_using_interrupts
                0x000000000102b870                alt_avalon_i2c_int_status_get
                0x000000000102b8c8                alt_avalon_i2c_int_raw_status_get
                0x000000000102b90c                alt_avalon_i2c_int_clear
                0x000000000102b948                alt_avalon_i2c_int_disable
                0x000000000102b9b4                alt_avalon_i2c_int_enable
                0x000000000102ba1c                alt_avalon_i2c_enabled_ints_get
                0x000000000102ba60                alt_avalon_i2c_rx_fifo_threshold_get
                0x000000000102baac                alt_avalon_i2c_rx_fifo_threshold_set
                0x000000000102bb10                alt_avalon_i2c_tfr_cmd_fifo_threshold_get
                0x000000000102bb5c                alt_avalon_i2c_tfr_cmd_fifo_threshold_set
 .text          0x000000000102bbc0      0x1fc ../civ_002_bsp//libhal_bsp.a(altera_avalon_spi.o)
                0x000000000102bbc0                alt_avalon_spi_command
 .text          0x000000000102bdbc       0xf0 ../civ_002_bsp//libhal_bsp.a(altera_avalon_timer_sc.o)
                0x000000000102be38                alt_avalon_timer_sc_init
 .text          0x000000000102beac      0x158 ../civ_002_bsp//libhal_bsp.a(alt_busy_sleep.o)
                0x000000000102beac                alt_busy_sleep
 .text          0x000000000102c004       0x20 ../civ_002_bsp//libhal_bsp.a(alt_dcache_flush_all.o)
                0x000000000102c004                alt_dcache_flush_all
 .text          0x000000000102c024       0xe0 ../civ_002_bsp//libhal_bsp.a(alt_dev_llist_insert.o)
                0x000000000102c060                alt_dev_llist_insert
 .text          0x000000000102c104       0x60 ../civ_002_bsp//libhal_bsp.a(alt_do_ctors.o)
                0x000000000102c104                _do_ctors
 .text          0x000000000102c164       0x60 ../civ_002_bsp//libhal_bsp.a(alt_do_dtors.o)
                0x000000000102c164                _do_dtors
 .text          0x000000000102c1c4       0x90 ../civ_002_bsp//libhal_bsp.a(alt_find_dev.o)
                0x000000000102c1c4                alt_find_dev
 .text          0x000000000102c254       0x20 ../civ_002_bsp//libhal_bsp.a(alt_icache_flush_all.o)
                0x000000000102c254                alt_icache_flush_all
 .text          0x000000000102c274      0x22c ../civ_002_bsp//libhal_bsp.a(alt_printf.o)
                0x000000000102c274                alt_printf
 .text          0x000000000102c4a0       0x30 ../civ_002_bsp//libhal_bsp.a(alt_putchar.o)
                0x000000000102c4a0                alt_putchar
 .text          0x000000000102c4d0      0x1a4 ../civ_002_bsp//libhal_bsp.a(alt_tick.o)
                0x000000000102c4d0                alt_alarm_stop
                0x000000000102c56c                alt_tick
 .text          0x000000000102c674       0x24 ../civ_002_bsp//libhal_bsp.a(altera_nios2_gen2_irq.o)
                0x000000000102c674                altera_nios2_gen2_irq_init
 .text          0x000000000102c698        0x0 /home/efesxzc/intelFPGA_lite/19.1/nios2eds/bin/gnu/H-x86_64-pc-linux-gnu/bin/../lib/gcc/nios2-elf/8.3.1/../../../../../H-x86_64-pc-linux-gnu/nios2-elf/lib/mno-hw-mul/libc.a(lib_a-atexit.o)
 .text.atexit   0x000000000102c698       0x14 /home/efesxzc/intelFPGA_lite/19.1/nios2eds/bin/gnu/H-x86_64-pc-linux-gnu/bin/../lib/gcc/nios2-elf/8.3.1/../../../../../H-x86_64-pc-linux-gnu/nios2-elf/lib/mno-hw-mul/libc.a(lib_a-atexit.o)
                0x000000000102c698                atexit
 .text          0x000000000102c6ac        0x0 /home/efesxzc/intelFPGA_lite/19.1/nios2eds/bin/gnu/H-x86_64-pc-linux-gnu/bin/../lib/gcc/nios2-elf/8.3.1/../../../../../H-x86_64-pc-linux-gnu/nios2-elf/lib/mno-hw-mul/libc.a(lib_a-exit.o)
 .text.exit     0x000000000102c6ac       0x34 /home/efesxzc/intelFPGA_lite/19.1/nios2eds/bin/gnu/H-x86_64-pc-linux-gnu/bin/../lib/gcc/nios2-elf/8.3.1/../../../../../H-x86_64-pc-linux-gnu/nios2-elf/lib/mno-hw-mul/libc.a(lib_a-exit.o)
                0x000000000102c6ac                exit
 .text          0x000000000102c6e0        0x0 /home/efesxzc/intelFPGA_lite/19.1/nios2eds/bin/gnu/H-x86_64-pc-linux-gnu/bin/../lib/gcc/nios2-elf/8.3.1/../../../../../H-x86_64-pc-linux-gnu/nios2-elf/lib/mno-hw-mul/libc.a(lib_a-putchar.o)
 .text._putchar_r
                0x000000000102c6e0        0x8 /home/efesxzc/intelFPGA_lite/19.1/nios2eds/bin/gnu/H-x86_64-pc-linux-gnu/bin/../lib/gcc/nios2-elf/8.3.1/../../../../../H-x86_64-pc-linux-gnu/nios2-elf/lib/mno-hw-mul/libc.a(lib_a-putchar.o)
                0x000000000102c6e0                _putchar_r
 .text.putchar  0x000000000102c6e8       0x18 /home/efesxzc/intelFPGA_lite/19.1/nios2eds/bin/gnu/H-x86_64-pc-linux-gnu/bin/../lib/gcc/nios2-elf/8.3.1/../../../../../H-x86_64-pc-linux-gnu/nios2-elf/lib/mno-hw-mul/libc.a(lib_a-putchar.o)
                0x000000000102c6e8                putchar
 .text          0x000000000102c700        0x0 /home/efesxzc/intelFPGA_lite/19.1/nios2eds/bin/gnu/H-x86_64-pc-linux-gnu/bin/../lib/gcc/nios2-elf/8.3.1/../../../../../H-x86_64-pc-linux-gnu/nios2-elf/lib/mno-hw-mul/libc.a(lib_a-__atexit.o)
 .text.__register_exitproc
                0x000000000102c700       0x90 /home/efesxzc/intelFPGA_lite/19.1/nios2eds/bin/gnu/H-x86_64-pc-linux-gnu/bin/../lib/gcc/nios2-elf/8.3.1/../../../../../H-x86_64-pc-linux-gnu/nios2-elf/lib/mno-hw-mul/libc.a(lib_a-__atexit.o)
                0x000000000102c700                __register_exitproc
 .text          0x000000000102c790        0x0 /home/efesxzc/intelFPGA_lite/19.1/nios2eds/bin/gnu/H-x86_64-pc-linux-gnu/bin/../lib/gcc/nios2-elf/8.3.1/../../../../../H-x86_64-pc-linux-gnu/nios2-elf/lib/mno-hw-mul/libc.a(lib_a-__call_atexit.o)
 .text.__call_exitprocs
                0x000000000102c790      0x118 /home/efesxzc/intelFPGA_lite/19.1/nios2eds/bin/gnu/H-x86_64-pc-linux-gnu/bin/../lib/gcc/nios2-elf/8.3.1/../../../../../H-x86_64-pc-linux-gnu/nios2-elf/lib/mno-hw-mul/libc.a(lib_a-__call_atexit.o)
                0x000000000102c790                __call_exitprocs
 .text          0x000000000102c8a8        0x0 /home/efesxzc/intelFPGA_lite/19.1/nios2eds/bin/gnu/H-x86_64-pc-linux-gnu/bin/../lib/gcc/nios2-elf/8.3.1/../../../../../H-x86_64-pc-linux-gnu/nios2-elf/lib/mno-hw-mul/libc.a(lib_a-putc.o)